Archive member included to satisfy reference by file (symbol)

C:/Users/ntan/git/BlinkyLED04/BlinkyLED04_mainapp_psoc6pdl/Debug/libBlinkyLED04_mainapp_psoc6pdl.a(cy_syslib_gcc.o)
                              ./psoc6sw-1.0/components/psoc6pdl/devices/psoc6/startup/system_psoc6_cm4.o (Cy_SysLib_EnterCriticalSection)
C:/Users/ntan/git/BlinkyLED04/BlinkyLED04_mainapp_psoc6pdl/Debug/libBlinkyLED04_mainapp_psoc6pdl.a(cy_device.o)
                              ./psoc6sw-1.0/components/psoc6pdl/devices/psoc6/startup/system_psoc6_cm4.o (Cy_PDL_Init)
C:/Users/ntan/git/BlinkyLED04/BlinkyLED04_mainapp_psoc6pdl/Debug/libBlinkyLED04_mainapp_psoc6pdl.a(cy_flash.o)
                              ./psoc6sw-1.0/components/psoc6pdl/devices/psoc6/startup/system_psoc6_cm4.o (Cy_Flash_Init)
C:/Users/ntan/git/BlinkyLED04/BlinkyLED04_mainapp_psoc6pdl/Debug/libBlinkyLED04_mainapp_psoc6pdl.a(cy_gpio.o)
                              ./BlinkyLED04_config/GeneratedSource/cycfg_pins.o (Cy_GPIO_Pin_Init)
C:/Users/ntan/git/BlinkyLED04/BlinkyLED04_mainapp_psoc6pdl/Debug/libBlinkyLED04_mainapp_psoc6pdl.a(cy_ipc_drv.o)
                              C:/Users/ntan/git/BlinkyLED04/BlinkyLED04_mainapp_psoc6pdl/Debug/libBlinkyLED04_mainapp_psoc6pdl.a(cy_flash.o) (Cy_IPC_Drv_SendMsgWord)
C:/Users/ntan/git/BlinkyLED04/BlinkyLED04_mainapp_psoc6pdl/Debug/libBlinkyLED04_mainapp_psoc6pdl.a(cy_ipc_pipe.o)
                              ./psoc6sw-1.0/components/psoc6pdl/devices/psoc6/startup/system_psoc6_cm4.o (Cy_IPC_Pipe_Config)
C:/Users/ntan/git/BlinkyLED04/BlinkyLED04_mainapp_psoc6pdl/Debug/libBlinkyLED04_mainapp_psoc6pdl.a(cy_ipc_sema.o)
                              ./psoc6sw-1.0/components/psoc6pdl/devices/psoc6/startup/system_psoc6_cm4.o (Cy_IPC_Sema_Init)
C:/Users/ntan/git/BlinkyLED04/BlinkyLED04_mainapp_psoc6pdl/Debug/libBlinkyLED04_mainapp_psoc6pdl.a(cy_sysclk.o)
                              ./BlinkyLED04_config/GeneratedSource/cycfg_platform.o (Cy_SysClk_ClkPathSetSource)
C:/Users/ntan/git/BlinkyLED04/BlinkyLED04_mainapp_psoc6pdl/Debug/libBlinkyLED04_mainapp_psoc6pdl.a(cy_sysint.o)
                              C:/Users/ntan/git/BlinkyLED04/BlinkyLED04_mainapp_psoc6pdl/Debug/libBlinkyLED04_mainapp_psoc6pdl.a(cy_flash.o) (Cy_SysInt_Init)
C:/Users/ntan/git/BlinkyLED04/BlinkyLED04_mainapp_psoc6pdl/Debug/libBlinkyLED04_mainapp_psoc6pdl.a(cy_syslib.o)
                              ./Source/main.o (Cy_SysLib_Delay)
C:/Users/ntan/git/BlinkyLED04/BlinkyLED04_mainapp_psoc6pdl/Debug/libBlinkyLED04_mainapp_psoc6pdl.a(cy_syspm.o)
                              ./BlinkyLED04_config/GeneratedSource/cycfg_platform.o (Cy_SysPm_LdoSetVoltage)
C:/Users/ntan/git/BlinkyLED04/BlinkyLED04_mainapp_psoc6pdl/Debug/libBlinkyLED04_mainapp_psoc6pdl.a(cy_prot.o)
                              C:/Users/ntan/git/BlinkyLED04/BlinkyLED04_mainapp_psoc6pdl/Debug/libBlinkyLED04_mainapp_psoc6pdl.a(cy_syspm.o) (Cy_Prot_GetActivePC)
c:/users/ntan/modustoolbox_1.0/tools/gcc-7.2.1-1.0/bin/../lib/gcc/arm-none-eabi/7.2.1/thumb/v7e-m/fpv4-sp/softfp\libgcc.a(_arm_addsubdf3.o)
                              C:/Users/ntan/git/BlinkyLED04/BlinkyLED04_mainapp_psoc6pdl/Debug/libBlinkyLED04_mainapp_psoc6pdl.a(cy_sysclk.o) (__aeabi_f2d)
c:/users/ntan/modustoolbox_1.0/tools/gcc-7.2.1-1.0/bin/../lib/gcc/arm-none-eabi/7.2.1/thumb/v7e-m/fpv4-sp/softfp\libgcc.a(_arm_muldivdf3.o)
                              C:/Users/ntan/git/BlinkyLED04/BlinkyLED04_mainapp_psoc6pdl/Debug/libBlinkyLED04_mainapp_psoc6pdl.a(cy_sysclk.o) (__aeabi_ddiv)
c:/users/ntan/modustoolbox_1.0/tools/gcc-7.2.1-1.0/bin/../lib/gcc/arm-none-eabi/7.2.1/thumb/v7e-m/fpv4-sp/softfp\libgcc.a(_arm_fixunsdfsi.o)
                              C:/Users/ntan/git/BlinkyLED04/BlinkyLED04_mainapp_psoc6pdl/Debug/libBlinkyLED04_mainapp_psoc6pdl.a(cy_sysclk.o) (__aeabi_d2uiz)
c:/users/ntan/modustoolbox_1.0/tools/gcc-7.2.1-1.0/bin/../lib/gcc/arm-none-eabi/7.2.1/thumb/v7e-m/fpv4-sp/softfp\libgcc.a(_arm_truncdfsf2.o)
                              C:/Users/ntan/git/BlinkyLED04/BlinkyLED04_mainapp_psoc6pdl/Debug/libBlinkyLED04_mainapp_psoc6pdl.a(cy_sysclk.o) (__aeabi_d2f)
c:/users/ntan/modustoolbox_1.0/tools/gcc-7.2.1-1.0/bin/../lib/gcc/arm-none-eabi/7.2.1/thumb/v7e-m/fpv4-sp/softfp\libgcc.a(_aeabi_uldivmod.o)
                              C:/Users/ntan/git/BlinkyLED04/BlinkyLED04_mainapp_psoc6pdl/Debug/libBlinkyLED04_mainapp_psoc6pdl.a(cy_sysclk.o) (__aeabi_uldivmod)
c:/users/ntan/modustoolbox_1.0/tools/gcc-7.2.1-1.0/bin/../lib/gcc/arm-none-eabi/7.2.1/thumb/v7e-m/fpv4-sp/softfp\libgcc.a(_udivmoddi4.o)
                              c:/users/ntan/modustoolbox_1.0/tools/gcc-7.2.1-1.0/bin/../lib/gcc/arm-none-eabi/7.2.1/thumb/v7e-m/fpv4-sp/softfp\libgcc.a(_aeabi_uldivmod.o) (__udivmoddi4)
c:/users/ntan/modustoolbox_1.0/tools/gcc-7.2.1-1.0/bin/../lib/gcc/arm-none-eabi/7.2.1/thumb/v7e-m/fpv4-sp/softfp\libgcc.a(_dvmd_tls.o)
[...]
Memory Configuration

Name             Origin             Length             Attributes
ram              0x08024000         0x00023800         xrw
flash            0x10080000         0x00080000         xr
em_eeprom        0x14000000         0x00008000         xr
sflash_user_data 0x16000800         0x00000800         xr
sflash_nar       0x16001a00         0x00000200         xr
sflash_public_key 0x16005a00         0x00000c00         xr
sflash_toc_2     0x16007c00         0x00000200         xr
sflash_rtoc_2    0x16007e00         0x00000200         xr
xip              0x18000000         0x08000000         xr
efuse            0x90700000         0x00100000         r
*default*        0x00000000         0xffffffff

Linker script and memory map

LOAD c:/users/ntan/modustoolbox_1.0/tools/gcc-7.2.1-1.0/bin/../lib/gcc/arm-none-eabi/7.2.1/thumb/v7e-m/fpv4-sp/softfp/crti.o
LOAD c:/users/ntan/modustoolbox_1.0/tools/gcc-7.2.1-1.0/bin/../lib/gcc/arm-none-eabi/7.2.1/thumb/v7e-m/fpv4-sp/softfp/crtbegin.o
LOAD c:/users/ntan/modustoolbox_1.0/tools/gcc-7.2.1-1.0/bin/../lib/gcc/arm-none-eabi/7.2.1/../../../../arm-none-eabi/lib/thumb/v7e-m/fpv4-sp/softfp/crt0.o
START GROUP
LOAD ./psoc6sw-1.0/components/psoc6pdl/devices/psoc6/startup/gcc/startup_psoc6_01_cm4.o
LOAD ./psoc6sw-1.0/components/psoc6pdl/devices/psoc6/startup/system_psoc6_cm4.o
LOAD ./Source/main.o
LOAD ./BlinkyLED04_config/GeneratedSource/cycfg.o
LOAD ./BlinkyLED04_config/GeneratedSource/cycfg_connectivity.o
LOAD ./BlinkyLED04_config/GeneratedSource/cycfg_pins.o
LOAD ./BlinkyLED04_config/GeneratedSource/cycfg_platform.o
LOAD C:/Users/ntan/git/BlinkyLED04/BlinkyLED04_mainapp_psoc6pdl/Debug/libBlinkyLED04_mainapp_psoc6pdl.a
END GROUP
START GROUP
LOAD c:/users/ntan/modustoolbox_1.0/tools/gcc-7.2.1-1.0/bin/../lib/gcc/arm-none-eabi/7.2.1/thumb/v7e-m/fpv4-sp/softfp\libgcc.a
LOAD c:/users/ntan/modustoolbox_1.0/tools/gcc-7.2.1-1.0/bin/../lib/gcc/arm-none-eabi/7.2.1/../../../../arm-none-eabi/lib/thumb/v7e-m/fpv4-sp/softfp\libg_nano.a
LOAD c:/users/ntan/modustoolbox_1.0/tools/gcc-7.2.1-1.0/bin/../lib/gcc/arm-none-eabi/7.2.1/../../../../arm-none-eabi/lib/thumb/v7e-m/fpv4-sp/softfp\libc_nano.a
END GROUP
START GROUP
LOAD c:/users/ntan/modustoolbox_1.0/tools/gcc-7.2.1-1.0/bin/../lib/gcc/arm-none-eabi/7.2.1/thumb/v7e-m/fpv4-sp/softfp\libgcc.a
LOAD c:/users/ntan/modustoolbox_1.0/tools/gcc-7.2.1-1.0/bin/../lib/gcc/arm-none-eabi/7.2.1/../../../../arm-none-eabi/lib/thumb/v7e-m/fpv4-sp/softfp\libc_nano.a
END GROUP
LOAD c:/users/ntan/modustoolbox_1.0/tools/gcc-7.2.1-1.0/bin/../lib/gcc/arm-none-eabi/7.2.1/thumb/v7e-m/fpv4-sp/softfp/crtend.o
LOAD c:/users/ntan/modustoolbox_1.0/tools/gcc-7.2.1-1.0/bin/../lib/gcc/arm-none-eabi/7.2.1/thumb/v7e-m/fpv4-sp/softfp/crtn.o
START GROUP
LOAD c:/users/ntan/modustoolbox_1.0/tools/gcc-7.2.1-1.0/bin/../lib/gcc/arm-none-eabi/7.2.1/thumb/v7e-m/fpv4-sp/softfp\libgcc.a
LOAD c:/users/ntan/modustoolbox_1.0/tools/gcc-7.2.1-1.0/bin/../lib/gcc/arm-none-eabi/7.2.1/../../../../arm-none-eabi/lib/thumb/v7e-m/fpv4-sp/softfp\libc.a
LOAD c:/users/ntan/modustoolbox_1.0/tools/gcc-7.2.1-1.0/bin/../lib/gcc/arm-none-eabi/7.2.1/../../../../arm-none-eabi/lib/thumb/v7e-m/fpv4-sp/softfp\libnosys.a
END GROUP
START GROUP
LOAD c:/users/ntan/modustoolbox_1.0/tools/gcc-7.2.1-1.0/bin/../lib/gcc/arm-none-eabi/7.2.1/thumb/v7e-m/fpv4-sp/softfp\libgcc.a
LOAD c:/users/ntan/modustoolbox_1.0/tools/gcc-7.2.1-1.0/bin/../lib/gcc/arm-none-eabi/7.2.1/../../../../arm-none-eabi/lib/thumb/v7e-m/fpv4-sp/softfp\libc.a
LOAD c:/users/ntan/modustoolbox_1.0/tools/gcc-7.2.1-1.0/bin/../lib/gcc/arm-none-eabi/7.2.1/../../../../arm-none-eabi/lib/thumb/v7e-m/fpv4-sp/softfp\libm.a
LOAD c:/users/ntan/modustoolbox_1.0/tools/gcc-7.2.1-1.0/bin/../lib/gcc/arm-none-eabi/7.2.1/../../../../arm-none-eabi/lib/thumb/v7e-m/fpv4-sp/softfp\libnosys.a
END GROUP

.text           0x10080000     0x2274
                0x10080000                . = ALIGN (0x4)
                0x10080000                __Vectors = .
 *(.vectors)
 .vectors       0x10080000      0x28c ./psoc6sw-1.0/components/psoc6pdl/devices/psoc6/startup/gcc/startup_psoc6_01_cm4.o
                0x1008028c                . = ALIGN (0x4)
                0x1008028c                __Vectors_End = .
                0x0000028c                __Vectors_Size = (__Vectors_End - __Vectors)
                0x1008028c                __end__ = .
                0x1008028c                . = ALIGN (0x4)
 *(.text*)
 .text          0x1008028c       0x40 c:/users/ntan/modustoolbox_1.0/tools/gcc-7.2.1-1.0/bin/../lib/gcc/arm-none-eabi/7.2.1/thumb/v7e-m/fpv4-sp/softfp/crtbegin.o
 .text          0x100802cc       0x84 ./psoc6sw-1.0/components/psoc6pdl/devices/psoc6/startup/gcc/startup_psoc6_01_cm4.o
                0x100802cc                Cy_OnResetUser
                0x100802ce                Reset_Handler
                0x10080330                cpuss_interrupts_ipc_6_IRQHandler
                0x10080330                DebugMon_Handler
                0x10080330                tcpwm_1_interrupts_11_IRQHandler
                0x10080330                cpuss_interrupts_ipc_0_IRQHandler
                0x10080330                tcpwm_1_interrupts_15_IRQHandler
                0x10080330                ioss_interrupts_gpio_13_IRQHandler
                0x10080330                tcpwm_1_interrupts_13_IRQHandler
                0x10080330                cpuss_interrupts_dw1_8_IRQHandler
                0x10080330                tcpwm_0_interrupts_0_IRQHandler
                0x10080330                SysTick_Handler
                0x10080330                cpuss_interrupt_fm_IRQHandler
                0x10080330                cpuss_interrupts_ipc_7_IRQHandler
                0x10080330                tcpwm_1_interrupts_14_IRQHandler
                0x10080330                cpuss_interrupts_dw0_5_IRQHandler
                0x10080330                tcpwm_1_interrupts_9_IRQHandler
                0x10080330                cpuss_interrupts_cm0_cti_1_IRQHandler
                0x10080330                tcpwm_1_interrupts_22_IRQHandler
                0x10080330                cpuss_interrupts_dw0_4_IRQHandler
                0x10080330                PendSV_Handler
                0x10080330                NMI_Handler
                0x10080330                cpuss_interrupts_dw1_12_IRQHandler
                0x10080330                tcpwm_1_interrupts_12_IRQHandler
                0x10080330                smif_interrupt_IRQHandler
                0x10080330                tcpwm_1_interrupts_2_IRQHandler
                0x10080330                cpuss_interrupts_ipc_13_IRQHandler
                0x10080330                udb_interrupts_11_IRQHandler
                0x10080330                tcpwm_1_interrupts_18_IRQHandler
                0x10080330                cpuss_interrupts_dw0_11_IRQHandler
                0x10080330                tcpwm_0_interrupts_2_IRQHandler
                0x10080330                cpuss_interrupts_dw0_13_IRQHandler
                0x10080330                udb_interrupts_2_IRQHandler
                0x10080330                cpuss_interrupts_dw1_7_IRQHandler
                0x10080330                ioss_interrupts_gpio_1_IRQHandler
                0x10080330                ioss_interrupts_gpio_7_IRQHandler
                0x10080330                scb_5_interrupt_IRQHandler
                0x10080330                udb_interrupts_6_IRQHandler
                0x10080330                cpuss_interrupts_fault_1_IRQHandler
                0x10080330                cpuss_interrupts_ipc_4_IRQHandler
                0x10080330                cpuss_interrupts_ipc_5_IRQHandler
                0x10080330                cpuss_interrupts_dw1_10_IRQHandler
                0x10080330                udb_interrupts_0_IRQHandler
                0x10080330                tcpwm_1_interrupts_6_IRQHandler
                0x10080330                scb_4_interrupt_IRQHandler
                0x10080330                pass_interrupt_dacs_IRQHandler
                0x10080330                ioss_interrupts_gpio_2_IRQHandler
                0x10080330                cpuss_interrupts_dw1_9_IRQHandler
                0x10080330                cpuss_interrupts_dw1_13_IRQHandler
                0x10080330                scb_2_interrupt_IRQHandler
                0x10080330                cpuss_interrupts_cm0_cti_0_IRQHandler
                0x10080330                udb_interrupts_5_IRQHandler
                0x10080330                srss_interrupt_IRQHandler
                0x10080330                udb_interrupts_12_IRQHandler
                0x10080330                scb_0_interrupt_IRQHandler
                0x10080330                csd_interrupt_IRQHandler
                0x10080330                udb_interrupts_1_IRQHandler
                0x10080330                profile_interrupt_IRQHandler
                0x10080330                tcpwm_1_interrupts_1_IRQHandler
                0x10080330                cpuss_interrupts_ipc_12_IRQHandler
                0x10080330                tcpwm_1_interrupts_3_IRQHandler
                0x10080330                tcpwm_0_interrupts_7_IRQHandler
                0x10080330                cpuss_interrupts_dw1_1_IRQHandler
                0x10080330                cpuss_interrupts_dw1_0_IRQHandler
                0x10080330                cpuss_interrupts_dw0_9_IRQHandler
                0x10080330                lpcomp_interrupt_IRQHandler
                0x10080330                tcpwm_1_interrupts_23_IRQHandler
                0x10080330                udb_interrupts_4_IRQHandler
                0x10080330                tcpwm_1_interrupts_20_IRQHandler
                0x10080330                ioss_interrupt_gpio_IRQHandler
                0x10080330                tcpwm_0_interrupts_1_IRQHandler
                0x10080330                ioss_interrupts_gpio_8_IRQHandler
                0x10080330                tcpwm_0_interrupts_6_IRQHandler
                0x10080330                scb_7_interrupt_IRQHandler
                0x10080330                tcpwm_1_interrupts_7_IRQHandler
                0x10080330                cpuss_interrupts_ipc_11_IRQHandler
                0x10080330                udb_interrupts_13_IRQHandler
                0x10080330                cpuss_interrupts_dw0_15_IRQHandler
                0x10080330                udb_interrupts_7_IRQHandler
                0x10080330                cpuss_interrupts_dw1_6_IRQHandler
                0x10080330                cpuss_interrupt_crypto_IRQHandler
                0x10080330                scb_1_interrupt_IRQHandler
                0x10080330                Default_Handler
                0x10080330                usb_interrupt_hi_IRQHandler
                0x10080330                tcpwm_1_interrupts_0_IRQHandler
                0x10080330                udb_interrupts_9_IRQHandler
                0x10080330                audioss_interrupt_pdm_IRQHandler
                0x10080330                srss_interrupt_mcwdt_0_IRQHandler
                0x10080330                scb_3_interrupt_IRQHandler
                0x10080330                pass_interrupt_ctbs_IRQHandler
                0x10080330                udb_interrupts_8_IRQHandler
                0x10080330                ioss_interrupts_gpio_3_IRQHandler
                0x10080330                scb_6_interrupt_IRQHandler
                0x10080330                cpuss_interrupts_cm4_cti_0_IRQHandler
                0x10080330                cpuss_interrupts_dw1_3_IRQHandler
                0x10080330                pass_interrupt_sar_IRQHandler
                0x10080330                ioss_interrupts_gpio_0_IRQHandler
                0x10080330                ioss_interrupts_gpio_14_IRQHandler
                0x10080330                tcpwm_0_interrupts_4_IRQHandler
                0x10080330                udb_interrupts_3_IRQHandler
                0x10080330                tcpwm_0_interrupts_5_IRQHandler
                0x10080330                cpuss_interrupts_ipc_15_IRQHandler
                0x10080330                cpuss_interrupts_cm4_cti_1_IRQHandler
                0x10080330                scb_8_interrupt_IRQHandler
                0x10080330                srss_interrupt_mcwdt_1_IRQHandler
                0x10080330                cpuss_interrupts_dw1_2_IRQHandler
                0x10080330                SVC_Handler
                0x10080330                cpuss_interrupts_dw1_5_IRQHandler
                0x10080330                cpuss_interrupts_ipc_1_IRQHandler
                0x10080330                cpuss_interrupts_dw0_0_IRQHandler
                0x10080330                ioss_interrupts_gpio_12_IRQHandler
                0x10080330                cpuss_interrupts_ipc_3_IRQHandler
                0x10080330                tcpwm_1_interrupts_17_IRQHandler
                0x10080330                srss_interrupt_backup_IRQHandler
                0x10080330                bless_interrupt_IRQHandler
                0x10080330                cpuss_interrupts_ipc_10_IRQHandler
                0x10080330                cpuss_interrupts_ipc_9_IRQHandler
                0x10080330                cpuss_interrupts_dw0_14_IRQHandler
                0x10080330                tcpwm_1_interrupts_4_IRQHandler
                0x10080330                tcpwm_0_interrupts_3_IRQHandler
                0x10080330                cpuss_interrupts_dw1_15_IRQHandler
                0x10080330                ioss_interrupts_gpio_10_IRQHandler
                0x10080330                udb_interrupts_10_IRQHandler
                0x10080330                cpuss_interrupts_dw0_8_IRQHandler
                0x10080330                ioss_interrupts_gpio_11_IRQHandler
                0x10080330                cpuss_interrupts_ipc_14_IRQHandler
                0x10080330                ioss_interrupts_gpio_5_IRQHandler
                0x10080330                ioss_interrupts_gpio_4_IRQHandler
                0x10080330                tcpwm_1_interrupts_8_IRQHandler
                0x10080330                cpuss_interrupts_dw1_14_IRQHandler
                0x10080330                usb_interrupt_med_IRQHandler
                0x10080330                cpuss_interrupts_dw0_2_IRQHandler
                0x10080330                tcpwm_1_interrupts_10_IRQHandler
                0x10080330                cpuss_interrupts_fault_0_IRQHandler
                0x10080330                cpuss_interrupts_dw0_12_IRQHandler
                0x10080330                ioss_interrupts_gpio_6_IRQHandler
                0x10080330                tcpwm_1_interrupts_21_IRQHandler
                0x10080330                tcpwm_1_interrupts_16_IRQHandler
                0x10080330                cpuss_interrupts_dw1_4_IRQHandler
                0x10080330                udb_interrupts_15_IRQHandler
                0x10080330                cpuss_interrupts_dw1_11_IRQHandler
                0x10080330                cpuss_interrupts_dw0_6_IRQHandler
                0x10080330                ioss_interrupt_vdd_IRQHandler
                0x10080330                cpuss_interrupts_dw0_7_IRQHandler
                0x10080330                audioss_interrupt_i2s_IRQHandler
                0x10080330                tcpwm_1_interrupts_5_IRQHandler
                0x10080330                cpuss_interrupts_ipc_2_IRQHandler
                0x10080330                cpuss_interrupts_dw0_10_IRQHandler
                0x10080330                tcpwm_1_interrupts_19_IRQHandler
                0x10080330                cpuss_interrupts_dw0_1_IRQHandler
                0x10080330                ioss_interrupts_gpio_9_IRQHandler
                0x10080330                usb_interrupt_lo_IRQHandler
                0x10080330                cpuss_interrupts_ipc_8_IRQHandler
                0x10080330                udb_interrupts_14_IRQHandler
                0x10080330                cpuss_interrupts_dw0_3_IRQHandler
                0x10080334                UsageFault_Handler
                0x10080334                HardFault_Handler
                0x10080334                MemManage_Handler
                0x10080334                BusFault_Handler
 .text.Cy_SysIpcPipeIsrCm4
                0x10080350        0xa ./psoc6sw-1.0/components/psoc6pdl/devices/psoc6/startup/system_psoc6_cm4.o
                0x10080350                Cy_SysIpcPipeIsrCm4
 .text.Cy_SystemInit
                0x1008035a        0x2 ./psoc6sw-1.0/components/psoc6pdl/devices/psoc6/startup/system_psoc6_cm4.o
                0x1008035a                Cy_SystemInit
 .text.SystemCoreClockUpdate
                0x1008035c      0x1b4 ./psoc6sw-1.0/components/psoc6pdl/devices/psoc6/startup/system_psoc6_cm4.o
                0x1008035c                SystemCoreClockUpdate
 .text.SystemInit
                0x10080510       0x48 ./psoc6sw-1.0/components/psoc6pdl/devices/psoc6/startup/system_psoc6_cm4.o
                0x10080510                SystemInit
 .text.Cy_SystemInitFpuEnable
                0x10080558       0x28 ./psoc6sw-1.0/components/psoc6pdl/devices/psoc6/startup/system_psoc6_cm4.o
                0x10080558                Cy_SystemInitFpuEnable
 .text.main     0x10080580       0x1c ./Source/main.o
                0x10080580                main
 .text.init_cycfg_all
                0x1008059c       0x10 ./BlinkyLED04_config/GeneratedSource/cycfg.o
                0x1008059c                init_cycfg_all
 .text.init_cycfg_connectivity
                0x100805ac        0x2 ./BlinkyLED04_config/GeneratedSource/cycfg_connectivity.o
                0x100805ac                init_cycfg_connectivity
 *fill*         0x100805ae        0x2 
 .text.init_cycfg_pins
                0x100805b0       0x48 ./BlinkyLED04_config/GeneratedSource/cycfg_pins.o
                0x100805b0                init_cycfg_pins
 .text.cycfg_ClockStartupError
                0x100805f8        0x2 ./BlinkyLED04_config/GeneratedSource/cycfg_platform.o
                0x100805f8                cycfg_ClockStartupError
 *fill*         0x100805fa        0x2 
 .text.init_cycfg_platform
                0x100805fc      0x260 ./BlinkyLED04_config/GeneratedSource/cycfg_platform.o
                0x100805fc                init_cycfg_platform
 *fill*         0x1008085c        0x4 
 .text          0x10080860       0x20 C:/Users/ntan/git/BlinkyLED04/BlinkyLED04_mainapp_psoc6pdl/Debug/libBlinkyLED04_mainapp_psoc6pdl.a(cy_syslib_gcc.o)
                0x10080860                Cy_SysLib_DelayCycles
                0x10080872                Cy_SysLib_EnterCriticalSection
                0x1008087a                Cy_SysLib_ExitCriticalSection
 .text.Cy_PDL_Init
                0x10080880        0xc C:/Users/ntan/git/BlinkyLED04/BlinkyLED04_mainapp_psoc6pdl/Debug/libBlinkyLED04_mainapp_psoc6pdl.a(cy_device.o)
                0x10080880                Cy_PDL_Init
 .text.Cy_Flash_ProcessOpcode
                0x1008088c       0xa4 C:/Users/ntan/git/BlinkyLED04/BlinkyLED04_mainapp_psoc6pdl/Debug/libBlinkyLED04_mainapp_psoc6pdl.a(cy_flash.o)
 .text.Cy_Flash_OperationStatus
                0x10080930       0x60 C:/Users/ntan/git/BlinkyLED04/BlinkyLED04_mainapp_psoc6pdl/Debug/libBlinkyLED04_mainapp_psoc6pdl.a(cy_flash.o)
 .text.Cy_Flash_InitExt
                0x10080990       0x80 C:/Users/ntan/git/BlinkyLED04/BlinkyLED04_mainapp_psoc6pdl/Debug/libBlinkyLED04_mainapp_psoc6pdl.a(cy_flash.o)
                0x10080990                Cy_Flash_InitExt
 .text.Cy_Flash_Init
                0x10080a10       0x10 C:/Users/ntan/git/BlinkyLED04/BlinkyLED04_mainapp_psoc6pdl/Debug/libBlinkyLED04_mainapp_psoc6pdl.a(cy_flash.o)
                0x10080a10                Cy_Flash_Init
 .text.Cy_GPIO_Pin_Init
                0x10080a20      0x360 C:/Users/ntan/git/BlinkyLED04/BlinkyLED04_mainapp_psoc6pdl/Debug/libBlinkyLED04_mainapp_psoc6pdl.a(cy_gpio.o)
                0x10080a20                Cy_GPIO_Pin_Init
 .text.Cy_IPC_Drv_LockRelease
                0x10080d80       0x40 C:/Users/ntan/git/BlinkyLED04/BlinkyLED04_mainapp_psoc6pdl/Debug/libBlinkyLED04_mainapp_psoc6pdl.a(cy_ipc_drv.o)
                0x10080d80                Cy_IPC_Drv_LockRelease
 .text.Cy_IPC_Drv_SendMsgWord
                0x10080dc0       0x34 C:/Users/ntan/git/BlinkyLED04/BlinkyLED04_mainapp_psoc6pdl/Debug/libBlinkyLED04_mainapp_psoc6pdl.a(cy_ipc_drv.o)
                0x10080dc0                Cy_IPC_Drv_SendMsgWord
 .text.Cy_IPC_Drv_ReadMsgWord
                0x10080df4       0x38 C:/Users/ntan/git/BlinkyLED04/BlinkyLED04_mainapp_psoc6pdl/Debug/libBlinkyLED04_mainapp_psoc6pdl.a(cy_ipc_drv.o)
                0x10080df4                Cy_IPC_Drv_ReadMsgWord
 .text.Cy_IPC_Pipe_Config
                0x10080e2c       0x14 C:/Users/ntan/git/BlinkyLED04/BlinkyLED04_mainapp_psoc6pdl/Debug/libBlinkyLED04_mainapp_psoc6pdl.a(cy_ipc_pipe.o)
                0x10080e2c                Cy_IPC_Pipe_Config
 .text.Cy_IPC_Pipe_EndpointInit
                0x10080e40       0xdc C:/Users/ntan/git/BlinkyLED04/BlinkyLED04_mainapp_psoc6pdl/Debug/libBlinkyLED04_mainapp_psoc6pdl.a(cy_ipc_pipe.o)
                0x10080e40                Cy_IPC_Pipe_EndpointInit
 .text.Cy_IPC_Pipe_Init
                0x10080f1c       0xc0 C:/Users/ntan/git/BlinkyLED04/BlinkyLED04_mainapp_psoc6pdl/Debug/libBlinkyLED04_mainapp_psoc6pdl.a(cy_ipc_pipe.o)
                0x10080f1c                Cy_IPC_Pipe_Init
 .text.Cy_IPC_Pipe_SendMessage
                0x10080fdc       0xa0 C:/Users/ntan/git/BlinkyLED04/BlinkyLED04_mainapp_psoc6pdl/Debug/libBlinkyLED04_mainapp_psoc6pdl.a(cy_ipc_pipe.o)
                0x10080fdc                Cy_IPC_Pipe_SendMessage
 .text.Cy_IPC_Pipe_RegisterCallback
                0x1008107c       0x54 C:/Users/ntan/git/BlinkyLED04/BlinkyLED04_mainapp_psoc6pdl/Debug/libBlinkyLED04_mainapp_psoc6pdl.a(cy_ipc_pipe.o)
                0x1008107c                Cy_IPC_Pipe_RegisterCallback
 .text.Cy_IPC_Pipe_ExecCallback
                0x100810d0       0xcc C:/Users/ntan/git/BlinkyLED04/BlinkyLED04_mainapp_psoc6pdl/Debug/libBlinkyLED04_mainapp_psoc6pdl.a(cy_ipc_pipe.o)
                0x100810d0                Cy_IPC_Pipe_ExecCallback
 .text.Cy_IPC_Pipe_ExecuteCallback
                0x1008119c       0x30 C:/Users/ntan/git/BlinkyLED04/BlinkyLED04_mainapp_psoc6pdl/Debug/libBlinkyLED04_mainapp_psoc6pdl.a(cy_ipc_pipe.o)
                0x1008119c                Cy_IPC_Pipe_ExecuteCallback
 .text.Cy_IPC_Sema_InitExt
                0x100811cc       0xac C:/Users/ntan/git/BlinkyLED04/BlinkyLED04_mainapp_psoc6pdl/Debug/libBlinkyLED04_mainapp_psoc6pdl.a(cy_ipc_sema.o)
                0x100811cc                Cy_IPC_Sema_InitExt
 .text.Cy_IPC_Sema_Init
                0x10081278       0x6c C:/Users/ntan/git/BlinkyLED04/BlinkyLED04_mainapp_psoc6pdl/Debug/libBlinkyLED04_mainapp_psoc6pdl.a(cy_ipc_sema.o)
                0x10081278                Cy_IPC_Sema_Init
 .text.Cy_IPC_Sema_Clear
                0x100812e4       0x7c C:/Users/ntan/git/BlinkyLED04/BlinkyLED04_mainapp_psoc6pdl/Debug/libBlinkyLED04_mainapp_psoc6pdl.a(cy_ipc_sema.o)
                0x100812e4                Cy_IPC_Sema_Clear
 .text.Cy_IPC_Sema_Status
                0x10081360       0x40 C:/Users/ntan/git/BlinkyLED04/BlinkyLED04_mainapp_psoc6pdl/Debug/libBlinkyLED04_mainapp_psoc6pdl.a(cy_ipc_sema.o)
                0x10081360                Cy_IPC_Sema_Status
 .text.Cy_SysClk_ClkPathSetSource
                0x100813a0       0x5c C:/Users/ntan/git/BlinkyLED04/BlinkyLED04_mainapp_psoc6pdl/Debug/libBlinkyLED04_mainapp_psoc6pdl.a(cy_sysclk.o)
                0x100813a0                Cy_SysClk_ClkPathSetSource
 .text.Cy_SysClk_ClkPathGetSource
                0x100813fc       0x4c C:/Users/ntan/git/BlinkyLED04/BlinkyLED04_mainapp_psoc6pdl/Debug/libBlinkyLED04_mainapp_psoc6pdl.a(cy_sysclk.o)
                0x100813fc                Cy_SysClk_ClkPathGetSource
 .text.Cy_SysClk_PllManualConfigure
                0x10081448       0xc8 C:/Users/ntan/git/BlinkyLED04/BlinkyLED04_mainapp_psoc6pdl/Debug/libBlinkyLED04_mainapp_psoc6pdl.a(cy_sysclk.o)
                0x10081448                Cy_SysClk_PllManualConfigure
 .text.Cy_SysClk_PllEnable
                0x10081510       0x60 C:/Users/ntan/git/BlinkyLED04/BlinkyLED04_mainapp_psoc6pdl/Debug/libBlinkyLED04_mainapp_psoc6pdl.a(cy_sysclk.o)
                0x10081510                Cy_SysClk_PllEnable
 .text.Cy_SysInt_SetVector
                0x10081570       0x48 C:/Users/ntan/git/BlinkyLED04/BlinkyLED04_mainapp_psoc6pdl/Debug/libBlinkyLED04_mainapp_psoc6pdl.a(cy_sysint.o)
                0x10081570                Cy_SysInt_SetVector
 .text.Cy_SysInt_Init
                0x100815b8       0x74 C:/Users/ntan/git/BlinkyLED04/BlinkyLED04_mainapp_psoc6pdl/Debug/libBlinkyLED04_mainapp_psoc6pdl.a(cy_sysint.o)
                0x100815b8                Cy_SysInt_Init
 .text.Cy_SysLib_Delay
                0x1008162c       0x30 C:/Users/ntan/git/BlinkyLED04/BlinkyLED04_mainapp_psoc6pdl/Debug/libBlinkyLED04_mainapp_psoc6pdl.a(cy_syslib.o)
                0x1008162c                Cy_SysLib_Delay
 .text.Cy_SysLib_DelayUs
                0x1008165c       0x14 C:/Users/ntan/git/BlinkyLED04/BlinkyLED04_mainapp_psoc6pdl/Debug/libBlinkyLED04_mainapp_psoc6pdl.a(cy_syslib.o)
                0x1008165c                Cy_SysLib_DelayUs
 .text.Cy_SysLib_Halt
                0x10081670        0x4 C:/Users/ntan/git/BlinkyLED04/BlinkyLED04_mainapp_psoc6pdl/Debug/libBlinkyLED04_mainapp_psoc6pdl.a(cy_syslib.o)
                0x10081670                Cy_SysLib_Halt
 .text.Cy_SysLib_AssertFailed
                0x10081674       0x1c C:/Users/ntan/git/BlinkyLED04/BlinkyLED04_mainapp_psoc6pdl/Debug/libBlinkyLED04_mainapp_psoc6pdl.a(cy_syslib.o)
                0x10081674                Cy_SysLib_AssertFailed
 .text.Cy_SysLib_ResetBackupDomain
                0x10081690       0x20 C:/Users/ntan/git/BlinkyLED04/BlinkyLED04_mainapp_psoc6pdl/Debug/libBlinkyLED04_mainapp_psoc6pdl.a(cy_syslib.o)
                0x10081690                Cy_SysLib_ResetBackupDomain
 .text.Cy_SysLib_GetResetReason
                0x100816b0       0x18 C:/Users/ntan/git/BlinkyLED04/BlinkyLED04_mainapp_psoc6pdl/Debug/libBlinkyLED04_mainapp_psoc6pdl.a(cy_syslib.o)
                0x100816b0                Cy_SysLib_GetResetReason
 .text.Cy_SysLib_ProcessingFault
                0x100816c8        0x2 C:/Users/ntan/git/BlinkyLED04/BlinkyLED04_mainapp_psoc6pdl/Debug/libBlinkyLED04_mainapp_psoc6pdl.a(cy_syslib.o)
                0x100816c8                Cy_SysLib_ProcessingFault
 *fill*         0x100816ca        0x2 
 .text.Cy_SysLib_FaultHandler
                0x100816cc       0xa4 C:/Users/ntan/git/BlinkyLED04/BlinkyLED04_mainapp_psoc6pdl/Debug/libBlinkyLED04_mainapp_psoc6pdl.a(cy_syslib.o)
                0x100816cc                Cy_SysLib_FaultHandler
 .text.Cy_SysLib_SetWaitStates
                0x10081770       0xcc C:/Users/ntan/git/BlinkyLED04/BlinkyLED04_mainapp_psoc6pdl/Debug/libBlinkyLED04_mainapp_psoc6pdl.a(cy_syslib.o)
                0x10081770                Cy_SysLib_SetWaitStates
 .text.SetReadMarginTrimUlp
                0x1008183c       0x84 C:/Users/ntan/git/BlinkyLED04/BlinkyLED04_mainapp_psoc6pdl/Debug/libBlinkyLED04_mainapp_psoc6pdl.a(cy_syspm.o)
 .text.SetReadMarginTrimLp
                0x100818c0       0x7c C:/Users/ntan/git/BlinkyLED04/BlinkyLED04_mainapp_psoc6pdl/Debug/libBlinkyLED04_mainapp_psoc6pdl.a(cy_syspm.o)
 .text.SetWriteAssistTrimUlp
                0x1008193c       0x58 C:/Users/ntan/git/BlinkyLED04/BlinkyLED04_mainapp_psoc6pdl/Debug/libBlinkyLED04_mainapp_psoc6pdl.a(cy_syspm.o)
 .text.SetWriteAssistTrimLp
                0x10081994       0x68 C:/Users/ntan/git/BlinkyLED04/BlinkyLED04_mainapp_psoc6pdl/Debug/libBlinkyLED04_mainapp_psoc6pdl.a(cy_syspm.o)
 .text.IsVoltageChangePossible
                0x100819fc       0x46 C:/Users/ntan/git/BlinkyLED04/BlinkyLED04_mainapp_psoc6pdl/Debug/libBlinkyLED04_mainapp_psoc6pdl.a(cy_syspm.o)
 *fill*         0x10081a42        0x2 
 .text.Cy_SysPm_WriteVoltageBitForFlash
                0x10081a44      0x118 C:/Users/ntan/git/BlinkyLED04/BlinkyLED04_mainapp_psoc6pdl/Debug/libBlinkyLED04_mainapp_psoc6pdl.a(cy_syspm.o)
                0x10081a44                Cy_SysPm_WriteVoltageBitForFlash
 .text.Cy_SysPm_LdoSetVoltage
                0x10081b5c       0xcc C:/Users/ntan/git/BlinkyLED04/BlinkyLED04_mainapp_psoc6pdl/Debug/libBlinkyLED04_mainapp_psoc6pdl.a(cy_syspm.o)
                0x10081b5c                Cy_SysPm_LdoSetVoltage
 .text.Cy_Prot_GetActivePC
                0x10081c28       0x38 C:/Users/ntan/git/BlinkyLED04/BlinkyLED04_mainapp_psoc6pdl/Debug/libBlinkyLED04_mainapp_psoc6pdl.a(cy_prot.o)
                0x10081c28                Cy_Prot_GetActivePC
 .text.memset   0x10081c60       0x10 c:/users/ntan/modustoolbox_1.0/tools/gcc-7.2.1-1.0/bin/../lib/gcc/arm-none-eabi/7.2.1/../../../../arm-none-eabi/lib/thumb/v7e-m/fpv4-sp/softfp\libg_nano.a(lib_a-memset.o)
                0x10081c60                memset
 .text.strncpy  0x10081c70       0x2a c:/users/ntan/modustoolbox_1.0/tools/gcc-7.2.1-1.0/bin/../lib/gcc/arm-none-eabi/7.2.1/../../../../arm-none-eabi/lib/thumb/v7e-m/fpv4-sp/softfp\libg_nano.a(lib_a-strncpy.o)
                0x10081c70                strncpy
 *(.init)
 *fill*         0x10081c9a        0x2 
 .init          0x10081c9c        0x4 c:/users/ntan/modustoolbox_1.0/tools/gcc-7.2.1-1.0/bin/../lib/gcc/arm-none-eabi/7.2.1/thumb/v7e-m/fpv4-sp/softfp/crti.o
                0x10081c9c                _init
 .init          0x10081ca0        0x8 c:/users/ntan/modustoolbox_1.0/tools/gcc-7.2.1-1.0/bin/../lib/gcc/arm-none-eabi/7.2.1/thumb/v7e-m/fpv4-sp/softfp/crtn.o
 *(.fini)
 .fini          0x10081ca8        0x4 c:/users/ntan/modustoolbox_1.0/tools/gcc-7.2.1-1.0/bin/../lib/gcc/arm-none-eabi/7.2.1/thumb/v7e-m/fpv4-sp/softfp/crti.o
                0x10081ca8                _fini
 .fini          0x10081cac        0x8 c:/users/ntan/modustoolbox_1.0/tools/gcc-7.2.1-1.0/bin/../lib/gcc/arm-none-eabi/7.2.1/thumb/v7e-m/fpv4-sp/softfp/crtn.o
 *crtbegin.o(.ctors)
 *crtbegin?.o(.ctors)
 *(EXCLUDE_FILE(*crtend.o *crtend?.o) .ctors)
 *(SORT_BY_NAME(.ctors.*))
 *(.ctors)
 *crtbegin.o(.dtors)
 *crtbegin?.o(.dtors)
 *(EXCLUDE_FILE(*crtend.o *crtend?.o) .dtors)
 *(SORT_BY_NAME(.dtors.*))
 *(.dtors)
 *(.rodata .rodata.* .constdata .constdata.* .conststring .conststring.*)
 .rodata.systemIpcPipeConfigCm4.12426
                0x10081cb4       0x34 ./psoc6sw-1.0/components/psoc6pdl/devices/psoc6/startup/system_psoc6_cm4.o
 .rodata.LED_RED_config
                0x10081ce8       0x34 ./BlinkyLED04_config/GeneratedSource/cycfg_pins.o
                0x10081ce8                LED_RED_config
 .rodata.ioss_0_port_6_pin_4_config
                0x10081d1c       0x34 ./BlinkyLED04_config/GeneratedSource/cycfg_pins.o
                0x10081d1c                ioss_0_port_6_pin_4_config
 .rodata.ioss_0_port_6_pin_6_config
                0x10081d50       0x34 ./BlinkyLED04_config/GeneratedSource/cycfg_pins.o
                0x10081d50                ioss_0_port_6_pin_6_config
 .rodata.ioss_0_port_6_pin_7_config
                0x10081d84       0x34 ./BlinkyLED04_config/GeneratedSource/cycfg_pins.o
                0x10081d84                ioss_0_port_6_pin_7_config
 .rodata.init_cycfg_platform.str1.4
                0x10081db8       0x65 ./BlinkyLED04_config/GeneratedSource/cycfg_platform.o
 *fill*         0x10081e1d        0x3 
 .rodata.srss_0_clock_0_pll_0_pllConfig
                0x10081e20        0x5 ./BlinkyLED04_config/GeneratedSource/cycfg_platform.o
 *fill*         0x10081e25        0x3 
 .rodata.cy_deviceIpBlockCfgPSoC6_01
                0x10081e28       0xb8 C:/Users/ntan/git/BlinkyLED04/BlinkyLED04_mainapp_psoc6pdl/Debug/libBlinkyLED04_mainapp_psoc6pdl.a(cy_device.o)
                0x10081e28                cy_deviceIpBlockCfgPSoC6_01
 .rodata.Cy_Flash_OperationStatus.str1.4
                0x10081ee0       0x66 C:/Users/ntan/git/BlinkyLED04/BlinkyLED04_mainapp_psoc6pdl/Debug/libBlinkyLED04_mainapp_psoc6pdl.a(cy_flash.o)
 *fill*         0x10081f46        0x2 
 .rodata.Cy_GPIO_Pin_Init.str1.4
                0x10081f48       0xc7 C:/Users/ntan/git/BlinkyLED04/BlinkyLED04_mainapp_psoc6pdl/Debug/libBlinkyLED04_mainapp_psoc6pdl.a(cy_gpio.o)
 .rodata.Cy_IPC_Drv_LockRelease.str1.4
                0x1008200f       0x66 C:/Users/ntan/git/BlinkyLED04/BlinkyLED04_mainapp_psoc6pdl/Debug/libBlinkyLED04_mainapp_psoc6pdl.a(cy_ipc_drv.o)
 *fill*         0x1008200f        0x1 
 .rodata.Cy_IPC_Drv_ReadMsgWord.str1.4
                0x10082010       0x65 C:/Users/ntan/git/BlinkyLED04/BlinkyLED04_mainapp_psoc6pdl/Debug/libBlinkyLED04_mainapp_psoc6pdl.a(cy_ipc_drv.o)
 *fill*         0x10082075        0x3 
 .rodata.Cy_IPC_Pipe_EndpointInit.str1.4
                0x10082078       0x66 C:/Users/ntan/git/BlinkyLED04/BlinkyLED04_mainapp_psoc6pdl/Debug/libBlinkyLED04_mainapp_psoc6pdl.a(cy_ipc_pipe.o)
                                 0xce (size before relaxing)
 .rodata.Cy_IPC_Sema_InitExt.str1.4
                0x100820de       0x66 C:/Users/ntan/git/BlinkyLED04/BlinkyLED04_mainapp_psoc6pdl/Debug/libBlinkyLED04_mainapp_psoc6pdl.a(cy_ipc_sema.o)
 *fill*         0x100820de        0x2 
 .rodata.Cy_SysClk_ClkPathGetSource.str1.4
                0x100820e0       0x64 C:/Users/ntan/git/BlinkyLED04/BlinkyLED04_mainapp_psoc6pdl/Debug/libBlinkyLED04_mainapp_psoc6pdl.a(cy_sysclk.o)
 .rodata.Cy_SysInt_SetVector.str1.4
                0x10082144       0x64 C:/Users/ntan/git/BlinkyLED04/BlinkyLED04_mainapp_psoc6pdl/Debug/libBlinkyLED04_mainapp_psoc6pdl.a(cy_sysint.o)
 .rodata.Cy_SysPm_SetHibernateWakeupSource.str1.4
                0x100821a8       0x63 C:/Users/ntan/git/BlinkyLED04/BlinkyLED04_mainapp_psoc6pdl/Debug/libBlinkyLED04_mainapp_psoc6pdl.a(cy_syspm.o)
 .rodata.Cy_SysPm_WriteVoltageBitForFlash.str1.4
                0x1008220b       0x66 C:/Users/ntan/git/BlinkyLED04/BlinkyLED04_mainapp_psoc6pdl/Debug/libBlinkyLED04_mainapp_psoc6pdl.a(cy_syspm.o)
 *fill*         0x1008220b        0x1 
 .rodata.Cy_Prot_ConfigBusMaster.str1.4
                0x1008220c       0x64 C:/Users/ntan/git/BlinkyLED04/BlinkyLED04_mainapp_psoc6pdl/Debug/libBlinkyLED04_mainapp_psoc6pdl.a(cy_prot.o)
                                 0x62 (size before relaxing)
 *(.eh_frame*)
 .eh_frame      0x10082270        0x0 c:/users/ntan/modustoolbox_1.0/tools/gcc-7.2.1-1.0/bin/../lib/gcc/arm-none-eabi/7.2.1/thumb/v7e-m/fpv4-sp/softfp/crtbegin.o
 .eh_frame      0x10082270        0x4 c:/users/ntan/modustoolbox_1.0/tools/gcc-7.2.1-1.0/bin/../lib/gcc/arm-none-eabi/7.2.1/thumb/v7e-m/fpv4-sp/softfp/crtend.o

.glue_7         0x10082274        0x0
 .glue_7        0x10082274        0x0 linker stubs

.glue_7t        0x10082274        0x0
 .glue_7t       0x10082274        0x0 linker stubs

.vfp11_veneer   0x10082274        0x0
 .vfp11_veneer  0x10082274        0x0 linker stubs

.v4_bx          0x10082274        0x0
 .v4_bx         0x10082274        0x0 linker stubs

.iplt           0x10082274        0x0
 .iplt          0x10082274        0x0 c:/users/ntan/modustoolbox_1.0/tools/gcc-7.2.1-1.0/bin/../lib/gcc/arm-none-eabi/7.2.1/thumb/v7e-m/fpv4-sp/softfp/crtbegin.o

.rel.dyn        0x10082274        0x0
 .rel.iplt      0x10082274        0x0 c:/users/ntan/modustoolbox_1.0/tools/gcc-7.2.1-1.0/bin/../lib/gcc/arm-none-eabi/7.2.1/thumb/v7e-m/fpv4-sp/softfp/crtbegin.o

.ARM.extab
 *(.ARM.extab* .gnu.linkonce.armextab.*)
                0x10082274                __exidx_start = .

.ARM.exidx
 *(.ARM.exidx* .gnu.linkonce.armexidx.*)
                0x10082274                __exidx_end = .

.copy.table     0x10082274       0x18
                0x10082274                . = ALIGN (0x4)
                0x10082274                __copy_table_start__ = .
                0x10082274        0x4 LONG 0x10080000 __Vectors
                0x10082278        0x4 LONG 0x8024000 __ram_vectors_start__
                0x1008227c        0x4 LONG 0x28c (__Vectors_End - __Vectors)
                0x10082280        0x4 LONG 0x10082294 __etext
                0x10082284        0x4 LONG 0x802428c __data_start__
                0x10082288        0x4 LONG 0x574 (__data_end__ - __data_start__)
                0x1008228c                __copy_table_end__ = .

.zero.table     0x1008228c        0x8
                0x1008228c                . = ALIGN (0x4)
                0x1008228c                __zero_table_start__ = .
                0x1008228c        0x4 LONG 0x8024894 __bss_start__
                0x10082290        0x4 LONG 0x1cc (__bss_end__ - __bss_start__)
                0x10082294                __zero_table_end__ = .
                0x10082294                __etext = .

.ramVectors     0x08024000      0x28c
                0x08024000                __ram_vectors_start__ = .
 *(.ram_vectors)
 .ram_vectors   0x08024000      0x28c ./psoc6sw-1.0/components/psoc6pdl/devices/psoc6/startup/gcc/startup_psoc6_01_cm4.o
                0x08024000                __ramVectors
                0x0802428c                __ram_vectors_end__ = .

.data           0x0802428c      0x574 load address 0x10082294
                0x0802428c                __data_start__ = .
 *(vtable)
 *(.data*)
 .data.SystemCoreClock
                0x0802428c        0x4 ./psoc6sw-1.0/components/psoc6pdl/devices/psoc6/startup/system_psoc6_cm4.o
                0x0802428c                SystemCoreClock
 .data.cy_BleEcoClockFreqHz
                0x08024290        0x4 ./psoc6sw-1.0/components/psoc6pdl/devices/psoc6/startup/system_psoc6_cm4.o
                0x08024290                cy_BleEcoClockFreqHz
 .data.cy_Hfclk0FreqHz
                0x08024294        0x4 ./psoc6sw-1.0/components/psoc6pdl/devices/psoc6/startup/system_psoc6_cm4.o
                0x08024294                cy_Hfclk0FreqHz
 .data.cy_PeriClkFreqHz
                0x08024298        0x4 ./psoc6sw-1.0/components/psoc6pdl/devices/psoc6/startup/system_psoc6_cm4.o
                0x08024298                cy_PeriClkFreqHz
 .data.cy_delay32kMs
                0x0802429c        0x4 ./psoc6sw-1.0/components/psoc6pdl/devices/psoc6/startup/system_psoc6_cm4.o
                0x0802429c                cy_delay32kMs
 .data.cy_delayFreqHz
                0x080242a0        0x4 ./psoc6sw-1.0/components/psoc6pdl/devices/psoc6/startup/system_psoc6_cm4.o
                0x080242a0                cy_delayFreqHz
 .data.cy_delayFreqKhz
                0x080242a4        0x4 ./psoc6sw-1.0/components/psoc6pdl/devices/psoc6/startup/system_psoc6_cm4.o
                0x080242a4                cy_delayFreqKhz
 .data.cy_delayFreqMhz
                0x080242a8        0x1 ./psoc6sw-1.0/components/psoc6pdl/devices/psoc6/startup/system_psoc6_cm4.o
                0x080242a8                cy_delayFreqMhz
                0x080242ac                . = ALIGN (0x4)
 *fill*         0x080242a9        0x3 
                0x080242ac                PROVIDE (__preinit_array_start, .)
 *(.preinit_array)
                0x080242ac                PROVIDE (__preinit_array_end, .)
                0x080242ac                . = ALIGN (0x4)
                0x080242ac                PROVIDE (__init_array_start, .)
 *(SORT_BY_NAME(.init_array.*))
 *(.init_array)
 .init_array    0x080242ac        0x4 c:/users/ntan/modustoolbox_1.0/tools/gcc-7.2.1-1.0/bin/../lib/gcc/arm-none-eabi/7.2.1/thumb/v7e-m/fpv4-sp/softfp/crtbegin.o
                0x080242b0                PROVIDE (__init_array_end, .)
                0x080242b0                . = ALIGN (0x4)
                [!provide]                PROVIDE (__fini_array_start, .)
 *(SORT_BY_NAME(.fini_array.*))
 *(.fini_array)
 .fini_array    0x080242b0        0x4 c:/users/ntan/modustoolbox_1.0/tools/gcc-7.2.1-1.0/bin/../lib/gcc/arm-none-eabi/7.2.1/thumb/v7e-m/fpv4-sp/softfp/crtbegin.o
                [!provide]                PROVIDE (__fini_array_end, .)
 *(.jcr*)
                0x080242b4                . = ALIGN (0x4)
 *(.cy_ramfunc*)
 .cy_ramfunc    0x080242b4      0x300 C:/Users/ntan/git/BlinkyLED04/BlinkyLED04_mainapp_psoc6pdl/Debug/libBlinkyLED04_mainapp_psoc6pdl.a(cy_flash.o)
                0x08024320                Cy_Flash_ResumeIrqHandler
 .cy_ramfunc    0x080245b4      0x20c C:/Users/ntan/git/BlinkyLED04/BlinkyLED04_mainapp_psoc6pdl/Debug/libBlinkyLED04_mainapp_psoc6pdl.a(cy_syspm.o)
 .cy_ramfunc.__stub
                0x080247c0       0x40 linker stubs
                0x08024800                . = ALIGN (0x4)
                0x08024800                __data_end__ = .

.igot.plt       0x08024800        0x0 load address 0x10082808
 .igot.plt      0x08024800        0x0 c:/users/ntan/modustoolbox_1.0/tools/gcc-7.2.1-1.0/bin/../lib/gcc/arm-none-eabi/7.2.1/thumb/v7e-m/fpv4-sp/softfp/crtbegin.o

.noinit         0x08024800       0x94 load address 0x10082808
 *(.noinit)
 .noinit        0x08024800       0x94 C:/Users/ntan/git/BlinkyLED04/BlinkyLED04_mainapp_psoc6pdl/Debug/libBlinkyLED04_mainapp_psoc6pdl.a(cy_syslib.o)
                0x08024800                cy_assertFileName
                0x08024818                cy_assertLine
                0x0802481c                cy_faultFrame

.bss            0x08024894      0x1cc load address 0x1008289c
                0x08024894                . = ALIGN (0x4)
                0x08024894                __bss_start__ = .
 *(.bss*)
 .bss           0x08024894       0x1c c:/users/ntan/modustoolbox_1.0/tools/gcc-7.2.1-1.0/bin/../lib/gcc/arm-none-eabi/7.2.1/thumb/v7e-m/fpv4-sp/softfp/crtbegin.o
 .bss.systemIpcPipeEpArray.12424
                0x080248b0      0x160 ./psoc6sw-1.0/components/psoc6pdl/devices/psoc6/startup/system_psoc6_cm4.o
 .bss.systemIpcPipeSysCbArray.12425
                0x08024a10       0x20 ./psoc6sw-1.0/components/psoc6pdl/devices/psoc6/startup/system_psoc6_cm4.o
 .bss.flashContext
                0x08024a30       0x10 C:/Users/ntan/git/BlinkyLED04/BlinkyLED04_mainapp_psoc6pdl/Debug/libBlinkyLED04_mainapp_psoc6pdl.a(cy_flash.o)
 .bss.ipcWaitMessage
                0x08024a40        0x4 C:/Users/ntan/git/BlinkyLED04/BlinkyLED04_mainapp_psoc6pdl/Debug/libBlinkyLED04_mainapp_psoc6pdl.a(cy_flash.o)
 .bss.ipcWaitMessageStc.13376
                0x08024a44        0x4 C:/Users/ntan/git/BlinkyLED04/BlinkyLED04_mainapp_psoc6pdl/Debug/libBlinkyLED04_mainapp_psoc6pdl.a(cy_flash.o)
 .bss.cy_ipc_pipe_epArray
                0x08024a48        0x4 C:/Users/ntan/git/BlinkyLED04/BlinkyLED04_mainapp_psoc6pdl/Debug/libBlinkyLED04_mainapp_psoc6pdl.a(cy_ipc_pipe.o)
 .bss.cy_semaData.12603
                0x08024a4c        0x8 C:/Users/ntan/git/BlinkyLED04/BlinkyLED04_mainapp_psoc6pdl/Debug/libBlinkyLED04_mainapp_psoc6pdl.a(cy_ipc_sema.o)
 .bss.cy_semaIpcStruct
                0x08024a54        0x4 C:/Users/ntan/git/BlinkyLED04/BlinkyLED04_mainapp_psoc6pdl/Debug/libBlinkyLED04_mainapp_psoc6pdl.a(cy_ipc_sema.o)
 .bss.wasEventSent
                0x08024a58        0x1 C:/Users/ntan/git/BlinkyLED04/BlinkyLED04_mainapp_psoc6pdl/Debug/libBlinkyLED04_mainapp_psoc6pdl.a(cy_syspm.o)
 *(COMMON)
 *fill*         0x08024a59        0x3 
 COMMON         0x08024a5c        0x4 C:/Users/ntan/git/BlinkyLED04/BlinkyLED04_mainapp_psoc6pdl/Debug/libBlinkyLED04_mainapp_psoc6pdl.a(cy_device.o)
                0x08024a5c                cy_device
                0x08024a60                . = ALIGN (0x4)
                0x08024a60                __bss_end__ = .

.heap           0x08024a60      0x400
                0x08024a60                __HeapBase = .
                0x08024a60                __end__ = .
                0x08024a60                end = __end__
 *(.heap*)
 .heap          0x08024a60      0x400 ./psoc6sw-1.0/components/psoc6pdl/devices/psoc6/startup/gcc/startup_psoc6_01_cm4.o
                0x08024e60                __HeapLimit = .

.stack_dummy    0x08024a60     0x1000
 *(.stack*)
 .stack         0x08024a60     0x1000 ./psoc6sw-1.0/components/psoc6pdl/devices/psoc6/startup/gcc/startup_psoc6_01_cm4.o
                0x08047800                __StackTop = (ORIGIN (ram) + LENGTH (ram))
                0x08046800                __StackLimit = (__StackTop - SIZEOF (.stack_dummy))
                0x08047800                PROVIDE (__stack, __StackTop)
                0x00000001                ASSERT ((__StackLimit >= __HeapLimit), region RAM overflowed with stack)

.cy_app_signature
 *(.cy_app_signature)

.cy_em_eeprom
 *(.cy_em_eeprom)

.cy_sflash_user_data
 *(.cy_sflash_user_data)

.cy_sflash_nar
 *(.cy_sflash_nar)

.cy_sflash_public_key
 *(.cy_sflash_public_key)

.cy_toc_part2
 *(.cy_toc_part2)

.cy_rtoc_part2
 *(.cy_rtoc_part2)

.cy_xip
 *(.cy_xip)

.cy_efuse
 *(.cy_efuse)

.cymeta
 *(.cymeta)
                0x10000000                __cy_memory_0_start = 0x10000000
                0x00100000                __cy_memory_0_length = 0x100000
                0x00000200                __cy_memory_0_row_size = 0x200
                0x14000000                __cy_memory_1_start = 0x14000000
                0x00008000                __cy_memory_1_length = 0x8000
                0x00000200                __cy_memory_1_row_size = 0x200
                0x16000000                __cy_memory_2_start = 0x16000000
                0x00008000                __cy_memory_2_length = 0x8000
                0x00000200                __cy_memory_2_row_size = 0x200
                0x18000000                __cy_memory_3_start = 0x18000000
                0x08000000                __cy_memory_3_length = 0x8000000
                0x00000200                __cy_memory_3_row_size = 0x200
                0x90700000                __cy_memory_4_start = 0x90700000
                0x00100000                __cy_memory_4_length = 0x100000
                0x00000001                __cy_memory_4_row_size = 0x1
OUTPUT(BlinkyLED04_mainapp.elf elf32-littlearm)

.ARM.attributes
                0x00000000       0x2e
 .ARM.attributes
                0x00000000       0x22 c:/users/ntan/modustoolbox_1.0/tools/gcc-7.2.1-1.0/bin/../lib/gcc/arm-none-eabi/7.2.1/thumb/v7e-m/fpv4-sp/softfp/crti.o
 .ARM.attributes
                0x00000022       0x32 c:/users/ntan/modustoolbox_1.0/tools/gcc-7.2.1-1.0/bin/../lib/gcc/arm-none-eabi/7.2.1/thumb/v7e-m/fpv4-sp/softfp/crtbegin.o
 .ARM.attributes
                0x00000054       0x1f ./psoc6sw-1.0/components/psoc6pdl/devices/psoc6/startup/gcc/startup_psoc6_01_cm4.o
 .ARM.attributes
                0x00000073       0x37 ./psoc6sw-1.0/components/psoc6pdl/devices/psoc6/startup/system_psoc6_cm4.o
 .ARM.attributes
                0x000000aa       0x37 ./Source/main.o
 .ARM.attributes
                0x000000e1       0x37 ./BlinkyLED04_config/GeneratedSource/cycfg.o
 .ARM.attributes
                0x00000118       0x37 ./BlinkyLED04_config/GeneratedSource/cycfg_connectivity.o
 .ARM.attributes
                0x0000014f       0x37 ./BlinkyLED04_config/GeneratedSource/cycfg_pins.o
 .ARM.attributes
                0x00000186       0x37 ./BlinkyLED04_config/GeneratedSource/cycfg_platform.o
 .ARM.attributes
                0x000001bd       0x25 C:/Users/ntan/git/BlinkyLED04/BlinkyLED04_mainapp_psoc6pdl/Debug/libBlinkyLED04_mainapp_psoc6pdl.a(cy_syslib_gcc.o)
 .ARM.attributes
                0x000001e2       0x37 C:/Users/ntan/git/BlinkyLED04/BlinkyLED04_mainapp_psoc6pdl/Debug/libBlinkyLED04_mainapp_psoc6pdl.a(cy_device.o)
 .ARM.attributes
                0x00000219       0x37 C:/Users/ntan/git/BlinkyLED04/BlinkyLED04_mainapp_psoc6pdl/Debug/libBlinkyLED04_mainapp_psoc6pdl.a(cy_flash.o)
 .ARM.attributes
                0x00000250       0x37 C:/Users/ntan/git/BlinkyLED04/BlinkyLED04_mainapp_psoc6pdl/Debug/libBlinkyLED04_mainapp_psoc6pdl.a(cy_gpio.o)
 .ARM.attributes
                0x00000287       0x37 C:/Users/ntan/git/BlinkyLED04/BlinkyLED04_mainapp_psoc6pdl/Debug/libBlinkyLED04_mainapp_psoc6pdl.a(cy_ipc_drv.o)
 .ARM.attributes
                0x000002be       0x37 C:/Users/ntan/git/BlinkyLED04/BlinkyLED04_mainapp_psoc6pdl/Debug/libBlinkyLED04_mainapp_psoc6pdl.a(cy_ipc_pipe.o)
 .ARM.attributes
                0x000002f5       0x37 C:/Users/ntan/git/BlinkyLED04/BlinkyLED04_mainapp_psoc6pdl/Debug/libBlinkyLED04_mainapp_psoc6pdl.a(cy_ipc_sema.o)
 .ARM.attributes
                0x0000032c       0x37 C:/Users/ntan/git/BlinkyLED04/BlinkyLED04_mainapp_psoc6pdl/Debug/libBlinkyLED04_mainapp_psoc6pdl.a(cy_sysclk.o)
 .ARM.attributes
                0x00000363       0x37 C:/Users/ntan/git/BlinkyLED04/BlinkyLED04_mainapp_psoc6pdl/Debug/libBlinkyLED04_mainapp_psoc6pdl.a(cy_sysint.o)
 .ARM.attributes
                0x0000039a       0x37 C:/Users/ntan/git/BlinkyLED04/BlinkyLED04_mainapp_psoc6pdl/Debug/libBlinkyLED04_mainapp_psoc6pdl.a(cy_syslib.o)
 .ARM.attributes
                0x000003d1       0x37 C:/Users/ntan/git/BlinkyLED04/BlinkyLED04_mainapp_psoc6pdl/Debug/libBlinkyLED04_mainapp_psoc6pdl.a(cy_syspm.o)
 .ARM.attributes
                0x00000408       0x37 C:/Users/ntan/git/BlinkyLED04/BlinkyLED04_mainapp_psoc6pdl/Debug/libBlinkyLED04_mainapp_psoc6pdl.a(cy_prot.o)
 .ARM.attributes
                0x0000043f       0x32 c:/users/ntan/modustoolbox_1.0/tools/gcc-7.2.1-1.0/bin/../lib/gcc/arm-none-eabi/7.2.1/../../../../arm-none-eabi/lib/thumb/v7e-m/fpv4-sp/softfp\libg_nano.a(lib_a-memset.o)
 .ARM.attributes
                0x00000471       0x32 c:/users/ntan/modustoolbox_1.0/tools/gcc-7.2.1-1.0/bin/../lib/gcc/arm-none-eabi/7.2.1/../../../../arm-none-eabi/lib/thumb/v7e-m/fpv4-sp/softfp\libg_nano.a(lib_a-strncpy.o)
 .ARM.attributes
                0x000004a3       0x32 c:/users/ntan/modustoolbox_1.0/tools/gcc-7.2.1-1.0/bin/../lib/gcc/arm-none-eabi/7.2.1/thumb/v7e-m/fpv4-sp/softfp/crtend.o
 .ARM.attributes
                0x000004d5       0x22 c:/users/ntan/modustoolbox_1.0/tools/gcc-7.2.1-1.0/bin/../lib/gcc/arm-none-eabi/7.2.1/thumb/v7e-m/fpv4-sp/softfp/crtn.o

.comment        0x00000000       0x7f
 .comment       0x00000000       0x7f ./psoc6sw-1.0/components/psoc6pdl/devices/psoc6/startup/system_psoc6_cm4.o
                                 0x80 (size before relaxing)
 .comment       0x0000007f       0x80 ./Source/main.o
 .comment       0x0000007f       0x80 ./BlinkyLED04_config/GeneratedSource/cycfg.o
 .comment       0x0000007f       0x80 ./BlinkyLED04_config/GeneratedSource/cycfg_connectivity.o
 .comment       0x0000007f       0x80 ./BlinkyLED04_config/GeneratedSource/cycfg_pins.o
 .comment       0x0000007f       0x80 ./BlinkyLED04_config/GeneratedSource/cycfg_platform.o
 .comment       0x0000007f       0x80 C:/Users/ntan/git/BlinkyLED04/BlinkyLED04_mainapp_psoc6pdl/Debug/libBlinkyLED04_mainapp_psoc6pdl.a(cy_device.o)
 .comment       0x0000007f       0x80 C:/Users/ntan/git/BlinkyLED04/BlinkyLED04_mainapp_psoc6pdl/Debug/libBlinkyLED04_mainapp_psoc6pdl.a(cy_flash.o)
 .comment       0x0000007f       0x80 C:/Users/ntan/git/BlinkyLED04/BlinkyLED04_mainapp_psoc6pdl/Debug/libBlinkyLED04_mainapp_psoc6pdl.a(cy_gpio.o)
 .comment       0x0000007f       0x80 C:/Users/ntan/git/BlinkyLED04/BlinkyLED04_mainapp_psoc6pdl/Debug/libBlinkyLED04_mainapp_psoc6pdl.a(cy_ipc_drv.o)
 .comment       0x0000007f       0x80 C:/Users/ntan/git/BlinkyLED04/BlinkyLED04_mainapp_psoc6pdl/Debug/libBlinkyLED04_mainapp_psoc6pdl.a(cy_ipc_pipe.o)
 .comment       0x0000007f       0x80 C:/Users/ntan/git/BlinkyLED04/BlinkyLED04_mainapp_psoc6pdl/Debug/libBlinkyLED04_mainapp_psoc6pdl.a(cy_ipc_sema.o)
 .comment       0x0000007f       0x80 C:/Users/ntan/git/BlinkyLED04/BlinkyLED04_mainapp_psoc6pdl/Debug/libBlinkyLED04_mainapp_psoc6pdl.a(cy_sysclk.o)
 .comment       0x0000007f       0x80 C:/Users/ntan/git/BlinkyLED04/BlinkyLED04_mainapp_psoc6pdl/Debug/libBlinkyLED04_mainapp_psoc6pdl.a(cy_sysint.o)
 .comment       0x0000007f       0x80 C:/Users/ntan/git/BlinkyLED04/BlinkyLED04_mainapp_psoc6pdl/Debug/libBlinkyLED04_mainapp_psoc6pdl.a(cy_syslib.o)
 .comment       0x0000007f       0x80 C:/Users/ntan/git/BlinkyLED04/BlinkyLED04_mainapp_psoc6pdl/Debug/libBlinkyLED04_mainapp_psoc6pdl.a(cy_syspm.o)
 .comment       0x0000007f       0x80 C:/Users/ntan/git/BlinkyLED04/BlinkyLED04_mainapp_psoc6pdl/Debug/libBlinkyLED04_mainapp_psoc6pdl.a(cy_prot.o)

.debug_line     0x00000000     0xa464
 .debug_line    0x00000000       0xc7 ./psoc6sw-1.0/components/psoc6pdl/devices/psoc6/startup/gcc/startup_psoc6_01_cm4.o
 .debug_line    0x000000c7      0x8a3 ./psoc6sw-1.0/components/psoc6pdl/devices/psoc6/startup/system_psoc6_cm4.o
 .debug_line    0x0000096a      0xa81 ./Source/main.o
 .debug_line    0x000013eb      0x7ea ./BlinkyLED04_config/GeneratedSource/cycfg.o
 .debug_line    0x00001bd5       0xb1 ./BlinkyLED04_config/GeneratedSource/cycfg_connectivity.o
 .debug_line    0x00001c86      0x7b5 ./BlinkyLED04_config/GeneratedSource/cycfg_pins.o
 .debug_line    0x0000243b      0x874 ./BlinkyLED04_config/GeneratedSource/cycfg_platform.o
 .debug_line    0x00002caf       0xac C:/Users/ntan/git/BlinkyLED04/BlinkyLED04_mainapp_psoc6pdl/Debug/libBlinkyLED04_mainapp_psoc6pdl.a(cy_syslib_gcc.o)
 .debug_line    0x00002d5b      0x4f2 C:/Users/ntan/git/BlinkyLED04/BlinkyLED04_mainapp_psoc6pdl/Debug/libBlinkyLED04_mainapp_psoc6pdl.a(cy_device.o)
 .debug_line    0x0000324d      0xc3d C:/Users/ntan/git/BlinkyLED04/BlinkyLED04_mainapp_psoc6pdl/Debug/libBlinkyLED04_mainapp_psoc6pdl.a(cy_flash.o)
 .debug_line    0x00003e8a      0x99d C:/Users/ntan/git/BlinkyLED04/BlinkyLED04_mainapp_psoc6pdl/Debug/libBlinkyLED04_mainapp_psoc6pdl.a(cy_gpio.o)
 .debug_line    0x00004827      0x81d C:/Users/ntan/git/BlinkyLED04/BlinkyLED04_mainapp_psoc6pdl/Debug/libBlinkyLED04_mainapp_psoc6pdl.a(cy_ipc_drv.o)
 .debug_line    0x00005044      0xa03 C:/Users/ntan/git/BlinkyLED04/BlinkyLED04_mainapp_psoc6pdl/Debug/libBlinkyLED04_mainapp_psoc6pdl.a(cy_ipc_pipe.o)
 .debug_line    0x00005a47      0x9a0 C:/Users/ntan/git/BlinkyLED04/BlinkyLED04_mainapp_psoc6pdl/Debug/libBlinkyLED04_mainapp_psoc6pdl.a(cy_ipc_sema.o)
 .debug_line    0x000063e7      0xfb6 C:/Users/ntan/git/BlinkyLED04/BlinkyLED04_mainapp_psoc6pdl/Debug/libBlinkyLED04_mainapp_psoc6pdl.a(cy_sysclk.o)
 .debug_line    0x0000739d      0x7f4 C:/Users/ntan/git/BlinkyLED04/BlinkyLED04_mainapp_psoc6pdl/Debug/libBlinkyLED04_mainapp_psoc6pdl.a(cy_sysint.o)
 .debug_line    0x00007b91      0x96b C:/Users/ntan/git/BlinkyLED04/BlinkyLED04_mainapp_psoc6pdl/Debug/libBlinkyLED04_mainapp_psoc6pdl.a(cy_syslib.o)
 .debug_line    0x000084fc      0xf51 C:/Users/ntan/git/BlinkyLED04/BlinkyLED04_mainapp_psoc6pdl/Debug/libBlinkyLED04_mainapp_psoc6pdl.a(cy_syspm.o)
 .debug_line    0x0000944d     0x1017 C:/Users/ntan/git/BlinkyLED04/BlinkyLED04_mainapp_psoc6pdl/Debug/libBlinkyLED04_mainapp_psoc6pdl.a(cy_prot.o)

.debug_info     0x00000000    0x267a7
 .debug_info    0x00000000       0x26 ./psoc6sw-1.0/components/psoc6pdl/devices/psoc6/startup/gcc/startup_psoc6_01_cm4.o
 .debug_info    0x00000026     0x20f6 ./psoc6sw-1.0/components/psoc6pdl/devices/psoc6/startup/system_psoc6_cm4.o
 .debug_info    0x0000211c     0x32f0 ./Source/main.o
 .debug_info    0x0000540c     0x2c8f ./BlinkyLED04_config/GeneratedSource/cycfg.o
 .debug_info    0x0000809b       0x3b ./BlinkyLED04_config/GeneratedSource/cycfg_connectivity.o
 .debug_info    0x000080d6     0x2ed4 ./BlinkyLED04_config/GeneratedSource/cycfg_pins.o
 .debug_info    0x0000afaa     0x1afc ./BlinkyLED04_config/GeneratedSource/cycfg_platform.o
 .debug_info    0x0000caa6       0x26 C:/Users/ntan/git/BlinkyLED04/BlinkyLED04_mainapp_psoc6pdl/Debug/libBlinkyLED04_mainapp_psoc6pdl.a(cy_syslib_gcc.o)
 .debug_info    0x0000cacc      0x55f C:/Users/ntan/git/BlinkyLED04/BlinkyLED04_mainapp_psoc6pdl/Debug/libBlinkyLED04_mainapp_psoc6pdl.a(cy_device.o)
 .debug_info    0x0000d02b     0x2fb1 C:/Users/ntan/git/BlinkyLED04/BlinkyLED04_mainapp_psoc6pdl/Debug/libBlinkyLED04_mainapp_psoc6pdl.a(cy_flash.o)
 .debug_info    0x0000ffdc     0x39df C:/Users/ntan/git/BlinkyLED04/BlinkyLED04_mainapp_psoc6pdl/Debug/libBlinkyLED04_mainapp_psoc6pdl.a(cy_gpio.o)
 .debug_info    0x000139bb      0xed2 C:/Users/ntan/git/BlinkyLED04/BlinkyLED04_mainapp_psoc6pdl/Debug/libBlinkyLED04_mainapp_psoc6pdl.a(cy_ipc_drv.o)
 .debug_info    0x0001488d     0x1f4a C:/Users/ntan/git/BlinkyLED04/BlinkyLED04_mainapp_psoc6pdl/Debug/libBlinkyLED04_mainapp_psoc6pdl.a(cy_ipc_pipe.o)
 .debug_info    0x000167d7     0x1a0e C:/Users/ntan/git/BlinkyLED04/BlinkyLED04_mainapp_psoc6pdl/Debug/libBlinkyLED04_mainapp_psoc6pdl.a(cy_ipc_sema.o)
 .debug_info    0x000181e5     0x2fc0 C:/Users/ntan/git/BlinkyLED04/BlinkyLED04_mainapp_psoc6pdl/Debug/libBlinkyLED04_mainapp_psoc6pdl.a(cy_sysclk.o)
 .debug_info    0x0001b1a5     0x13c7 C:/Users/ntan/git/BlinkyLED04/BlinkyLED04_mainapp_psoc6pdl/Debug/libBlinkyLED04_mainapp_psoc6pdl.a(cy_sysint.o)
 .debug_info    0x0001c56c     0x2c99 C:/Users/ntan/git/BlinkyLED04/BlinkyLED04_mainapp_psoc6pdl/Debug/libBlinkyLED04_mainapp_psoc6pdl.a(cy_syslib.o)
 .debug_info    0x0001f205     0x44b4 C:/Users/ntan/git/BlinkyLED04/BlinkyLED04_mainapp_psoc6pdl/Debug/libBlinkyLED04_mainapp_psoc6pdl.a(cy_syspm.o)
 .debug_info    0x000236b9     0x30ee C:/Users/ntan/git/BlinkyLED04/BlinkyLED04_mainapp_psoc6pdl/Debug/libBlinkyLED04_mainapp_psoc6pdl.a(cy_prot.o)

.debug_abbrev   0x00000000     0x2b49
 .debug_abbrev  0x00000000       0x14 ./psoc6sw-1.0/components/psoc6pdl/devices/psoc6/startup/gcc/startup_psoc6_01_cm4.o
 .debug_abbrev  0x00000014      0x27e ./psoc6sw-1.0/components/psoc6pdl/devices/psoc6/startup/system_psoc6_cm4.o
 .debug_abbrev  0x00000292      0x229 ./Source/main.o
 .debug_abbrev  0x000004bb      0x156 ./BlinkyLED04_config/GeneratedSource/cycfg.o
 .debug_abbrev  0x00000611       0x2f ./BlinkyLED04_config/GeneratedSource/cycfg_connectivity.o
 .debug_abbrev  0x00000640      0x1a9 ./BlinkyLED04_config/GeneratedSource/cycfg_pins.o
 .debug_abbrev  0x000007e9      0x2d7 ./BlinkyLED04_config/GeneratedSource/cycfg_platform.o
 .debug_abbrev  0x00000ac0       0x14 C:/Users/ntan/git/BlinkyLED04/BlinkyLED04_mainapp_psoc6pdl/Debug/libBlinkyLED04_mainapp_psoc6pdl.a(cy_syslib_gcc.o)
 .debug_abbrev  0x00000ad4       0xab C:/Users/ntan/git/BlinkyLED04/BlinkyLED04_mainapp_psoc6pdl/Debug/libBlinkyLED04_mainapp_psoc6pdl.a(cy_device.o)
 .debug_abbrev  0x00000b7f      0x3ca C:/Users/ntan/git/BlinkyLED04/BlinkyLED04_mainapp_psoc6pdl/Debug/libBlinkyLED04_mainapp_psoc6pdl.a(cy_flash.o)
 .debug_abbrev  0x00000f49      0x2b1 C:/Users/ntan/git/BlinkyLED04/BlinkyLED04_mainapp_psoc6pdl/Debug/libBlinkyLED04_mainapp_psoc6pdl.a(cy_gpio.o)
 .debug_abbrev  0x000011fa      0x1e7 C:/Users/ntan/git/BlinkyLED04/BlinkyLED04_mainapp_psoc6pdl/Debug/libBlinkyLED04_mainapp_psoc6pdl.a(cy_ipc_drv.o)
 .debug_abbrev  0x000013e1      0x390 C:/Users/ntan/git/BlinkyLED04/BlinkyLED04_mainapp_psoc6pdl/Debug/libBlinkyLED04_mainapp_psoc6pdl.a(cy_ipc_pipe.o)
 .debug_abbrev  0x00001771      0x346 C:/Users/ntan/git/BlinkyLED04/BlinkyLED04_mainapp_psoc6pdl/Debug/libBlinkyLED04_mainapp_psoc6pdl.a(cy_ipc_sema.o)
 .debug_abbrev  0x00001ab7      0x467 C:/Users/ntan/git/BlinkyLED04/BlinkyLED04_mainapp_psoc6pdl/Debug/libBlinkyLED04_mainapp_psoc6pdl.a(cy_sysclk.o)
 .debug_abbrev  0x00001f1e      0x266 C:/Users/ntan/git/BlinkyLED04/BlinkyLED04_mainapp_psoc6pdl/Debug/libBlinkyLED04_mainapp_psoc6pdl.a(cy_sysint.o)
 .debug_abbrev  0x00002184      0x39f C:/Users/ntan/git/BlinkyLED04/BlinkyLED04_mainapp_psoc6pdl/Debug/libBlinkyLED04_mainapp_psoc6pdl.a(cy_syslib.o)
 .debug_abbrev  0x00002523      0x38f C:/Users/ntan/git/BlinkyLED04/BlinkyLED04_mainapp_psoc6pdl/Debug/libBlinkyLED04_mainapp_psoc6pdl.a(cy_syspm.o)
 .debug_abbrev  0x000028b2      0x297 C:/Users/ntan/git/BlinkyLED04/BlinkyLED04_mainapp_psoc6pdl/Debug/libBlinkyLED04_mainapp_psoc6pdl.a(cy_prot.o)

.debug_aranges  0x00000000      0x728
 .debug_aranges
                0x00000000       0x20 ./psoc6sw-1.0/components/psoc6pdl/devices/psoc6/startup/gcc/startup_psoc6_01_cm4.o
 .debug_aranges
                0x00000020       0x40 ./psoc6sw-1.0/components/psoc6pdl/devices/psoc6/startup/system_psoc6_cm4.o
 .debug_aranges
                0x00000060       0x20 ./Source/main.o
 .debug_aranges
                0x00000080       0x20 ./BlinkyLED04_config/GeneratedSource/cycfg.o
 .debug_aranges
                0x000000a0       0x20 ./BlinkyLED04_config/GeneratedSource/cycfg_connectivity.o
 .debug_aranges
                0x000000c0       0x20 ./BlinkyLED04_config/GeneratedSource/cycfg_pins.o
 .debug_aranges
                0x000000e0       0x28 ./BlinkyLED04_config/GeneratedSource/cycfg_platform.o
 .debug_aranges
                0x00000108       0x20 C:/Users/ntan/git/BlinkyLED04/BlinkyLED04_mainapp_psoc6pdl/Debug/libBlinkyLED04_mainapp_psoc6pdl.a(cy_syslib_gcc.o)
 .debug_aranges
                0x00000128       0x20 C:/Users/ntan/git/BlinkyLED04/BlinkyLED04_mainapp_psoc6pdl/Debug/libBlinkyLED04_mainapp_psoc6pdl.a(cy_device.o)
 .debug_aranges
                0x00000148       0xb8 C:/Users/ntan/git/BlinkyLED04/BlinkyLED04_mainapp_psoc6pdl/Debug/libBlinkyLED04_mainapp_psoc6pdl.a(cy_flash.o)
 .debug_aranges
                0x00000200       0x48 C:/Users/ntan/git/BlinkyLED04/BlinkyLED04_mainapp_psoc6pdl/Debug/libBlinkyLED04_mainapp_psoc6pdl.a(cy_gpio.o)
 .debug_aranges
                0x00000248       0x30 C:/Users/ntan/git/BlinkyLED04/BlinkyLED04_mainapp_psoc6pdl/Debug/libBlinkyLED04_mainapp_psoc6pdl.a(cy_ipc_drv.o)
 .debug_aranges
                0x00000278       0x68 C:/Users/ntan/git/BlinkyLED04/BlinkyLED04_mainapp_psoc6pdl/Debug/libBlinkyLED04_mainapp_psoc6pdl.a(cy_ipc_pipe.o)
 .debug_aranges
                0x000002e0       0x48 C:/Users/ntan/git/BlinkyLED04/BlinkyLED04_mainapp_psoc6pdl/Debug/libBlinkyLED04_mainapp_psoc6pdl.a(cy_ipc_sema.o)
 .debug_aranges
                0x00000328       0xa8 C:/Users/ntan/git/BlinkyLED04/BlinkyLED04_mainapp_psoc6pdl/Debug/libBlinkyLED04_mainapp_psoc6pdl.a(cy_sysclk.o)
 .debug_aranges
                0x000003d0       0x30 C:/Users/ntan/git/BlinkyLED04/BlinkyLED04_mainapp_psoc6pdl/Debug/libBlinkyLED04_mainapp_psoc6pdl.a(cy_sysint.o)
 .debug_aranges
                0x00000400       0x78 C:/Users/ntan/git/BlinkyLED04/BlinkyLED04_mainapp_psoc6pdl/Debug/libBlinkyLED04_mainapp_psoc6pdl.a(cy_syslib.o)
 .debug_aranges
                0x00000478      0x118 C:/Users/ntan/git/BlinkyLED04/BlinkyLED04_mainapp_psoc6pdl/Debug/libBlinkyLED04_mainapp_psoc6pdl.a(cy_syspm.o)
 .debug_aranges
                0x00000590      0x198 C:/Users/ntan/git/BlinkyLED04/BlinkyLED04_mainapp_psoc6pdl/Debug/libBlinkyLED04_mainapp_psoc6pdl.a(cy_prot.o)

.debug_str      0x00000000    0xda4b6
 .debug_str     0x00000000       0x9b ./psoc6sw-1.0/components/psoc6pdl/devices/psoc6/startup/gcc/startup_psoc6_01_cm4.o
 .debug_str     0x0000009b    0xb3943 ./psoc6sw-1.0/components/psoc6pdl/devices/psoc6/startup/system_psoc6_cm4.o
                              0xb3cab (size before relaxing)
 .debug_str     0x000b39de    0x1bcdd ./Source/main.o
                              0xcdaa1 (size before relaxing)
 .debug_str     0x000cf6bb       0x85 ./BlinkyLED04_config/GeneratedSource/cycfg.o
                              0xba3d7 (size before relaxing)
 .debug_str     0x000cf740       0x56 ./BlinkyLED04_config/GeneratedSource/cycfg_connectivity.o
                               0x2e1a (size before relaxing)
 .debug_str     0x000cf796       0x5f ./BlinkyLED04_config/GeneratedSource/cycfg_pins.o
                              0xb8020 (size before relaxing)
 .debug_str     0x000cf7f5      0xb65 ./BlinkyLED04_config/GeneratedSource/cycfg_platform.o
                              0xb42ed (size before relaxing)
 .debug_str     0x000d035a       0xad C:/Users/ntan/git/BlinkyLED04/BlinkyLED04_mainapp_psoc6pdl/Debug/libBlinkyLED04_mainapp_psoc6pdl.a(cy_syslib_gcc.o)
                                 0xbc (size before relaxing)
 .debug_str     0x000d0407       0x64 C:/Users/ntan/git/BlinkyLED04/BlinkyLED04_mainapp_psoc6pdl/Debug/libBlinkyLED04_mainapp_psoc6pdl.a(cy_device.o)
                              0x5f2ba (size before relaxing)
 .debug_str     0x000d046b     0x1cfb C:/Users/ntan/git/BlinkyLED04/BlinkyLED04_mainapp_psoc6pdl/Debug/libBlinkyLED04_mainapp_psoc6pdl.a(cy_flash.o)
                              0xb721a (size before relaxing)
 .debug_str     0x000d2166      0x523 C:/Users/ntan/git/BlinkyLED04/BlinkyLED04_mainapp_psoc6pdl/Debug/libBlinkyLED04_mainapp_psoc6pdl.a(cy_gpio.o)
                              0xb7fd0 (size before relaxing)
 .debug_str     0x000d2689      0x123 C:/Users/ntan/git/BlinkyLED04/BlinkyLED04_mainapp_psoc6pdl/Debug/libBlinkyLED04_mainapp_psoc6pdl.a(cy_ipc_drv.o)
                              0xb1165 (size before relaxing)
 .debug_str     0x000d27ac      0x324 C:/Users/ntan/git/BlinkyLED04/BlinkyLED04_mainapp_psoc6pdl/Debug/libBlinkyLED04_mainapp_psoc6pdl.a(cy_ipc_pipe.o)
                              0xb3094 (size before relaxing)
 .debug_str     0x000d2ad0     0x2dc6 C:/Users/ntan/git/BlinkyLED04/BlinkyLED04_mainapp_psoc6pdl/Debug/libBlinkyLED04_mainapp_psoc6pdl.a(cy_ipc_sema.o)
                              0xb418d (size before relaxing)
 .debug_str     0x000d5896     0x1ac7 C:/Users/ntan/git/BlinkyLED04/BlinkyLED04_mainapp_psoc6pdl/Debug/libBlinkyLED04_mainapp_psoc6pdl.a(cy_sysclk.o)
                              0xb9486 (size before relaxing)
 .debug_str     0x000d735d       0xe9 C:/Users/ntan/git/BlinkyLED04/BlinkyLED04_mainapp_psoc6pdl/Debug/libBlinkyLED04_mainapp_psoc6pdl.a(cy_sysint.o)
                              0xb246b (size before relaxing)
 .debug_str     0x000d7446      0x858 C:/Users/ntan/git/BlinkyLED04/BlinkyLED04_mainapp_psoc6pdl/Debug/libBlinkyLED04_mainapp_psoc6pdl.a(cy_syslib.o)
                              0xb4f93 (size before relaxing)
 .debug_str     0x000d7c9e     0x1840 C:/Users/ntan/git/BlinkyLED04/BlinkyLED04_mainapp_psoc6pdl/Debug/libBlinkyLED04_mainapp_psoc6pdl.a(cy_syspm.o)
                              0xb85a9 (size before relaxing)
 .debug_str     0x000d94de      0xfd8 C:/Users/ntan/git/BlinkyLED04/BlinkyLED04_mainapp_psoc6pdl/Debug/libBlinkyLED04_mainapp_psoc6pdl.a(cy_prot.o)
                              0xb3b2e (size before relaxing)

.debug_loc      0x00000000     0x7ff9
 .debug_loc     0x00000000      0x20f ./psoc6sw-1.0/components/psoc6pdl/devices/psoc6/startup/system_psoc6_cm4.o
 .debug_loc     0x0000020f       0x2c ./Source/main.o
 .debug_loc     0x0000023b      0x22c ./BlinkyLED04_config/GeneratedSource/cycfg_platform.o
 .debug_loc     0x00000467      0xd93 C:/Users/ntan/git/BlinkyLED04/BlinkyLED04_mainapp_psoc6pdl/Debug/libBlinkyLED04_mainapp_psoc6pdl.a(cy_flash.o)
 .debug_loc     0x000011fa      0x9d8 C:/Users/ntan/git/BlinkyLED04/BlinkyLED04_mainapp_psoc6pdl/Debug/libBlinkyLED04_mainapp_psoc6pdl.a(cy_gpio.o)
 .debug_loc     0x00001bd2      0x3e0 C:/Users/ntan/git/BlinkyLED04/BlinkyLED04_mainapp_psoc6pdl/Debug/libBlinkyLED04_mainapp_psoc6pdl.a(cy_ipc_drv.o)
 .debug_loc     0x00001fb2      0x9d6 C:/Users/ntan/git/BlinkyLED04/BlinkyLED04_mainapp_psoc6pdl/Debug/libBlinkyLED04_mainapp_psoc6pdl.a(cy_ipc_pipe.o)
 .debug_loc     0x00002988      0x83a C:/Users/ntan/git/BlinkyLED04/BlinkyLED04_mainapp_psoc6pdl/Debug/libBlinkyLED04_mainapp_psoc6pdl.a(cy_ipc_sema.o)
 .debug_loc     0x000031c2     0x1a43 C:/Users/ntan/git/BlinkyLED04/BlinkyLED04_mainapp_psoc6pdl/Debug/libBlinkyLED04_mainapp_psoc6pdl.a(cy_sysclk.o)
 .debug_loc     0x00004c05      0x224 C:/Users/ntan/git/BlinkyLED04/BlinkyLED04_mainapp_psoc6pdl/Debug/libBlinkyLED04_mainapp_psoc6pdl.a(cy_sysint.o)
 .debug_loc     0x00004e29      0x18f C:/Users/ntan/git/BlinkyLED04/BlinkyLED04_mainapp_psoc6pdl/Debug/libBlinkyLED04_mainapp_psoc6pdl.a(cy_syslib.o)
 .debug_loc     0x00004fb8     0x105f C:/Users/ntan/git/BlinkyLED04/BlinkyLED04_mainapp_psoc6pdl/Debug/libBlinkyLED04_mainapp_psoc6pdl.a(cy_syspm.o)
 .debug_loc     0x00006017     0x1fe2 C:/Users/ntan/git/BlinkyLED04/BlinkyLED04_mainapp_psoc6pdl/Debug/libBlinkyLED04_mainapp_psoc6pdl.a(cy_prot.o)

.debug_ranges   0x00000000      0xca8
 .debug_ranges  0x00000000       0x48 ./psoc6sw-1.0/components/psoc6pdl/devices/psoc6/startup/system_psoc6_cm4.o
 .debug_ranges  0x00000048       0x10 ./Source/main.o
 .debug_ranges  0x00000058       0x10 ./BlinkyLED04_config/GeneratedSource/cycfg.o
 .debug_ranges  0x00000068       0x10 ./BlinkyLED04_config/GeneratedSource/cycfg_connectivity.o
 .debug_ranges  0x00000078       0x10 ./BlinkyLED04_config/GeneratedSource/cycfg_pins.o
 .debug_ranges  0x00000088       0x60 ./BlinkyLED04_config/GeneratedSource/cycfg_platform.o
 .debug_ranges  0x000000e8       0x10 C:/Users/ntan/git/BlinkyLED04/BlinkyLED04_mainapp_psoc6pdl/Debug/libBlinkyLED04_mainapp_psoc6pdl.a(cy_device.o)
 .debug_ranges  0x000000f8      0x1d8 C:/Users/ntan/git/BlinkyLED04/BlinkyLED04_mainapp_psoc6pdl/Debug/libBlinkyLED04_mainapp_psoc6pdl.a(cy_flash.o)
 .debug_ranges  0x000002d0      0x110 C:/Users/ntan/git/BlinkyLED04/BlinkyLED04_mainapp_psoc6pdl/Debug/libBlinkyLED04_mainapp_psoc6pdl.a(cy_gpio.o)
 .debug_ranges  0x000003e0       0x50 C:/Users/ntan/git/BlinkyLED04/BlinkyLED04_mainapp_psoc6pdl/Debug/libBlinkyLED04_mainapp_psoc6pdl.a(cy_ipc_drv.o)
 .debug_ranges  0x00000430       0xb8 C:/Users/ntan/git/BlinkyLED04/BlinkyLED04_mainapp_psoc6pdl/Debug/libBlinkyLED04_mainapp_psoc6pdl.a(cy_ipc_pipe.o)
 .debug_ranges  0x000004e8       0x80 C:/Users/ntan/git/BlinkyLED04/BlinkyLED04_mainapp_psoc6pdl/Debug/libBlinkyLED04_mainapp_psoc6pdl.a(cy_ipc_sema.o)
 .debug_ranges  0x00000568      0x278 C:/Users/ntan/git/BlinkyLED04/BlinkyLED04_mainapp_psoc6pdl/Debug/libBlinkyLED04_mainapp_psoc6pdl.a(cy_sysclk.o)
 .debug_ranges  0x000007e0       0x38 C:/Users/ntan/git/BlinkyLED04/BlinkyLED04_mainapp_psoc6pdl/Debug/libBlinkyLED04_mainapp_psoc6pdl.a(cy_sysint.o)
 .debug_ranges  0x00000818       0x68 C:/Users/ntan/git/BlinkyLED04/BlinkyLED04_mainapp_psoc6pdl/Debug/libBlinkyLED04_mainapp_psoc6pdl.a(cy_syslib.o)
 .debug_ranges  0x00000880      0x288 C:/Users/ntan/git/BlinkyLED04/BlinkyLED04_mainapp_psoc6pdl/Debug/libBlinkyLED04_mainapp_psoc6pdl.a(cy_syspm.o)
 .debug_ranges  0x00000b08      0x1a0 C:/Users/ntan/git/BlinkyLED04/BlinkyLED04_mainapp_psoc6pdl/Debug/libBlinkyLED04_mainapp_psoc6pdl.a(cy_prot.o)

.debug_macro    0x00000000    0x23fd7
 .debug_macro   0x00000000      0x427 ./psoc6sw-1.0/components/psoc6pdl/devices/psoc6/startup/system_psoc6_cm4.o
 .debug_macro   0x00000427      0xa5a ./psoc6sw-1.0/components/psoc6pdl/devices/psoc6/startup/system_psoc6_cm4.o
 .debug_macro   0x00000e81       0x22 ./psoc6sw-1.0/components/psoc6pdl/devices/psoc6/startup/system_psoc6_cm4.o
 .debug_macro   0x00000ea3       0x22 ./psoc6sw-1.0/components/psoc6pdl/devices/psoc6/startup/system_psoc6_cm4.o
 .debug_macro   0x00000ec5       0x87 ./psoc6sw-1.0/components/psoc6pdl/devices/psoc6/startup/system_psoc6_cm4.o
 .debug_macro   0x00000f4c       0x51 ./psoc6sw-1.0/components/psoc6pdl/devices/psoc6/startup/system_psoc6_cm4.o
 .debug_macro   0x00000f9d       0xef ./psoc6sw-1.0/components/psoc6pdl/devices/psoc6/startup/system_psoc6_cm4.o
 .debug_macro   0x0000108c       0x6a ./psoc6sw-1.0/components/psoc6pdl/devices/psoc6/startup/system_psoc6_cm4.o
 .debug_macro   0x000010f6      0x1df ./psoc6sw-1.0/components/psoc6pdl/devices/psoc6/startup/system_psoc6_cm4.o
 .debug_macro   0x000012d5       0x97 ./psoc6sw-1.0/components/psoc6pdl/devices/psoc6/startup/system_psoc6_cm4.o
 .debug_macro   0x0000136c      0x174 ./psoc6sw-1.0/components/psoc6pdl/devices/psoc6/startup/system_psoc6_cm4.o
 .debug_macro   0x000014e0       0x1c ./psoc6sw-1.0/components/psoc6pdl/devices/psoc6/startup/system_psoc6_cm4.o
 .debug_macro   0x000014fc      0x50a ./psoc6sw-1.0/components/psoc6pdl/devices/psoc6/startup/system_psoc6_cm4.o
 .debug_macro   0x00001a06      0x6e1 ./psoc6sw-1.0/components/psoc6pdl/devices/psoc6/startup/system_psoc6_cm4.o
 .debug_macro   0x000020e7      0xa7a ./psoc6sw-1.0/components/psoc6pdl/devices/psoc6/startup/system_psoc6_cm4.o
 .debug_macro   0x00002b61      0xdec ./psoc6sw-1.0/components/psoc6pdl/devices/psoc6/startup/system_psoc6_cm4.o
 .debug_macro   0x0000394d      0x9e3 ./psoc6sw-1.0/components/psoc6pdl/devices/psoc6/startup/system_psoc6_cm4.o
 .debug_macro   0x00004330      0x9e4 ./psoc6sw-1.0/components/psoc6pdl/devices/psoc6/startup/system_psoc6_cm4.o
 .debug_macro   0x00004d14       0xbe ./psoc6sw-1.0/components/psoc6pdl/devices/psoc6/startup/system_psoc6_cm4.o
 .debug_macro   0x00004dd2       0xfa ./psoc6sw-1.0/components/psoc6pdl/devices/psoc6/startup/system_psoc6_cm4.o
 .debug_macro   0x00004ecc      0x5f8 ./psoc6sw-1.0/components/psoc6pdl/devices/psoc6/startup/system_psoc6_cm4.o
 .debug_macro   0x000054c4      0xb49 ./psoc6sw-1.0/components/psoc6pdl/devices/psoc6/startup/system_psoc6_cm4.o
 .debug_macro   0x0000600d      0x3a8 ./psoc6sw-1.0/components/psoc6pdl/devices/psoc6/startup/system_psoc6_cm4.o
 .debug_macro   0x000063b5      0x8bb ./psoc6sw-1.0/components/psoc6pdl/devices/psoc6/startup/system_psoc6_cm4.o
 .debug_macro   0x00006c70      0x3bd ./psoc6sw-1.0/components/psoc6pdl/devices/psoc6/startup/system_psoc6_cm4.o
 .debug_macro   0x0000702d     0x1218 ./psoc6sw-1.0/components/psoc6pdl/devices/psoc6/startup/system_psoc6_cm4.o
 .debug_macro   0x00008245       0xca ./psoc6sw-1.0/components/psoc6pdl/devices/psoc6/startup/system_psoc6_cm4.o
 .debug_macro   0x0000830f      0x6aa ./psoc6sw-1.0/components/psoc6pdl/devices/psoc6/startup/system_psoc6_cm4.o
 .debug_macro   0x000089b9      0x6aa ./psoc6sw-1.0/components/psoc6pdl/devices/psoc6/startup/system_psoc6_cm4.o
 .debug_macro   0x00009063      0x118 ./psoc6sw-1.0/components/psoc6pdl/devices/psoc6/startup/system_psoc6_cm4.o
 .debug_macro   0x0000917b      0x124 ./psoc6sw-1.0/components/psoc6pdl/devices/psoc6/startup/system_psoc6_cm4.o
 .debug_macro   0x0000929f     0x2cd8 ./psoc6sw-1.0/components/psoc6pdl/devices/psoc6/startup/system_psoc6_cm4.o
 .debug_macro   0x0000bf77      0x1e1 ./psoc6sw-1.0/components/psoc6pdl/devices/psoc6/startup/system_psoc6_cm4.o
 .debug_macro   0x0000c158      0x294 ./psoc6sw-1.0/components/psoc6pdl/devices/psoc6/startup/system_psoc6_cm4.o
 .debug_macro   0x0000c3ec      0x384 ./psoc6sw-1.0/components/psoc6pdl/devices/psoc6/startup/system_psoc6_cm4.o
 .debug_macro   0x0000c770      0x517 ./psoc6sw-1.0/components/psoc6pdl/devices/psoc6/startup/system_psoc6_cm4.o
 .debug_macro   0x0000cc87      0x22d ./psoc6sw-1.0/components/psoc6pdl/devices/psoc6/startup/system_psoc6_cm4.o
 .debug_macro   0x0000ceb4       0xd0 ./psoc6sw-1.0/components/psoc6pdl/devices/psoc6/startup/system_psoc6_cm4.o
 .debug_macro   0x0000cf84     0x11aa ./psoc6sw-1.0/components/psoc6pdl/devices/psoc6/startup/system_psoc6_cm4.o
 .debug_macro   0x0000e12e      0x106 ./psoc6sw-1.0/components/psoc6pdl/devices/psoc6/startup/system_psoc6_cm4.o
 .debug_macro   0x0000e234     0x13c9 ./psoc6sw-1.0/components/psoc6pdl/devices/psoc6/startup/system_psoc6_cm4.o
 .debug_macro   0x0000f5fd       0x3b ./psoc6sw-1.0/components/psoc6pdl/devices/psoc6/startup/system_psoc6_cm4.o
 .debug_macro   0x0000f638       0x1c ./psoc6sw-1.0/components/psoc6pdl/devices/psoc6/startup/system_psoc6_cm4.o
 .debug_macro   0x0000f654       0x22 ./psoc6sw-1.0/components/psoc6pdl/devices/psoc6/startup/system_psoc6_cm4.o
 .debug_macro   0x0000f676       0xdf ./psoc6sw-1.0/components/psoc6pdl/devices/psoc6/startup/system_psoc6_cm4.o
 .debug_macro   0x0000f755      0xff5 ./psoc6sw-1.0/components/psoc6pdl/devices/psoc6/startup/system_psoc6_cm4.o
 .debug_macro   0x0001074a       0xe2 ./psoc6sw-1.0/components/psoc6pdl/devices/psoc6/startup/system_psoc6_cm4.o
 .debug_macro   0x0001082c       0x66 ./psoc6sw-1.0/components/psoc6pdl/devices/psoc6/startup/system_psoc6_cm4.o
 .debug_macro   0x00010892      0x1fc ./psoc6sw-1.0/components/psoc6pdl/devices/psoc6/startup/system_psoc6_cm4.o
 .debug_macro   0x00010a8e      0x199 ./psoc6sw-1.0/components/psoc6pdl/devices/psoc6/startup/system_psoc6_cm4.o
 .debug_macro   0x00010c27      0x60d ./psoc6sw-1.0/components/psoc6pdl/devices/psoc6/startup/system_psoc6_cm4.o
 .debug_macro   0x00011234       0xd6 ./psoc6sw-1.0/components/psoc6pdl/devices/psoc6/startup/system_psoc6_cm4.o
 .debug_macro   0x0001130a      0x66c ./psoc6sw-1.0/components/psoc6pdl/devices/psoc6/startup/system_psoc6_cm4.o
 .debug_macro   0x00011976      0x28c ./psoc6sw-1.0/components/psoc6pdl/devices/psoc6/startup/system_psoc6_cm4.o
 .debug_macro   0x00011c02      0x930 ./psoc6sw-1.0/components/psoc6pdl/devices/psoc6/startup/system_psoc6_cm4.o
 .debug_macro   0x00012532      0x269 ./psoc6sw-1.0/components/psoc6pdl/devices/psoc6/startup/system_psoc6_cm4.o
 .debug_macro   0x0001279b     0x29fe ./psoc6sw-1.0/components/psoc6pdl/devices/psoc6/startup/system_psoc6_cm4.o
 .debug_macro   0x00015199     0x21b6 ./psoc6sw-1.0/components/psoc6pdl/devices/psoc6/startup/system_psoc6_cm4.o
 .debug_macro   0x0001734f      0x5a1 ./psoc6sw-1.0/components/psoc6pdl/devices/psoc6/startup/system_psoc6_cm4.o
 .debug_macro   0x000178f0     0x103a ./psoc6sw-1.0/components/psoc6pdl/devices/psoc6/startup/system_psoc6_cm4.o
 .debug_macro   0x0001892a      0x526 ./psoc6sw-1.0/components/psoc6pdl/devices/psoc6/startup/system_psoc6_cm4.o
 .debug_macro   0x00018e50      0x10c ./psoc6sw-1.0/components/psoc6pdl/devices/psoc6/startup/system_psoc6_cm4.o
 .debug_macro   0x00018f5c      0xd79 ./psoc6sw-1.0/components/psoc6pdl/devices/psoc6/startup/system_psoc6_cm4.o
 .debug_macro   0x00019cd5      0x166 ./psoc6sw-1.0/components/psoc6pdl/devices/psoc6/startup/system_psoc6_cm4.o
 .debug_macro   0x00019e3b     0x142b ./psoc6sw-1.0/components/psoc6pdl/devices/psoc6/startup/system_psoc6_cm4.o
 .debug_macro   0x0001b266      0xa50 ./psoc6sw-1.0/components/psoc6pdl/devices/psoc6/startup/system_psoc6_cm4.o
 .debug_macro   0x0001bcb6      0xef2 ./psoc6sw-1.0/components/psoc6pdl/devices/psoc6/startup/system_psoc6_cm4.o
 .debug_macro   0x0001cba8      0x3a7 ./psoc6sw-1.0/components/psoc6pdl/devices/psoc6/startup/system_psoc6_cm4.o
 .debug_macro   0x0001cf4f       0x5f ./psoc6sw-1.0/components/psoc6pdl/devices/psoc6/startup/system_psoc6_cm4.o
 .debug_macro   0x0001cfae       0x43 ./psoc6sw-1.0/components/psoc6pdl/devices/psoc6/startup/system_psoc6_cm4.o
 .debug_macro   0x0001cff1       0x22 ./psoc6sw-1.0/components/psoc6pdl/devices/psoc6/startup/system_psoc6_cm4.o
 .debug_macro   0x0001d013       0xcf ./psoc6sw-1.0/components/psoc6pdl/devices/psoc6/startup/system_psoc6_cm4.o
 .debug_macro   0x0001d0e2       0x7b ./psoc6sw-1.0/components/psoc6pdl/devices/psoc6/startup/system_psoc6_cm4.o
 .debug_macro   0x0001d15d       0x5e ./psoc6sw-1.0/components/psoc6pdl/devices/psoc6/startup/system_psoc6_cm4.o
 .debug_macro   0x0001d1bb      0x60a ./Source/main.o
 .debug_macro   0x0001d7c5       0x9d ./Source/main.o
 .debug_macro   0x0001d862       0x2b ./Source/main.o
 .debug_macro   0x0001d88d       0xe7 ./Source/main.o
 .debug_macro   0x0001d974      0x169 ./Source/main.o
 .debug_macro   0x0001dadd      0x353 ./Source/main.o
 .debug_macro   0x0001de30       0x43 ./Source/main.o
 .debug_macro   0x0001de73       0xdd ./Source/main.o
 .debug_macro   0x0001df50       0x58 ./Source/main.o
 .debug_macro   0x0001dfa8       0xac ./Source/main.o
 .debug_macro   0x0001e054      0x138 ./Source/main.o
 .debug_macro   0x0001e18c       0x22 ./Source/main.o
 .debug_macro   0x0001e1ae      0x2e3 ./Source/main.o
 .debug_macro   0x0001e491      0x11c ./Source/main.o
 .debug_macro   0x0001e5ad       0x81 ./Source/main.o
 .debug_macro   0x0001e62e       0x28 ./Source/main.o
 .debug_macro   0x0001e656      0x100 ./Source/main.o
 .debug_macro   0x0001e756       0x34 ./Source/main.o
 .debug_macro   0x0001e78a       0xb3 ./Source/main.o
 .debug_macro   0x0001e83d       0xf2 ./Source/main.o
 .debug_macro   0x0001e92f       0x51 ./Source/main.o
 .debug_macro   0x0001e980      0x170 ./Source/main.o
 .debug_macro   0x0001eaf0      0x25e ./Source/main.o
 .debug_macro   0x0001ed4e      0x115 ./Source/main.o
 .debug_macro   0x0001ee63      0x281 ./Source/main.o
 .debug_macro   0x0001f0e4       0x89 ./Source/main.o
 .debug_macro   0x0001f16d      0x306 ./Source/main.o
 .debug_macro   0x0001f473      0x10e ./Source/main.o
 .debug_macro   0x0001f581      0x1a1 ./Source/main.o
 .debug_macro   0x0001f722       0x7b ./Source/main.o
 .debug_macro   0x0001f79d      0x211 ./Source/main.o
 .debug_macro   0x0001f9ae       0x26 ./Source/main.o
 .debug_macro   0x0001f9d4      0x131 ./Source/main.o
 .debug_macro   0x0001fb05       0x79 ./Source/main.o
 .debug_macro   0x0001fb7e       0xf3 ./Source/main.o
 .debug_macro   0x0001fc71       0x34 ./Source/main.o
 .debug_macro   0x0001fca5       0x89 ./Source/main.o
 .debug_macro   0x0001fd2e       0x1c ./Source/main.o
 .debug_macro   0x0001fd4a       0xa0 ./Source/main.o
 .debug_macro   0x0001fdea      0x38c ./BlinkyLED04_config/GeneratedSource/cycfg.o
 .debug_macro   0x00020176       0x51 ./BlinkyLED04_config/GeneratedSource/cycfg.o
 .debug_macro   0x000201c7       0x2a ./BlinkyLED04_config/GeneratedSource/cycfg_connectivity.o
 .debug_macro   0x000201f1       0x16 ./BlinkyLED04_config/GeneratedSource/cycfg_connectivity.o
 .debug_macro   0x00020207      0x34e ./BlinkyLED04_config/GeneratedSource/cycfg_pins.o
 .debug_macro   0x00020555      0x3f0 ./BlinkyLED04_config/GeneratedSource/cycfg_platform.o
 .debug_macro   0x00020945      0x3ae ./BlinkyLED04_config/GeneratedSource/cycfg_platform.o
 .debug_macro   0x00020cf3      0x186 C:/Users/ntan/git/BlinkyLED04/BlinkyLED04_mainapp_psoc6pdl/Debug/libBlinkyLED04_mainapp_psoc6pdl.a(cy_device.o)
 .debug_macro   0x00020e79      0x52a C:/Users/ntan/git/BlinkyLED04/BlinkyLED04_mainapp_psoc6pdl/Debug/libBlinkyLED04_mainapp_psoc6pdl.a(cy_flash.o)
 .debug_macro   0x000213a3       0x58 C:/Users/ntan/git/BlinkyLED04/BlinkyLED04_mainapp_psoc6pdl/Debug/libBlinkyLED04_mainapp_psoc6pdl.a(cy_flash.o)
 .debug_macro   0x000213fb      0x338 C:/Users/ntan/git/BlinkyLED04/BlinkyLED04_mainapp_psoc6pdl/Debug/libBlinkyLED04_mainapp_psoc6pdl.a(cy_gpio.o)
 .debug_macro   0x00021733      0x32b C:/Users/ntan/git/BlinkyLED04/BlinkyLED04_mainapp_psoc6pdl/Debug/libBlinkyLED04_mainapp_psoc6pdl.a(cy_ipc_drv.o)
 .debug_macro   0x00021a5e      0x34f C:/Users/ntan/git/BlinkyLED04/BlinkyLED04_mainapp_psoc6pdl/Debug/libBlinkyLED04_mainapp_psoc6pdl.a(cy_ipc_pipe.o)
 .debug_macro   0x00021dad      0x404 C:/Users/ntan/git/BlinkyLED04/BlinkyLED04_mainapp_psoc6pdl/Debug/libBlinkyLED04_mainapp_psoc6pdl.a(cy_ipc_sema.o)
 .debug_macro   0x000221b1       0x58 C:/Users/ntan/git/BlinkyLED04/BlinkyLED04_mainapp_psoc6pdl/Debug/libBlinkyLED04_mainapp_psoc6pdl.a(cy_ipc_sema.o)
 .debug_macro   0x00022209       0x17 C:/Users/ntan/git/BlinkyLED04/BlinkyLED04_mainapp_psoc6pdl/Debug/libBlinkyLED04_mainapp_psoc6pdl.a(cy_ipc_sema.o)
 .debug_macro   0x00022220       0x35 C:/Users/ntan/git/BlinkyLED04/BlinkyLED04_mainapp_psoc6pdl/Debug/libBlinkyLED04_mainapp_psoc6pdl.a(cy_ipc_sema.o)
 .debug_macro   0x00022255       0x9c C:/Users/ntan/git/BlinkyLED04/BlinkyLED04_mainapp_psoc6pdl/Debug/libBlinkyLED04_mainapp_psoc6pdl.a(cy_ipc_sema.o)
 .debug_macro   0x000222f1       0x58 C:/Users/ntan/git/BlinkyLED04/BlinkyLED04_mainapp_psoc6pdl/Debug/libBlinkyLED04_mainapp_psoc6pdl.a(cy_ipc_sema.o)
 .debug_macro   0x00022349       0x1f C:/Users/ntan/git/BlinkyLED04/BlinkyLED04_mainapp_psoc6pdl/Debug/libBlinkyLED04_mainapp_psoc6pdl.a(cy_ipc_sema.o)
 .debug_macro   0x00022368       0x43 C:/Users/ntan/git/BlinkyLED04/BlinkyLED04_mainapp_psoc6pdl/Debug/libBlinkyLED04_mainapp_psoc6pdl.a(cy_ipc_sema.o)
 .debug_macro   0x000223ab       0x20 C:/Users/ntan/git/BlinkyLED04/BlinkyLED04_mainapp_psoc6pdl/Debug/libBlinkyLED04_mainapp_psoc6pdl.a(cy_ipc_sema.o)
 .debug_macro   0x000223cb      0x18e C:/Users/ntan/git/BlinkyLED04/BlinkyLED04_mainapp_psoc6pdl/Debug/libBlinkyLED04_mainapp_psoc6pdl.a(cy_ipc_sema.o)
 .debug_macro   0x00022559      0x32a C:/Users/ntan/git/BlinkyLED04/BlinkyLED04_mainapp_psoc6pdl/Debug/libBlinkyLED04_mainapp_psoc6pdl.a(cy_ipc_sema.o)
 .debug_macro   0x00022883       0x10 C:/Users/ntan/git/BlinkyLED04/BlinkyLED04_mainapp_psoc6pdl/Debug/libBlinkyLED04_mainapp_psoc6pdl.a(cy_ipc_sema.o)
 .debug_macro   0x00022893       0x35 C:/Users/ntan/git/BlinkyLED04/BlinkyLED04_mainapp_psoc6pdl/Debug/libBlinkyLED04_mainapp_psoc6pdl.a(cy_ipc_sema.o)
 .debug_macro   0x000228c8      0x557 C:/Users/ntan/git/BlinkyLED04/BlinkyLED04_mainapp_psoc6pdl/Debug/libBlinkyLED04_mainapp_psoc6pdl.a(cy_sysclk.o)
 .debug_macro   0x00022e1f      0x1e1 C:/Users/ntan/git/BlinkyLED04/BlinkyLED04_mainapp_psoc6pdl/Debug/libBlinkyLED04_mainapp_psoc6pdl.a(cy_sysclk.o)
 .debug_macro   0x00023000       0x16 C:/Users/ntan/git/BlinkyLED04/BlinkyLED04_mainapp_psoc6pdl/Debug/libBlinkyLED04_mainapp_psoc6pdl.a(cy_sysclk.o)
 .debug_macro   0x00023016       0x16 C:/Users/ntan/git/BlinkyLED04/BlinkyLED04_mainapp_psoc6pdl/Debug/libBlinkyLED04_mainapp_psoc6pdl.a(cy_sysclk.o)
 .debug_macro   0x0002302c       0x29 C:/Users/ntan/git/BlinkyLED04/BlinkyLED04_mainapp_psoc6pdl/Debug/libBlinkyLED04_mainapp_psoc6pdl.a(cy_sysclk.o)
 .debug_macro   0x00023055      0x32c C:/Users/ntan/git/BlinkyLED04/BlinkyLED04_mainapp_psoc6pdl/Debug/libBlinkyLED04_mainapp_psoc6pdl.a(cy_sysint.o)
 .debug_macro   0x00023381      0x416 C:/Users/ntan/git/BlinkyLED04/BlinkyLED04_mainapp_psoc6pdl/Debug/libBlinkyLED04_mainapp_psoc6pdl.a(cy_syslib.o)
 .debug_macro   0x00023797      0x509 C:/Users/ntan/git/BlinkyLED04/BlinkyLED04_mainapp_psoc6pdl/Debug/libBlinkyLED04_mainapp_psoc6pdl.a(cy_syspm.o)
 .debug_macro   0x00023ca0      0x337 C:/Users/ntan/git/BlinkyLED04/BlinkyLED04_mainapp_psoc6pdl/Debug/libBlinkyLED04_mainapp_psoc6pdl.a(cy_prot.o)

.debug_frame    0x00000000     0x1378
 .debug_frame   0x00000000       0x78 ./psoc6sw-1.0/components/psoc6pdl/devices/psoc6/startup/system_psoc6_cm4.o
 .debug_frame   0x00000078       0x28 ./Source/main.o
 .debug_frame   0x000000a0       0x28 ./BlinkyLED04_config/GeneratedSource/cycfg.o
 .debug_frame   0x000000c8       0x20 ./BlinkyLED04_config/GeneratedSource/cycfg_connectivity.o
 .debug_frame   0x000000e8       0x28 ./BlinkyLED04_config/GeneratedSource/cycfg_pins.o
 .debug_frame   0x00000110       0x38 ./BlinkyLED04_config/GeneratedSource/cycfg_platform.o
 .debug_frame   0x00000148       0x20 C:/Users/ntan/git/BlinkyLED04/BlinkyLED04_mainapp_psoc6pdl/Debug/libBlinkyLED04_mainapp_psoc6pdl.a(cy_device.o)
 .debug_frame   0x00000168      0x20c C:/Users/ntan/git/BlinkyLED04/BlinkyLED04_mainapp_psoc6pdl/Debug/libBlinkyLED04_mainapp_psoc6pdl.a(cy_flash.o)
 .debug_frame   0x00000374       0xfc C:/Users/ntan/git/BlinkyLED04/BlinkyLED04_mainapp_psoc6pdl/Debug/libBlinkyLED04_mainapp_psoc6pdl.a(cy_gpio.o)
 .debug_frame   0x00000470       0x64 C:/Users/ntan/git/BlinkyLED04/BlinkyLED04_mainapp_psoc6pdl/Debug/libBlinkyLED04_mainapp_psoc6pdl.a(cy_ipc_drv.o)
 .debug_frame   0x000004d4      0x130 C:/Users/ntan/git/BlinkyLED04/BlinkyLED04_mainapp_psoc6pdl/Debug/libBlinkyLED04_mainapp_psoc6pdl.a(cy_ipc_pipe.o)
 .debug_frame   0x00000604       0xb8 C:/Users/ntan/git/BlinkyLED04/BlinkyLED04_mainapp_psoc6pdl/Debug/libBlinkyLED04_mainapp_psoc6pdl.a(cy_ipc_sema.o)
 .debug_frame   0x000006bc      0x2ac C:/Users/ntan/git/BlinkyLED04/BlinkyLED04_mainapp_psoc6pdl/Debug/libBlinkyLED04_mainapp_psoc6pdl.a(cy_sysclk.o)
 .debug_frame   0x00000968       0x60 C:/Users/ntan/git/BlinkyLED04/BlinkyLED04_mainapp_psoc6pdl/Debug/libBlinkyLED04_mainapp_psoc6pdl.a(cy_sysint.o)
 .debug_frame   0x000009c8      0x114 C:/Users/ntan/git/BlinkyLED04/BlinkyLED04_mainapp_psoc6pdl/Debug/libBlinkyLED04_mainapp_psoc6pdl.a(cy_syslib.o)
 .debug_frame   0x00000adc      0x358 C:/Users/ntan/git/BlinkyLED04/BlinkyLED04_mainapp_psoc6pdl/Debug/libBlinkyLED04_mainapp_psoc6pdl.a(cy_syspm.o)
 .debug_frame   0x00000e34      0x4f8 C:/Users/ntan/git/BlinkyLED04/BlinkyLED04_mainapp_psoc6pdl/Debug/libBlinkyLED04_mainapp_psoc6pdl.a(cy_prot.o)
 .debug_frame   0x0000132c       0x20 c:/users/ntan/modustoolbox_1.0/tools/gcc-7.2.1-1.0/bin/../lib/gcc/arm-none-eabi/7.2.1/../../../../arm-none-eabi/lib/thumb/v7e-m/fpv4-sp/softfp\libg_nano.a(lib_a-memset.o)
 .debug_frame   0x0000134c       0x2c c:/users/ntan/modustoolbox_1.0/tools/gcc-7.2.1-1.0/bin/../lib/gcc/arm-none-eabi/7.2.1/../../../../arm-none-eabi/lib/thumb/v7e-m/fpv4-sp/softfp\libg_nano.a(lib_a-strncpy.o)
