Archive member included to satisfy reference by file (symbol)

C:/Users/ntan/git/BlinkyLED04/BlinkyLED04_mainapp_cm0p_psoc6pdl/Debug/libBlinkyLED04_mainapp_cm0p_psoc6pdl.a(cy_syslib_gcc.o)
                              ./psoc6sw-1.0/components/psoc6pdl/devices/psoc6/startup/system_psoc6_cm0plus.o (Cy_SysLib_EnterCriticalSection)
C:/Users/ntan/git/BlinkyLED04/BlinkyLED04_mainapp_cm0p_psoc6pdl/Debug/libBlinkyLED04_mainapp_cm0p_psoc6pdl.a(cy_device.o)
                              ./psoc6sw-1.0/components/psoc6pdl/devices/psoc6/startup/system_psoc6_cm0plus.o (Cy_PDL_Init)
C:/Users/ntan/git/BlinkyLED04/BlinkyLED04_mainapp_cm0p_psoc6pdl/Debug/libBlinkyLED04_mainapp_cm0p_psoc6pdl.a(cy_flash.o)
                              ./psoc6sw-1.0/components/psoc6pdl/devices/psoc6/startup/system_psoc6_cm0plus.o (Cy_Flash_Init)
C:/Users/ntan/git/BlinkyLED04/BlinkyLED04_mainapp_cm0p_psoc6pdl/Debug/libBlinkyLED04_mainapp_cm0p_psoc6pdl.a(cy_gpio.o)
                              ./BlinkyLED04_config/GeneratedSource/cycfg_pins.o (Cy_GPIO_Pin_Init)
C:/Users/ntan/git/BlinkyLED04/BlinkyLED04_mainapp_cm0p_psoc6pdl/Debug/libBlinkyLED04_mainapp_cm0p_psoc6pdl.a(cy_ipc_drv.o)
                              C:/Users/ntan/git/BlinkyLED04/BlinkyLED04_mainapp_cm0p_psoc6pdl/Debug/libBlinkyLED04_mainapp_cm0p_psoc6pdl.a(cy_flash.o) (Cy_IPC_Drv_SendMsgWord)
C:/Users/ntan/git/BlinkyLED04/BlinkyLED04_mainapp_cm0p_psoc6pdl/Debug/libBlinkyLED04_mainapp_cm0p_psoc6pdl.a(cy_ipc_pipe.o)
                              ./psoc6sw-1.0/components/psoc6pdl/devices/psoc6/startup/system_psoc6_cm0plus.o (Cy_IPC_Pipe_Config)
C:/Users/ntan/git/BlinkyLED04/BlinkyLED04_mainapp_cm0p_psoc6pdl/Debug/libBlinkyLED04_mainapp_cm0p_psoc6pdl.a(cy_ipc_sema.o)
                              ./psoc6sw-1.0/components/psoc6pdl/devices/psoc6/startup/system_psoc6_cm0plus.o (Cy_IPC_Sema_Init)
C:/Users/ntan/git/BlinkyLED04/BlinkyLED04_mainapp_cm0p_psoc6pdl/Debug/libBlinkyLED04_mainapp_cm0p_psoc6pdl.a(cy_sysclk.o)
                              ./BlinkyLED04_config/GeneratedSource/cycfg_platform.o (Cy_SysClk_ClkPathSetSource)
C:/Users/ntan/git/BlinkyLED04/BlinkyLED04_mainapp_cm0p_psoc6pdl/Debug/libBlinkyLED04_mainapp_cm0p_psoc6pdl.a(cy_sysint.o)
                              C:/Users/ntan/git/BlinkyLED04/BlinkyLED04_mainapp_cm0p_psoc6pdl/Debug/libBlinkyLED04_mainapp_cm0p_psoc6pdl.a(cy_ipc_pipe.o) (Cy_SysInt_Init)
C:/Users/ntan/git/BlinkyLED04/BlinkyLED04_mainapp_cm0p_psoc6pdl/Debug/libBlinkyLED04_mainapp_cm0p_psoc6pdl.a(cy_syslib.o)
                              ./Source_cm0p/main.o (Cy_SysLib_Delay)
C:/Users/ntan/git/BlinkyLED04/BlinkyLED04_mainapp_cm0p_psoc6pdl/Debug/libBlinkyLED04_mainapp_cm0p_psoc6pdl.a(cy_syspm.o)
                              ./BlinkyLED04_config/GeneratedSource/cycfg_platform.o (Cy_SysPm_LdoSetVoltage)
C:/Users/ntan/git/BlinkyLED04/BlinkyLED04_mainapp_cm0p_psoc6pdl/Debug/libBlinkyLED04_mainapp_cm0p_psoc6pdl.a(cy_wdt.o)
                              ./psoc6sw-1.0/components/psoc6pdl/devices/psoc6/startup/system_psoc6_cm0plus.o (Cy_WDT_Unlock)
C:/Users/ntan/git/BlinkyLED04/BlinkyLED04_mainapp_cm0p_psoc6pdl/Debug/libBlinkyLED04_mainapp_cm0p_psoc6pdl.a(cy_prot.o)
                              C:/Users/ntan/git/BlinkyLED04/BlinkyLED04_mainapp_cm0p_psoc6pdl/Debug/libBlinkyLED04_mainapp_cm0p_psoc6pdl.a(cy_syspm.o) (Cy_Prot_GetActivePC)
c:/users/ntan/modustoolbox_1.0/tools/gcc-7.2.1-1.0/bin/../lib/gcc/arm-none-eabi/7.2.1/thumb/v6-m\libgcc.a(_udivsi3.o)
                              ./psoc6sw-1.0/components/psoc6pdl/devices/psoc6/startup/system_psoc6_cm0plus.o (__aeabi_uidiv)
c:/users/ntan/modustoolbox_1.0/tools/gcc-7.2.1-1.0/bin/../lib/gcc/arm-none-eabi/7.2.1/thumb/v6-m\libgcc.a(_dvmd_tls.o)
                              c:/users/ntan/modustoolbox_1.0/tools/gcc-7.2.1-1.0/bin/../lib/gcc/arm-none-eabi/7.2.1/thumb/v6-m\libgcc.a(_udivsi3.o) (__aeabi_idiv0)
c:/users/ntan/modustoolbox_1.0/tools/gcc-7.2.1-1.0/bin/../lib/gcc/arm-none-eabi/7.2.1/thumb/v6-m\libgcc.a(_arm_cmpsf2.o)
                              C:/Users/ntan/git/BlinkyLED04/BlinkyLED04_mainapp_cm0p_psoc6pdl/Debug/libBlinkyLED04_mainapp_cm0p_psoc6pdl.a(cy_sysclk.o) (__aeabi_fcmplt)
c:/users/ntan/modustoolbox_1.0/tools/gcc-7.2.1-1.0/bin/../lib/gcc/arm-none-eabi/7.2.1/thumb/v6-m\libgcc.a(_aeabi_uldivmod.o)
                              C:/Users/ntan/git/BlinkyLED04/BlinkyLED04_mainapp_cm0p_psoc6pdl/Debug/libBlinkyLED04_mainapp_cm0p_psoc6pdl.a(cy_sysclk.o) (__aeabi_uldivmod)
c:/users/ntan/modustoolbox_1.0/tools/gcc-7.2.1-1.0/bin/../lib/gcc/arm-none-eabi/7.2.1/thumb/v6-m\libgcc.a(_muldi3.o)
                              C:/Users/ntan/git/BlinkyLED04/BlinkyLED04_mainapp_cm0p_psoc6pdl/Debug/libBlinkyLED04_mainapp_cm0p_psoc6pdl.a(cy_sysclk.o) (__aeabi_lmul)
c:/users/ntan/modustoolbox_1.0/tools/gcc-7.2.1-1.0/bin/../lib/gcc/arm-none-eabi/7.2.1/thumb/v6-m\libgcc.a(_fixunssfsi.o)
[...]
Memory Configuration

Name             Origin             Length             Attributes
ram              0x08000000         0x00024000         xrw
flash            0x10000000         0x00080000         xr
em_eeprom        0x14000000         0x00008000         xr
sflash_user_data 0x16000800         0x00000800         xr
sflash_nar       0x16001a00         0x00000200         xr
sflash_public_key 0x16005a00         0x00000c00         xr
sflash_toc_2     0x16007c00         0x00000200         xr
sflash_rtoc_2    0x16007e00         0x00000200         xr
xip              0x18000000         0x08000000         xr
efuse            0x90700000         0x00100000         r
*default*        0x00000000         0xffffffff

Linker script and memory map

LOAD c:/users/ntan/modustoolbox_1.0/tools/gcc-7.2.1-1.0/bin/../lib/gcc/arm-none-eabi/7.2.1/thumb/v6-m/crti.o
LOAD c:/users/ntan/modustoolbox_1.0/tools/gcc-7.2.1-1.0/bin/../lib/gcc/arm-none-eabi/7.2.1/thumb/v6-m/crtbegin.o
LOAD c:/users/ntan/modustoolbox_1.0/tools/gcc-7.2.1-1.0/bin/../lib/gcc/arm-none-eabi/7.2.1/../../../../arm-none-eabi/lib/thumb/v6-m/crt0.o
START GROUP
LOAD ./psoc6sw-1.0/components/psoc6pdl/devices/psoc6/startup/gcc/startup_psoc6_01_cm0plus.o
LOAD ./psoc6sw-1.0/components/psoc6pdl/devices/psoc6/startup/system_psoc6_cm0plus.o
LOAD ./Source_cm0p/main.o
LOAD ./BlinkyLED04_config/GeneratedSource/cycfg.o
LOAD ./BlinkyLED04_config/GeneratedSource/cycfg_connectivity.o
LOAD ./BlinkyLED04_config/GeneratedSource/cycfg_pins.o
LOAD ./BlinkyLED04_config/GeneratedSource/cycfg_platform.o
LOAD C:/Users/ntan/git/BlinkyLED04/BlinkyLED04_mainapp_cm0p_psoc6pdl/Debug/libBlinkyLED04_mainapp_cm0p_psoc6pdl.a
END GROUP
START GROUP
LOAD c:/users/ntan/modustoolbox_1.0/tools/gcc-7.2.1-1.0/bin/../lib/gcc/arm-none-eabi/7.2.1/thumb/v6-m\libgcc.a
LOAD c:/users/ntan/modustoolbox_1.0/tools/gcc-7.2.1-1.0/bin/../lib/gcc/arm-none-eabi/7.2.1/../../../../arm-none-eabi/lib/thumb/v6-m\libg_nano.a
LOAD c:/users/ntan/modustoolbox_1.0/tools/gcc-7.2.1-1.0/bin/../lib/gcc/arm-none-eabi/7.2.1/../../../../arm-none-eabi/lib/thumb/v6-m\libc_nano.a
END GROUP
START GROUP
LOAD c:/users/ntan/modustoolbox_1.0/tools/gcc-7.2.1-1.0/bin/../lib/gcc/arm-none-eabi/7.2.1/thumb/v6-m\libgcc.a
LOAD c:/users/ntan/modustoolbox_1.0/tools/gcc-7.2.1-1.0/bin/../lib/gcc/arm-none-eabi/7.2.1/../../../../arm-none-eabi/lib/thumb/v6-m\libc_nano.a
END GROUP
LOAD c:/users/ntan/modustoolbox_1.0/tools/gcc-7.2.1-1.0/bin/../lib/gcc/arm-none-eabi/7.2.1/thumb/v6-m/crtend.o
LOAD c:/users/ntan/modustoolbox_1.0/tools/gcc-7.2.1-1.0/bin/../lib/gcc/arm-none-eabi/7.2.1/thumb/v6-m/crtn.o
START GROUP
LOAD c:/users/ntan/modustoolbox_1.0/tools/gcc-7.2.1-1.0/bin/../lib/gcc/arm-none-eabi/7.2.1/thumb/v6-m\libgcc.a
LOAD c:/users/ntan/modustoolbox_1.0/tools/gcc-7.2.1-1.0/bin/../lib/gcc/arm-none-eabi/7.2.1/../../../../arm-none-eabi/lib/thumb/v6-m\libc.a
LOAD c:/users/ntan/modustoolbox_1.0/tools/gcc-7.2.1-1.0/bin/../lib/gcc/arm-none-eabi/7.2.1/../../../../arm-none-eabi/lib/thumb/v6-m\libnosys.a
END GROUP
START GROUP
LOAD c:/users/ntan/modustoolbox_1.0/tools/gcc-7.2.1-1.0/bin/../lib/gcc/arm-none-eabi/7.2.1/thumb/v6-m\libgcc.a
LOAD c:/users/ntan/modustoolbox_1.0/tools/gcc-7.2.1-1.0/bin/../lib/gcc/arm-none-eabi/7.2.1/../../../../arm-none-eabi/lib/thumb/v6-m\libc.a
LOAD c:/users/ntan/modustoolbox_1.0/tools/gcc-7.2.1-1.0/bin/../lib/gcc/arm-none-eabi/7.2.1/../../../../arm-none-eabi/lib/thumb/v6-m\libm.a
LOAD c:/users/ntan/modustoolbox_1.0/tools/gcc-7.2.1-1.0/bin/../lib/gcc/arm-none-eabi/7.2.1/../../../../arm-none-eabi/lib/thumb/v6-m\libnosys.a
END GROUP

.cy_app_header
 *(.cy_app_header)

.text           0x10000000     0x23d4
                0x10000000                . = ALIGN (0x4)
                0x10000000                __Vectors = .
 *(.vectors)
 .vectors       0x10000000       0xc0 ./psoc6sw-1.0/components/psoc6pdl/devices/psoc6/startup/gcc/startup_psoc6_01_cm0plus.o
                0x100000c0                . = ALIGN (0x4)
                0x100000c0                __Vectors_End = .
                0x000000c0                __Vectors_Size = (__Vectors_End - __Vectors)
                0x100000c0                __end__ = .
                0x100000c0                . = ALIGN (0x4)
 *(.text*)
 .text          0x100000c0       0x48 c:/users/ntan/modustoolbox_1.0/tools/gcc-7.2.1-1.0/bin/../lib/gcc/arm-none-eabi/7.2.1/thumb/v6-m/crtbegin.o
 .text          0x10000108       0x80 ./psoc6sw-1.0/components/psoc6pdl/devices/psoc6/startup/gcc/startup_psoc6_01_cm0plus.o
                0x10000108                Cy_OnResetUser
                0x1000010a                Reset_Handler
                0x10000168                NvicMux10_IRQHandler
                0x10000168                NvicMux26_IRQHandler
                0x10000168                SysTick_Handler
                0x10000168                NvicMux21_IRQHandler
                0x10000168                NMI_Handler
                0x10000168                NvicMux19_IRQHandler
                0x10000168                NvicMux8_IRQHandler
                0x10000168                NvicMux27_IRQHandler
                0x10000168                PendSV_Handler
                0x10000168                NvicMux17_IRQHandler
                0x10000168                NvicMux0_IRQHandler
                0x10000168                NvicMux25_IRQHandler
                0x10000168                NvicMux13_IRQHandler
                0x10000168                NvicMux11_IRQHandler
                0x10000168                NvicMux9_IRQHandler
                0x10000168                NvicMux18_IRQHandler
                0x10000168                NvicMux6_IRQHandler
                0x10000168                NvicMux22_IRQHandler
                0x10000168                NvicMux7_IRQHandler
                0x10000168                NvicMux2_IRQHandler
                0x10000168                NvicMux4_IRQHandler
                0x10000168                Default_Handler
                0x10000168                NvicMux30_IRQHandler
                0x10000168                NvicMux12_IRQHandler
                0x10000168                NvicMux5_IRQHandler
                0x10000168                NvicMux14_IRQHandler
                0x10000168                NvicMux3_IRQHandler
                0x10000168                SVC_Handler
                0x10000168                NvicMux1_IRQHandler
                0x10000168                NvicMux16_IRQHandler
                0x10000168                NvicMux29_IRQHandler
                0x10000168                NvicMux31_IRQHandler
                0x10000168                NvicMux24_IRQHandler
                0x10000168                NvicMux20_IRQHandler
                0x10000168                NvicMux15_IRQHandler
                0x10000168                NvicMux28_IRQHandler
                0x10000168                NvicMux23_IRQHandler
                0x1000016c                HardFault_Handler
 .text.Cy_SysIpcPipeIsrCm0
                0x10000188        0xa ./psoc6sw-1.0/components/psoc6pdl/devices/psoc6/startup/system_psoc6_cm0plus.o
                0x10000188                Cy_SysIpcPipeIsrCm0
 .text.Cy_SystemInit
                0x10000192        0x2 ./psoc6sw-1.0/components/psoc6pdl/devices/psoc6/startup/system_psoc6_cm0plus.o
                0x10000192                Cy_SystemInit
 .text.SystemCoreClockUpdate
                0x10000194      0x1d4 ./psoc6sw-1.0/components/psoc6pdl/devices/psoc6/startup/system_psoc6_cm0plus.o
                0x10000194                SystemCoreClockUpdate
 .text.SystemInit
                0x10000368       0xc4 ./psoc6sw-1.0/components/psoc6pdl/devices/psoc6/startup/system_psoc6_cm0plus.o
                0x10000368                SystemInit
 .text.Cy_SysGetCM4Status
                0x1000042c       0x10 ./psoc6sw-1.0/components/psoc6pdl/devices/psoc6/startup/system_psoc6_cm0plus.o
                0x1000042c                Cy_SysGetCM4Status
 .text.main     0x1000043c       0x1c ./Source_cm0p/main.o
                0x1000043c                main
 .text.init_cycfg_all
                0x10000458       0x10 ./BlinkyLED04_config/GeneratedSource/cycfg.o
                0x10000458                init_cycfg_all
 .text.init_cycfg_connectivity
                0x10000468        0x2 ./BlinkyLED04_config/GeneratedSource/cycfg_connectivity.o
                0x10000468                init_cycfg_connectivity
 *fill*         0x1000046a        0x2 
 .text.init_cycfg_pins
                0x1000046c       0x48 ./BlinkyLED04_config/GeneratedSource/cycfg_pins.o
                0x1000046c                init_cycfg_pins
 .text.cycfg_ClockStartupError
                0x100004b4        0x2 ./BlinkyLED04_config/GeneratedSource/cycfg_platform.o
                0x100004b4                cycfg_ClockStartupError
 *fill*         0x100004b6        0x2 
 .text.init_cycfg_platform
                0x100004b8      0x29c ./BlinkyLED04_config/GeneratedSource/cycfg_platform.o
                0x100004b8                init_cycfg_platform
 *fill*         0x10000754        0x4 
 .text          0x10000758       0x20 C:/Users/ntan/git/BlinkyLED04/BlinkyLED04_mainapp_cm0p_psoc6pdl/Debug/libBlinkyLED04_mainapp_cm0p_psoc6pdl.a(cy_syslib_gcc.o)
                0x10000758                Cy_SysLib_DelayCycles
                0x1000076a                Cy_SysLib_EnterCriticalSection
                0x10000772                Cy_SysLib_ExitCriticalSection
 .text.Cy_PDL_Init
                0x10000778        0xc C:/Users/ntan/git/BlinkyLED04/BlinkyLED04_mainapp_cm0p_psoc6pdl/Debug/libBlinkyLED04_mainapp_cm0p_psoc6pdl.a(cy_device.o)
                0x10000778                Cy_PDL_Init
 .text.Cy_Flash_ProcessOpcode
                0x10000784       0xb4 C:/Users/ntan/git/BlinkyLED04/BlinkyLED04_mainapp_cm0p_psoc6pdl/Debug/libBlinkyLED04_mainapp_cm0p_psoc6pdl.a(cy_flash.o)
 .text.Cy_Flash_OperationStatus
                0x10000838       0x5c C:/Users/ntan/git/BlinkyLED04/BlinkyLED04_mainapp_cm0p_psoc6pdl/Debug/libBlinkyLED04_mainapp_cm0p_psoc6pdl.a(cy_flash.o)
 .text.Cy_Flash_InitExt
                0x10000894       0x44 C:/Users/ntan/git/BlinkyLED04/BlinkyLED04_mainapp_cm0p_psoc6pdl/Debug/libBlinkyLED04_mainapp_cm0p_psoc6pdl.a(cy_flash.o)
                0x10000894                Cy_Flash_InitExt
 .text.Cy_Flash_Init
                0x100008d8       0x10 C:/Users/ntan/git/BlinkyLED04/BlinkyLED04_mainapp_cm0p_psoc6pdl/Debug/libBlinkyLED04_mainapp_cm0p_psoc6pdl.a(cy_flash.o)
                0x100008d8                Cy_Flash_Init
 .text.Cy_GPIO_Pin_Init
                0x100008e8      0x378 C:/Users/ntan/git/BlinkyLED04/BlinkyLED04_mainapp_cm0p_psoc6pdl/Debug/libBlinkyLED04_mainapp_cm0p_psoc6pdl.a(cy_gpio.o)
                0x100008e8                Cy_GPIO_Pin_Init
 .text.Cy_IPC_Drv_LockRelease
                0x10000c60       0x44 C:/Users/ntan/git/BlinkyLED04/BlinkyLED04_mainapp_cm0p_psoc6pdl/Debug/libBlinkyLED04_mainapp_cm0p_psoc6pdl.a(cy_ipc_drv.o)
                0x10000c60                Cy_IPC_Drv_LockRelease
 .text.Cy_IPC_Drv_SendMsgWord
                0x10000ca4       0x38 C:/Users/ntan/git/BlinkyLED04/BlinkyLED04_mainapp_cm0p_psoc6pdl/Debug/libBlinkyLED04_mainapp_cm0p_psoc6pdl.a(cy_ipc_drv.o)
                0x10000ca4                Cy_IPC_Drv_SendMsgWord
 .text.Cy_IPC_Drv_ReadMsgWord
                0x10000cdc       0x3c C:/Users/ntan/git/BlinkyLED04/BlinkyLED04_mainapp_cm0p_psoc6pdl/Debug/libBlinkyLED04_mainapp_cm0p_psoc6pdl.a(cy_ipc_drv.o)
                0x10000cdc                Cy_IPC_Drv_ReadMsgWord
 .text.Cy_IPC_Pipe_Config
                0x10000d18       0x14 C:/Users/ntan/git/BlinkyLED04/BlinkyLED04_mainapp_cm0p_psoc6pdl/Debug/libBlinkyLED04_mainapp_cm0p_psoc6pdl.a(cy_ipc_pipe.o)
                0x10000d18                Cy_IPC_Pipe_Config
 .text.Cy_IPC_Pipe_EndpointInit
                0x10000d2c       0xe4 C:/Users/ntan/git/BlinkyLED04/BlinkyLED04_mainapp_cm0p_psoc6pdl/Debug/libBlinkyLED04_mainapp_cm0p_psoc6pdl.a(cy_ipc_pipe.o)
                0x10000d2c                Cy_IPC_Pipe_EndpointInit
 .text.Cy_IPC_Pipe_Init
                0x10000e10       0xc8 C:/Users/ntan/git/BlinkyLED04/BlinkyLED04_mainapp_cm0p_psoc6pdl/Debug/libBlinkyLED04_mainapp_cm0p_psoc6pdl.a(cy_ipc_pipe.o)
                0x10000e10                Cy_IPC_Pipe_Init
 .text.Cy_IPC_Pipe_SendMessage
                0x10000ed8       0xac C:/Users/ntan/git/BlinkyLED04/BlinkyLED04_mainapp_cm0p_psoc6pdl/Debug/libBlinkyLED04_mainapp_cm0p_psoc6pdl.a(cy_ipc_pipe.o)
                0x10000ed8                Cy_IPC_Pipe_SendMessage
 .text.Cy_IPC_Pipe_RegisterCallback
                0x10000f84       0x58 C:/Users/ntan/git/BlinkyLED04/BlinkyLED04_mainapp_cm0p_psoc6pdl/Debug/libBlinkyLED04_mainapp_cm0p_psoc6pdl.a(cy_ipc_pipe.o)
                0x10000f84                Cy_IPC_Pipe_RegisterCallback
 .text.Cy_IPC_Pipe_ExecCallback
                0x10000fdc       0xdc C:/Users/ntan/git/BlinkyLED04/BlinkyLED04_mainapp_cm0p_psoc6pdl/Debug/libBlinkyLED04_mainapp_cm0p_psoc6pdl.a(cy_ipc_pipe.o)
                0x10000fdc                Cy_IPC_Pipe_ExecCallback
 .text.Cy_IPC_Pipe_ExecuteCallback
                0x100010b8       0x30 C:/Users/ntan/git/BlinkyLED04/BlinkyLED04_mainapp_cm0p_psoc6pdl/Debug/libBlinkyLED04_mainapp_cm0p_psoc6pdl.a(cy_ipc_pipe.o)
                0x100010b8                Cy_IPC_Pipe_ExecuteCallback
 .text.Cy_IPC_Sema_InitExt
                0x100010e8       0xb0 C:/Users/ntan/git/BlinkyLED04/BlinkyLED04_mainapp_cm0p_psoc6pdl/Debug/libBlinkyLED04_mainapp_cm0p_psoc6pdl.a(cy_ipc_sema.o)
                0x100010e8                Cy_IPC_Sema_InitExt
 .text.Cy_IPC_Sema_Init
                0x10001198       0x70 C:/Users/ntan/git/BlinkyLED04/BlinkyLED04_mainapp_cm0p_psoc6pdl/Debug/libBlinkyLED04_mainapp_cm0p_psoc6pdl.a(cy_ipc_sema.o)
                0x10001198                Cy_IPC_Sema_Init
 .text.Cy_IPC_Sema_Clear
                0x10001208       0x7c C:/Users/ntan/git/BlinkyLED04/BlinkyLED04_mainapp_cm0p_psoc6pdl/Debug/libBlinkyLED04_mainapp_cm0p_psoc6pdl.a(cy_ipc_sema.o)
                0x10001208                Cy_IPC_Sema_Clear
 .text.Cy_IPC_Sema_Status
                0x10001284       0x3c C:/Users/ntan/git/BlinkyLED04/BlinkyLED04_mainapp_cm0p_psoc6pdl/Debug/libBlinkyLED04_mainapp_cm0p_psoc6pdl.a(cy_ipc_sema.o)
                0x10001284                Cy_IPC_Sema_Status
 .text.Cy_SysClk_ClkPathSetSource
                0x100012c0       0x5c C:/Users/ntan/git/BlinkyLED04/BlinkyLED04_mainapp_cm0p_psoc6pdl/Debug/libBlinkyLED04_mainapp_cm0p_psoc6pdl.a(cy_sysclk.o)
                0x100012c0                Cy_SysClk_ClkPathSetSource
 .text.Cy_SysClk_ClkPathGetSource
                0x1000131c       0x4c C:/Users/ntan/git/BlinkyLED04/BlinkyLED04_mainapp_cm0p_psoc6pdl/Debug/libBlinkyLED04_mainapp_cm0p_psoc6pdl.a(cy_sysclk.o)
                0x1000131c                Cy_SysClk_ClkPathGetSource
 .text.Cy_SysClk_PllManualConfigure
                0x10001368       0xdc C:/Users/ntan/git/BlinkyLED04/BlinkyLED04_mainapp_cm0p_psoc6pdl/Debug/libBlinkyLED04_mainapp_cm0p_psoc6pdl.a(cy_sysclk.o)
                0x10001368                Cy_SysClk_PllManualConfigure
 .text.Cy_SysClk_PllEnable
                0x10001444       0x64 C:/Users/ntan/git/BlinkyLED04/BlinkyLED04_mainapp_cm0p_psoc6pdl/Debug/libBlinkyLED04_mainapp_cm0p_psoc6pdl.a(cy_sysclk.o)
                0x10001444                Cy_SysClk_PllEnable
 .text.Cy_SysInt_SetInterruptSource
                0x100014a8       0x78 C:/Users/ntan/git/BlinkyLED04/BlinkyLED04_mainapp_cm0p_psoc6pdl/Debug/libBlinkyLED04_mainapp_cm0p_psoc6pdl.a(cy_sysint.o)
                0x100014a8                Cy_SysInt_SetInterruptSource
 .text.Cy_SysInt_SetVector
                0x10001520       0x48 C:/Users/ntan/git/BlinkyLED04/BlinkyLED04_mainapp_cm0p_psoc6pdl/Debug/libBlinkyLED04_mainapp_cm0p_psoc6pdl.a(cy_sysint.o)
                0x10001520                Cy_SysInt_SetVector
 .text.Cy_SysInt_Init
                0x10001568       0xd4 C:/Users/ntan/git/BlinkyLED04/BlinkyLED04_mainapp_cm0p_psoc6pdl/Debug/libBlinkyLED04_mainapp_cm0p_psoc6pdl.a(cy_sysint.o)
                0x10001568                Cy_SysInt_Init
 .text.Cy_SysLib_Delay
                0x1000163c       0x34 C:/Users/ntan/git/BlinkyLED04/BlinkyLED04_mainapp_cm0p_psoc6pdl/Debug/libBlinkyLED04_mainapp_cm0p_psoc6pdl.a(cy_syslib.o)
                0x1000163c                Cy_SysLib_Delay
 .text.Cy_SysLib_DelayUs
                0x10001670       0x14 C:/Users/ntan/git/BlinkyLED04/BlinkyLED04_mainapp_cm0p_psoc6pdl/Debug/libBlinkyLED04_mainapp_cm0p_psoc6pdl.a(cy_syslib.o)
                0x10001670                Cy_SysLib_DelayUs
 .text.Cy_SysLib_Halt
                0x10001684        0x4 C:/Users/ntan/git/BlinkyLED04/BlinkyLED04_mainapp_cm0p_psoc6pdl/Debug/libBlinkyLED04_mainapp_cm0p_psoc6pdl.a(cy_syslib.o)
                0x10001684                Cy_SysLib_Halt
 .text.Cy_SysLib_AssertFailed
                0x10001688       0x1c C:/Users/ntan/git/BlinkyLED04/BlinkyLED04_mainapp_cm0p_psoc6pdl/Debug/libBlinkyLED04_mainapp_cm0p_psoc6pdl.a(cy_syslib.o)
                0x10001688                Cy_SysLib_AssertFailed
 .text.Cy_SysLib_ResetBackupDomain
                0x100016a4       0x20 C:/Users/ntan/git/BlinkyLED04/BlinkyLED04_mainapp_cm0p_psoc6pdl/Debug/libBlinkyLED04_mainapp_cm0p_psoc6pdl.a(cy_syslib.o)
                0x100016a4                Cy_SysLib_ResetBackupDomain
 .text.Cy_SysLib_GetResetReason
                0x100016c4       0x1c C:/Users/ntan/git/BlinkyLED04/BlinkyLED04_mainapp_cm0p_psoc6pdl/Debug/libBlinkyLED04_mainapp_cm0p_psoc6pdl.a(cy_syslib.o)
                0x100016c4                Cy_SysLib_GetResetReason
 .text.Cy_SysLib_ProcessingFault
                0x100016e0        0x2 C:/Users/ntan/git/BlinkyLED04/BlinkyLED04_mainapp_cm0p_psoc6pdl/Debug/libBlinkyLED04_mainapp_cm0p_psoc6pdl.a(cy_syslib.o)
                0x100016e0                Cy_SysLib_ProcessingFault
 *fill*         0x100016e2        0x2 
 .text.Cy_SysLib_FaultHandler
                0x100016e4       0x30 C:/Users/ntan/git/BlinkyLED04/BlinkyLED04_mainapp_cm0p_psoc6pdl/Debug/libBlinkyLED04_mainapp_cm0p_psoc6pdl.a(cy_syslib.o)
                0x100016e4                Cy_SysLib_FaultHandler
 .text.Cy_SysLib_SetWaitStates
                0x10001714       0xe0 C:/Users/ntan/git/BlinkyLED04/BlinkyLED04_mainapp_cm0p_psoc6pdl/Debug/libBlinkyLED04_mainapp_cm0p_psoc6pdl.a(cy_syslib.o)
                0x10001714                Cy_SysLib_SetWaitStates
 .text.SetReadMarginTrimUlp
                0x100017f4       0x90 C:/Users/ntan/git/BlinkyLED04/BlinkyLED04_mainapp_cm0p_psoc6pdl/Debug/libBlinkyLED04_mainapp_cm0p_psoc6pdl.a(cy_syspm.o)
 .text.SetReadMarginTrimLp
                0x10001884       0x88 C:/Users/ntan/git/BlinkyLED04/BlinkyLED04_mainapp_cm0p_psoc6pdl/Debug/libBlinkyLED04_mainapp_cm0p_psoc6pdl.a(cy_syspm.o)
 .text.SetWriteAssistTrimUlp
                0x1000190c       0x70 C:/Users/ntan/git/BlinkyLED04/BlinkyLED04_mainapp_cm0p_psoc6pdl/Debug/libBlinkyLED04_mainapp_cm0p_psoc6pdl.a(cy_syspm.o)
 .text.SetWriteAssistTrimLp
                0x1000197c       0x80 C:/Users/ntan/git/BlinkyLED04/BlinkyLED04_mainapp_cm0p_psoc6pdl/Debug/libBlinkyLED04_mainapp_cm0p_psoc6pdl.a(cy_syspm.o)
 .text.IsVoltageChangePossible
                0x100019fc       0x4e C:/Users/ntan/git/BlinkyLED04/BlinkyLED04_mainapp_cm0p_psoc6pdl/Debug/libBlinkyLED04_mainapp_cm0p_psoc6pdl.a(cy_syspm.o)
 *fill*         0x10001a4a        0x2 
 .text.Cy_SysPm_WriteVoltageBitForFlash
                0x10001a4c      0x134 C:/Users/ntan/git/BlinkyLED04/BlinkyLED04_mainapp_cm0p_psoc6pdl/Debug/libBlinkyLED04_mainapp_cm0p_psoc6pdl.a(cy_syspm.o)
                0x10001a4c                Cy_SysPm_WriteVoltageBitForFlash
 .text.Cy_SysPm_LdoSetVoltage
                0x10001b80       0xd4 C:/Users/ntan/git/BlinkyLED04/BlinkyLED04_mainapp_cm0p_psoc6pdl/Debug/libBlinkyLED04_mainapp_cm0p_psoc6pdl.a(cy_syspm.o)
                0x10001b80                Cy_SysPm_LdoSetVoltage
 .text.Cy_WDT_Unlock
                0x10001c54       0x24 C:/Users/ntan/git/BlinkyLED04/BlinkyLED04_mainapp_cm0p_psoc6pdl/Debug/libBlinkyLED04_mainapp_cm0p_psoc6pdl.a(cy_wdt.o)
                0x10001c54                Cy_WDT_Unlock
 .text.Cy_Prot_GetActivePC
                0x10001c78       0x34 C:/Users/ntan/git/BlinkyLED04/BlinkyLED04_mainapp_cm0p_psoc6pdl/Debug/libBlinkyLED04_mainapp_cm0p_psoc6pdl.a(cy_prot.o)
                0x10001c78                Cy_Prot_GetActivePC
 .text          0x10001cac      0x114 c:/users/ntan/modustoolbox_1.0/tools/gcc-7.2.1-1.0/bin/../lib/gcc/arm-none-eabi/7.2.1/thumb/v6-m\libgcc.a(_udivsi3.o)
                0x10001cac                __aeabi_uidiv
                0x10001cac                __udivsi3
                0x10001db8                __aeabi_uidivmod
 .text          0x10001dc0        0x4 c:/users/ntan/modustoolbox_1.0/tools/gcc-7.2.1-1.0/bin/../lib/gcc/arm-none-eabi/7.2.1/thumb/v6-m\libgcc.a(_dvmd_tls.o)
                0x10001dc0                __aeabi_idiv0
                0x10001dc0                __aeabi_ldiv0
 .text.memset   0x10001dc4       0x10 c:/users/ntan/modustoolbox_1.0/tools/gcc-7.2.1-1.0/bin/../lib/gcc/arm-none-eabi/7.2.1/../../../../arm-none-eabi/lib/thumb/v6-m\libg_nano.a(lib_a-memset.o)
                0x10001dc4                memset
 .text.strncpy  0x10001dd4       0x28 c:/users/ntan/modustoolbox_1.0/tools/gcc-7.2.1-1.0/bin/../lib/gcc/arm-none-eabi/7.2.1/../../../../arm-none-eabi/lib/thumb/v6-m\libg_nano.a(lib_a-strncpy.o)
                0x10001dd4                strncpy
 *(.init)
 .init          0x10001dfc        0x4 c:/users/ntan/modustoolbox_1.0/tools/gcc-7.2.1-1.0/bin/../lib/gcc/arm-none-eabi/7.2.1/thumb/v6-m/crti.o
                0x10001dfc                _init
 .init          0x10001e00        0x8 c:/users/ntan/modustoolbox_1.0/tools/gcc-7.2.1-1.0/bin/../lib/gcc/arm-none-eabi/7.2.1/thumb/v6-m/crtn.o
 *(.fini)
 .fini          0x10001e08        0x4 c:/users/ntan/modustoolbox_1.0/tools/gcc-7.2.1-1.0/bin/../lib/gcc/arm-none-eabi/7.2.1/thumb/v6-m/crti.o
                0x10001e08                _fini
 .fini          0x10001e0c        0x8 c:/users/ntan/modustoolbox_1.0/tools/gcc-7.2.1-1.0/bin/../lib/gcc/arm-none-eabi/7.2.1/thumb/v6-m/crtn.o
 *crtbegin.o(.ctors)
 *crtbegin?.o(.ctors)
 *(EXCLUDE_FILE(*crtend.o *crtend?.o) .ctors)
 *(SORT_BY_NAME(.ctors.*))
 *(.ctors)
 *crtbegin.o(.dtors)
 *crtbegin?.o(.dtors)
 *(EXCLUDE_FILE(*crtend.o *crtend?.o) .dtors)
 *(SORT_BY_NAME(.dtors.*))
 *(.dtors)
 *(.rodata .rodata.* .constdata .constdata.* .conststring .conststring.*)
 .rodata.systemIpcPipeConfigCm0.10548
                0x10001e14       0x34 ./psoc6sw-1.0/components/psoc6pdl/devices/psoc6/startup/system_psoc6_cm0plus.o
 .rodata.LED_RED_config
                0x10001e48       0x34 ./BlinkyLED04_config/GeneratedSource/cycfg_pins.o
                0x10001e48                LED_RED_config
 .rodata.ioss_0_port_6_pin_4_config
                0x10001e7c       0x34 ./BlinkyLED04_config/GeneratedSource/cycfg_pins.o
                0x10001e7c                ioss_0_port_6_pin_4_config
 .rodata.ioss_0_port_6_pin_6_config
                0x10001eb0       0x34 ./BlinkyLED04_config/GeneratedSource/cycfg_pins.o
                0x10001eb0                ioss_0_port_6_pin_6_config
 .rodata.ioss_0_port_6_pin_7_config
                0x10001ee4       0x34 ./BlinkyLED04_config/GeneratedSource/cycfg_pins.o
                0x10001ee4                ioss_0_port_6_pin_7_config
 .rodata.init_cycfg_platform.str1.4
                0x10001f18       0x65 ./BlinkyLED04_config/GeneratedSource/cycfg_platform.o
 *fill*         0x10001f7d        0x3 
 .rodata.srss_0_clock_0_pll_0_pllConfig
                0x10001f80        0x5 ./BlinkyLED04_config/GeneratedSource/cycfg_platform.o
 *fill*         0x10001f85        0x3 
 .rodata.cy_deviceIpBlockCfgPSoC6_01
                0x10001f88       0xb8 C:/Users/ntan/git/BlinkyLED04/BlinkyLED04_mainapp_cm0p_psoc6pdl/Debug/libBlinkyLED04_mainapp_cm0p_psoc6pdl.a(cy_device.o)
                0x10001f88                cy_deviceIpBlockCfgPSoC6_01
 .rodata.Cy_Flash_OperationStatus.str1.4
                0x10002040       0x66 C:/Users/ntan/git/BlinkyLED04/BlinkyLED04_mainapp_cm0p_psoc6pdl/Debug/libBlinkyLED04_mainapp_cm0p_psoc6pdl.a(cy_flash.o)
 *fill*         0x100020a6        0x2 
 .rodata.Cy_GPIO_Pin_Init.str1.4
                0x100020a8       0xc7 C:/Users/ntan/git/BlinkyLED04/BlinkyLED04_mainapp_cm0p_psoc6pdl/Debug/libBlinkyLED04_mainapp_cm0p_psoc6pdl.a(cy_gpio.o)
 .rodata.Cy_IPC_Drv_LockRelease.str1.4
                0x1000216f       0x66 C:/Users/ntan/git/BlinkyLED04/BlinkyLED04_mainapp_cm0p_psoc6pdl/Debug/libBlinkyLED04_mainapp_cm0p_psoc6pdl.a(cy_ipc_drv.o)
 *fill*         0x1000216f        0x1 
 .rodata.Cy_IPC_Drv_ReadMsgWord.str1.4
                0x10002170       0x65 C:/Users/ntan/git/BlinkyLED04/BlinkyLED04_mainapp_cm0p_psoc6pdl/Debug/libBlinkyLED04_mainapp_cm0p_psoc6pdl.a(cy_ipc_drv.o)
 *fill*         0x100021d5        0x3 
 .rodata.Cy_IPC_Pipe_EndpointInit.str1.4
                0x100021d8       0x66 C:/Users/ntan/git/BlinkyLED04/BlinkyLED04_mainapp_cm0p_psoc6pdl/Debug/libBlinkyLED04_mainapp_cm0p_psoc6pdl.a(cy_ipc_pipe.o)
                                 0xce (size before relaxing)
 .rodata.Cy_IPC_Sema_InitExt.str1.4
                0x1000223e       0x66 C:/Users/ntan/git/BlinkyLED04/BlinkyLED04_mainapp_cm0p_psoc6pdl/Debug/libBlinkyLED04_mainapp_cm0p_psoc6pdl.a(cy_ipc_sema.o)
 *fill*         0x1000223e        0x2 
 .rodata.Cy_SysClk_ClkPathGetSource.str1.4
                0x10002240       0x64 C:/Users/ntan/git/BlinkyLED04/BlinkyLED04_mainapp_cm0p_psoc6pdl/Debug/libBlinkyLED04_mainapp_cm0p_psoc6pdl.a(cy_sysclk.o)
 .rodata.Cy_SysInt_SetInterruptSource.str1.4
                0x100022a4       0x64 C:/Users/ntan/git/BlinkyLED04/BlinkyLED04_mainapp_cm0p_psoc6pdl/Debug/libBlinkyLED04_mainapp_cm0p_psoc6pdl.a(cy_sysint.o)
 .rodata.Cy_SysPm_SetHibernateWakeupSource.str1.4
                0x10002308       0x63 C:/Users/ntan/git/BlinkyLED04/BlinkyLED04_mainapp_cm0p_psoc6pdl/Debug/libBlinkyLED04_mainapp_cm0p_psoc6pdl.a(cy_syspm.o)
 .rodata.Cy_SysPm_WriteVoltageBitForFlash.str1.4
                0x1000236b       0x66 C:/Users/ntan/git/BlinkyLED04/BlinkyLED04_mainapp_cm0p_psoc6pdl/Debug/libBlinkyLED04_mainapp_cm0p_psoc6pdl.a(cy_syspm.o)
 *fill*         0x1000236b        0x1 
 .rodata.Cy_Prot_ConfigBusMaster.str1.4
                0x1000236c       0x64 C:/Users/ntan/git/BlinkyLED04/BlinkyLED04_mainapp_cm0p_psoc6pdl/Debug/libBlinkyLED04_mainapp_cm0p_psoc6pdl.a(cy_prot.o)
                                 0x62 (size before relaxing)
 *(.eh_frame*)
 .eh_frame      0x100023d0        0x0 c:/users/ntan/modustoolbox_1.0/tools/gcc-7.2.1-1.0/bin/../lib/gcc/arm-none-eabi/7.2.1/thumb/v6-m/crtbegin.o
 .eh_frame      0x100023d0        0x4 c:/users/ntan/modustoolbox_1.0/tools/gcc-7.2.1-1.0/bin/../lib/gcc/arm-none-eabi/7.2.1/thumb/v6-m/crtend.o

.glue_7         0x100023d4        0x0
 .glue_7        0x100023d4        0x0 linker stubs

.glue_7t        0x100023d4        0x0
 .glue_7t       0x100023d4        0x0 linker stubs

.vfp11_veneer   0x100023d4        0x0
 .vfp11_veneer  0x100023d4        0x0 linker stubs

.v4_bx          0x100023d4        0x0
 .v4_bx         0x100023d4        0x0 linker stubs

.iplt           0x100023d4        0x0
 .iplt          0x100023d4        0x0 c:/users/ntan/modustoolbox_1.0/tools/gcc-7.2.1-1.0/bin/../lib/gcc/arm-none-eabi/7.2.1/thumb/v6-m/crtbegin.o

.rel.dyn        0x100023d4        0x0
 .rel.iplt      0x100023d4        0x0 c:/users/ntan/modustoolbox_1.0/tools/gcc-7.2.1-1.0/bin/../lib/gcc/arm-none-eabi/7.2.1/thumb/v6-m/crtbegin.o

.ARM.extab
 *(.ARM.extab* .gnu.linkonce.armextab.*)
                0x100023d4                __exidx_start = .

.ARM.exidx
 *(.ARM.exidx* .gnu.linkonce.armexidx.*)
                0x100023d4                __exidx_end = .

.copy.table     0x100023d4       0x18
                0x100023d4                . = ALIGN (0x4)
                0x100023d4                __copy_table_start__ = .
                0x100023d4        0x4 LONG 0x10000000 __Vectors
                0x100023d8        0x4 LONG 0x8000000 __ram_vectors_start__
                0x100023dc        0x4 LONG 0xc0 (__Vectors_End - __Vectors)
                0x100023e0        0x4 LONG 0x100023f4 __etext
                0x100023e4        0x4 LONG 0x80000c0 __data_start__
                0x100023e8        0x4 LONG 0x528 (__data_end__ - __data_start__)
                0x100023ec                __copy_table_end__ = .

.zero.table     0x100023ec        0x8
                0x100023ec                . = ALIGN (0x4)
                0x100023ec                __zero_table_start__ = .
                0x100023ec        0x4 LONG 0x8000624 __bss_start__
                0x100023f0        0x4 LONG 0x1d8 (__bss_end__ - __bss_start__)
                0x100023f4                __zero_table_end__ = .
                0x100023f4                __etext = .

.ramVectors     0x08000000       0xc0
                0x08000000                __ram_vectors_start__ = .
 *(.ram_vectors)
 .ram_vectors   0x08000000       0xc0 ./psoc6sw-1.0/components/psoc6pdl/devices/psoc6/startup/gcc/startup_psoc6_01_cm0plus.o
                0x08000000                __ramVectors
                0x080000c0                __ram_vectors_end__ = .

.data           0x080000c0      0x528 load address 0x100023f4
                0x080000c0                __data_start__ = .
 *(vtable)
 *(.data*)
 .data.SystemCoreClock
                0x080000c0        0x4 ./psoc6sw-1.0/components/psoc6pdl/devices/psoc6/startup/system_psoc6_cm0plus.o
                0x080000c0                SystemCoreClock
 .data.cy_BleEcoClockFreqHz
                0x080000c4        0x4 ./psoc6sw-1.0/components/psoc6pdl/devices/psoc6/startup/system_psoc6_cm0plus.o
                0x080000c4                cy_BleEcoClockFreqHz
 .data.cy_Hfclk0FreqHz
                0x080000c8        0x4 ./psoc6sw-1.0/components/psoc6pdl/devices/psoc6/startup/system_psoc6_cm0plus.o
                0x080000c8                cy_Hfclk0FreqHz
 .data.cy_PeriClkFreqHz
                0x080000cc        0x4 ./psoc6sw-1.0/components/psoc6pdl/devices/psoc6/startup/system_psoc6_cm0plus.o
                0x080000cc                cy_PeriClkFreqHz
 .data.cy_delay32kMs
                0x080000d0        0x4 ./psoc6sw-1.0/components/psoc6pdl/devices/psoc6/startup/system_psoc6_cm0plus.o
                0x080000d0                cy_delay32kMs
 .data.cy_delayFreqHz
                0x080000d4        0x4 ./psoc6sw-1.0/components/psoc6pdl/devices/psoc6/startup/system_psoc6_cm0plus.o
                0x080000d4                cy_delayFreqHz
 .data.cy_delayFreqKhz
                0x080000d8        0x4 ./psoc6sw-1.0/components/psoc6pdl/devices/psoc6/startup/system_psoc6_cm0plus.o
                0x080000d8                cy_delayFreqKhz
 .data.cy_delayFreqMhz
                0x080000dc        0x1 ./psoc6sw-1.0/components/psoc6pdl/devices/psoc6/startup/system_psoc6_cm0plus.o
                0x080000dc                cy_delayFreqMhz
                0x080000e0                . = ALIGN (0x4)
 *fill*         0x080000dd        0x3 
                0x080000e0                PROVIDE (__preinit_array_start, .)
 *(.preinit_array)
                0x080000e0                PROVIDE (__preinit_array_end, .)
                0x080000e0                . = ALIGN (0x4)
                0x080000e0                PROVIDE (__init_array_start, .)
 *(SORT_BY_NAME(.init_array.*))
 *(.init_array)
 .init_array    0x080000e0        0x4 c:/users/ntan/modustoolbox_1.0/tools/gcc-7.2.1-1.0/bin/../lib/gcc/arm-none-eabi/7.2.1/thumb/v6-m/crtbegin.o
                0x080000e4                PROVIDE (__init_array_end, .)
                0x080000e4                . = ALIGN (0x4)
                [!provide]                PROVIDE (__fini_array_start, .)
 *(SORT_BY_NAME(.fini_array.*))
 *(.fini_array)
 .fini_array    0x080000e4        0x4 c:/users/ntan/modustoolbox_1.0/tools/gcc-7.2.1-1.0/bin/../lib/gcc/arm-none-eabi/7.2.1/thumb/v6-m/crtbegin.o
                [!provide]                PROVIDE (__fini_array_end, .)
 *(.jcr*)
                0x080000e8                . = ALIGN (0x4)
 *(.cy_ramfunc*)
 .cy_ramfunc    0x080000e8      0x250 C:/Users/ntan/git/BlinkyLED04/BlinkyLED04_mainapp_cm0p_psoc6pdl/Debug/libBlinkyLED04_mainapp_cm0p_psoc6pdl.a(cy_flash.o)
 .cy_ramfunc    0x08000338      0x220 C:/Users/ntan/git/BlinkyLED04/BlinkyLED04_mainapp_cm0p_psoc6pdl/Debug/libBlinkyLED04_mainapp_cm0p_psoc6pdl.a(cy_syspm.o)
 .cy_ramfunc.__stub
                0x08000558       0x90 linker stubs
                0x080005e8                . = ALIGN (0x4)
                0x080005e8                __data_end__ = .

.igot.plt       0x080005e8        0x0 load address 0x1000291c
 .igot.plt      0x080005e8        0x0 c:/users/ntan/modustoolbox_1.0/tools/gcc-7.2.1-1.0/bin/../lib/gcc/arm-none-eabi/7.2.1/thumb/v6-m/crtbegin.o

.noinit         0x080005e8       0x3c load address 0x10002920
 *(.noinit)
 .noinit        0x080005e8       0x3c C:/Users/ntan/git/BlinkyLED04/BlinkyLED04_mainapp_cm0p_psoc6pdl/Debug/libBlinkyLED04_mainapp_cm0p_psoc6pdl.a(cy_syslib.o)
                0x080005e8                cy_assertFileName
                0x08000600                cy_assertLine
                0x08000604                cy_faultFrame

.bss            0x08000624      0x1d8 load address 0x1000295c
                0x08000624                . = ALIGN (0x4)
                0x08000624                __bss_start__ = .
 *(.bss*)
 .bss           0x08000624       0x1c c:/users/ntan/modustoolbox_1.0/tools/gcc-7.2.1-1.0/bin/../lib/gcc/arm-none-eabi/7.2.1/thumb/v6-m/crtbegin.o
 .bss.ipcSemaArray.10545
                0x08000640       0x10 ./psoc6sw-1.0/components/psoc6pdl/devices/psoc6/startup/system_psoc6_cm0plus.o
 .bss.systemIpcPipeEpArray.10546
                0x08000650      0x160 ./psoc6sw-1.0/components/psoc6pdl/devices/psoc6/startup/system_psoc6_cm0plus.o
 .bss.systemIpcPipeSysCbArray.10547
                0x080007b0       0x20 ./psoc6sw-1.0/components/psoc6pdl/devices/psoc6/startup/system_psoc6_cm0plus.o
 .bss.flashContext
                0x080007d0       0x10 C:/Users/ntan/git/BlinkyLED04/BlinkyLED04_mainapp_cm0p_psoc6pdl/Debug/libBlinkyLED04_mainapp_cm0p_psoc6pdl.a(cy_flash.o)
 .bss.ipcWaitMessage
                0x080007e0        0x4 C:/Users/ntan/git/BlinkyLED04/BlinkyLED04_mainapp_cm0p_psoc6pdl/Debug/libBlinkyLED04_mainapp_cm0p_psoc6pdl.a(cy_flash.o)
 .bss.ipcWaitMessageStc.11495
                0x080007e4        0x4 C:/Users/ntan/git/BlinkyLED04/BlinkyLED04_mainapp_cm0p_psoc6pdl/Debug/libBlinkyLED04_mainapp_cm0p_psoc6pdl.a(cy_flash.o)
 .bss.cy_ipc_pipe_epArray
                0x080007e8        0x4 C:/Users/ntan/git/BlinkyLED04/BlinkyLED04_mainapp_cm0p_psoc6pdl/Debug/libBlinkyLED04_mainapp_cm0p_psoc6pdl.a(cy_ipc_pipe.o)
 .bss.cy_semaData.10717
                0x080007ec        0x8 C:/Users/ntan/git/BlinkyLED04/BlinkyLED04_mainapp_cm0p_psoc6pdl/Debug/libBlinkyLED04_mainapp_cm0p_psoc6pdl.a(cy_ipc_sema.o)
 .bss.cy_semaIpcStruct
                0x080007f4        0x4 C:/Users/ntan/git/BlinkyLED04/BlinkyLED04_mainapp_cm0p_psoc6pdl/Debug/libBlinkyLED04_mainapp_cm0p_psoc6pdl.a(cy_ipc_sema.o)
 *(COMMON)
 COMMON         0x080007f8        0x4 C:/Users/ntan/git/BlinkyLED04/BlinkyLED04_mainapp_cm0p_psoc6pdl/Debug/libBlinkyLED04_mainapp_cm0p_psoc6pdl.a(cy_device.o)
                0x080007f8                cy_device
                0x080007fc                . = ALIGN (0x4)
                0x080007fc                __bss_end__ = .

.heap           0x08000800      0x400
                0x08000800                __HeapBase = .
                0x08000800                __end__ = .
                0x08000800                end = __end__
 *(.heap*)
 .heap          0x08000800      0x400 ./psoc6sw-1.0/components/psoc6pdl/devices/psoc6/startup/gcc/startup_psoc6_01_cm0plus.o
                0x08000c00                __HeapLimit = .

.stack_dummy    0x08000800     0x1000
 *(.stack*)
 .stack         0x08000800     0x1000 ./psoc6sw-1.0/components/psoc6pdl/devices/psoc6/startup/gcc/startup_psoc6_01_cm0plus.o
                0x08024000                __StackTop = (ORIGIN (ram) + LENGTH (ram))
                0x08023000                __StackLimit = (__StackTop - SIZEOF (.stack_dummy))
                0x08024000                PROVIDE (__stack, __StackTop)
                0x00000001                ASSERT ((__StackLimit >= __HeapLimit), region RAM overflowed with stack)

.cy_em_eeprom
 *(.cy_em_eeprom)

.cy_sflash_user_data
 *(.cy_sflash_user_data)

.cy_sflash_nar
 *(.cy_sflash_nar)

.cy_sflash_public_key
 *(.cy_sflash_public_key)

.cy_toc_part2
 *(.cy_toc_part2)

.cy_rtoc_part2
 *(.cy_rtoc_part2)

.cy_xip
 *(.cy_xip)

.cy_efuse
 *(.cy_efuse)

.cymeta
 *(.cymeta)
                0x10000000                __cy_memory_0_start = 0x10000000
                0x00100000                __cy_memory_0_length = 0x100000
                0x00000200                __cy_memory_0_row_size = 0x200
                0x14000000                __cy_memory_1_start = 0x14000000
                0x00008000                __cy_memory_1_length = 0x8000
                0x00000200                __cy_memory_1_row_size = 0x200
                0x16000000                __cy_memory_2_start = 0x16000000
                0x00008000                __cy_memory_2_length = 0x8000
                0x00000200                __cy_memory_2_row_size = 0x200
                0x18000000                __cy_memory_3_start = 0x18000000
                0x08000000                __cy_memory_3_length = 0x8000000
                0x00000200                __cy_memory_3_row_size = 0x200
                0x90700000                __cy_memory_4_start = 0x90700000
                0x00100000                __cy_memory_4_length = 0x100000
                0x00000001                __cy_memory_4_row_size = 0x1
OUTPUT(BlinkyLED04_mainapp_cm0p.elf elf32-littlearm)

.ARM.attributes
                0x00000000       0x28
 .ARM.attributes
                0x00000000       0x1e c:/users/ntan/modustoolbox_1.0/tools/gcc-7.2.1-1.0/bin/../lib/gcc/arm-none-eabi/7.2.1/thumb/v6-m/crti.o
 .ARM.attributes
                0x0000001e       0x2c c:/users/ntan/modustoolbox_1.0/tools/gcc-7.2.1-1.0/bin/../lib/gcc/arm-none-eabi/7.2.1/thumb/v6-m/crtbegin.o
 .ARM.attributes
                0x0000004a       0x1b ./psoc6sw-1.0/components/psoc6pdl/devices/psoc6/startup/gcc/startup_psoc6_01_cm0plus.o
 .ARM.attributes
                0x00000065       0x32 ./psoc6sw-1.0/components/psoc6pdl/devices/psoc6/startup/system_psoc6_cm0plus.o
 .ARM.attributes
                0x00000097       0x32 ./Source_cm0p/main.o
 .ARM.attributes
                0x000000c9       0x32 ./BlinkyLED04_config/GeneratedSource/cycfg.o
 .ARM.attributes
                0x000000fb       0x32 ./BlinkyLED04_config/GeneratedSource/cycfg_connectivity.o
 .ARM.attributes
                0x0000012d       0x32 ./BlinkyLED04_config/GeneratedSource/cycfg_pins.o
 .ARM.attributes
                0x0000015f       0x32 ./BlinkyLED04_config/GeneratedSource/cycfg_platform.o
 .ARM.attributes
                0x00000191       0x22 C:/Users/ntan/git/BlinkyLED04/BlinkyLED04_mainapp_cm0p_psoc6pdl/Debug/libBlinkyLED04_mainapp_cm0p_psoc6pdl.a(cy_syslib_gcc.o)
 .ARM.attributes
                0x000001b3       0x32 C:/Users/ntan/git/BlinkyLED04/BlinkyLED04_mainapp_cm0p_psoc6pdl/Debug/libBlinkyLED04_mainapp_cm0p_psoc6pdl.a(cy_device.o)
 .ARM.attributes
                0x000001e5       0x32 C:/Users/ntan/git/BlinkyLED04/BlinkyLED04_mainapp_cm0p_psoc6pdl/Debug/libBlinkyLED04_mainapp_cm0p_psoc6pdl.a(cy_flash.o)
 .ARM.attributes
                0x00000217       0x32 C:/Users/ntan/git/BlinkyLED04/BlinkyLED04_mainapp_cm0p_psoc6pdl/Debug/libBlinkyLED04_mainapp_cm0p_psoc6pdl.a(cy_gpio.o)
 .ARM.attributes
                0x00000249       0x32 C:/Users/ntan/git/BlinkyLED04/BlinkyLED04_mainapp_cm0p_psoc6pdl/Debug/libBlinkyLED04_mainapp_cm0p_psoc6pdl.a(cy_ipc_drv.o)
 .ARM.attributes
                0x0000027b       0x32 C:/Users/ntan/git/BlinkyLED04/BlinkyLED04_mainapp_cm0p_psoc6pdl/Debug/libBlinkyLED04_mainapp_cm0p_psoc6pdl.a(cy_ipc_pipe.o)
 .ARM.attributes
                0x000002ad       0x32 C:/Users/ntan/git/BlinkyLED04/BlinkyLED04_mainapp_cm0p_psoc6pdl/Debug/libBlinkyLED04_mainapp_cm0p_psoc6pdl.a(cy_ipc_sema.o)
 .ARM.attributes
                0x000002df       0x32 C:/Users/ntan/git/BlinkyLED04/BlinkyLED04_mainapp_cm0p_psoc6pdl/Debug/libBlinkyLED04_mainapp_cm0p_psoc6pdl.a(cy_sysclk.o)
 .ARM.attributes
                0x00000311       0x32 C:/Users/ntan/git/BlinkyLED04/BlinkyLED04_mainapp_cm0p_psoc6pdl/Debug/libBlinkyLED04_mainapp_cm0p_psoc6pdl.a(cy_sysint.o)
 .ARM.attributes
                0x00000343       0x32 C:/Users/ntan/git/BlinkyLED04/BlinkyLED04_mainapp_cm0p_psoc6pdl/Debug/libBlinkyLED04_mainapp_cm0p_psoc6pdl.a(cy_syslib.o)
 .ARM.attributes
                0x00000375       0x32 C:/Users/ntan/git/BlinkyLED04/BlinkyLED04_mainapp_cm0p_psoc6pdl/Debug/libBlinkyLED04_mainapp_cm0p_psoc6pdl.a(cy_syspm.o)
 .ARM.attributes
                0x000003a7       0x32 C:/Users/ntan/git/BlinkyLED04/BlinkyLED04_mainapp_cm0p_psoc6pdl/Debug/libBlinkyLED04_mainapp_cm0p_psoc6pdl.a(cy_wdt.o)
 .ARM.attributes
                0x000003d9       0x32 C:/Users/ntan/git/BlinkyLED04/BlinkyLED04_mainapp_cm0p_psoc6pdl/Debug/libBlinkyLED04_mainapp_cm0p_psoc6pdl.a(cy_prot.o)
 .ARM.attributes
                0x0000040b       0x1e c:/users/ntan/modustoolbox_1.0/tools/gcc-7.2.1-1.0/bin/../lib/gcc/arm-none-eabi/7.2.1/thumb/v6-m\libgcc.a(_udivsi3.o)
 .ARM.attributes
                0x00000429       0x1e c:/users/ntan/modustoolbox_1.0/tools/gcc-7.2.1-1.0/bin/../lib/gcc/arm-none-eabi/7.2.1/thumb/v6-m\libgcc.a(_dvmd_tls.o)
 .ARM.attributes
                0x00000447       0x2c c:/users/ntan/modustoolbox_1.0/tools/gcc-7.2.1-1.0/bin/../lib/gcc/arm-none-eabi/7.2.1/../../../../arm-none-eabi/lib/thumb/v6-m\libg_nano.a(lib_a-memset.o)
 .ARM.attributes
                0x00000473       0x2c c:/users/ntan/modustoolbox_1.0/tools/gcc-7.2.1-1.0/bin/../lib/gcc/arm-none-eabi/7.2.1/../../../../arm-none-eabi/lib/thumb/v6-m\libg_nano.a(lib_a-strncpy.o)
 .ARM.attributes
                0x0000049f       0x2c c:/users/ntan/modustoolbox_1.0/tools/gcc-7.2.1-1.0/bin/../lib/gcc/arm-none-eabi/7.2.1/thumb/v6-m/crtend.o
 .ARM.attributes
                0x000004cb       0x1e c:/users/ntan/modustoolbox_1.0/tools/gcc-7.2.1-1.0/bin/../lib/gcc/arm-none-eabi/7.2.1/thumb/v6-m/crtn.o

.comment        0x00000000       0x7f
 .comment       0x00000000       0x7f ./psoc6sw-1.0/components/psoc6pdl/devices/psoc6/startup/system_psoc6_cm0plus.o
                                 0x80 (size before relaxing)
 .comment       0x0000007f       0x80 ./Source_cm0p/main.o
 .comment       0x0000007f       0x80 ./BlinkyLED04_config/GeneratedSource/cycfg.o
 .comment       0x0000007f       0x80 ./BlinkyLED04_config/GeneratedSource/cycfg_connectivity.o
 .comment       0x0000007f       0x80 ./BlinkyLED04_config/GeneratedSource/cycfg_pins.o
 .comment       0x0000007f       0x80 ./BlinkyLED04_config/GeneratedSource/cycfg_platform.o
 .comment       0x0000007f       0x80 C:/Users/ntan/git/BlinkyLED04/BlinkyLED04_mainapp_cm0p_psoc6pdl/Debug/libBlinkyLED04_mainapp_cm0p_psoc6pdl.a(cy_device.o)
 .comment       0x0000007f       0x80 C:/Users/ntan/git/BlinkyLED04/BlinkyLED04_mainapp_cm0p_psoc6pdl/Debug/libBlinkyLED04_mainapp_cm0p_psoc6pdl.a(cy_flash.o)
 .comment       0x0000007f       0x80 C:/Users/ntan/git/BlinkyLED04/BlinkyLED04_mainapp_cm0p_psoc6pdl/Debug/libBlinkyLED04_mainapp_cm0p_psoc6pdl.a(cy_gpio.o)
 .comment       0x0000007f       0x80 C:/Users/ntan/git/BlinkyLED04/BlinkyLED04_mainapp_cm0p_psoc6pdl/Debug/libBlinkyLED04_mainapp_cm0p_psoc6pdl.a(cy_ipc_drv.o)
 .comment       0x0000007f       0x80 C:/Users/ntan/git/BlinkyLED04/BlinkyLED04_mainapp_cm0p_psoc6pdl/Debug/libBlinkyLED04_mainapp_cm0p_psoc6pdl.a(cy_ipc_pipe.o)
 .comment       0x0000007f       0x80 C:/Users/ntan/git/BlinkyLED04/BlinkyLED04_mainapp_cm0p_psoc6pdl/Debug/libBlinkyLED04_mainapp_cm0p_psoc6pdl.a(cy_ipc_sema.o)
 .comment       0x0000007f       0x80 C:/Users/ntan/git/BlinkyLED04/BlinkyLED04_mainapp_cm0p_psoc6pdl/Debug/libBlinkyLED04_mainapp_cm0p_psoc6pdl.a(cy_sysclk.o)
 .comment       0x0000007f       0x80 C:/Users/ntan/git/BlinkyLED04/BlinkyLED04_mainapp_cm0p_psoc6pdl/Debug/libBlinkyLED04_mainapp_cm0p_psoc6pdl.a(cy_sysint.o)
 .comment       0x0000007f       0x80 C:/Users/ntan/git/BlinkyLED04/BlinkyLED04_mainapp_cm0p_psoc6pdl/Debug/libBlinkyLED04_mainapp_cm0p_psoc6pdl.a(cy_syslib.o)
 .comment       0x0000007f       0x80 C:/Users/ntan/git/BlinkyLED04/BlinkyLED04_mainapp_cm0p_psoc6pdl/Debug/libBlinkyLED04_mainapp_cm0p_psoc6pdl.a(cy_syspm.o)
 .comment       0x0000007f       0x80 C:/Users/ntan/git/BlinkyLED04/BlinkyLED04_mainapp_cm0p_psoc6pdl/Debug/libBlinkyLED04_mainapp_cm0p_psoc6pdl.a(cy_wdt.o)
 .comment       0x0000007f       0x80 C:/Users/ntan/git/BlinkyLED04/BlinkyLED04_mainapp_cm0p_psoc6pdl/Debug/libBlinkyLED04_mainapp_cm0p_psoc6pdl.a(cy_prot.o)

.debug_line     0x00000000     0xab54
 .debug_line    0x00000000       0xcb ./psoc6sw-1.0/components/psoc6pdl/devices/psoc6/startup/gcc/startup_psoc6_01_cm0plus.o
 .debug_line    0x000000cb      0x92f ./psoc6sw-1.0/components/psoc6pdl/devices/psoc6/startup/system_psoc6_cm0plus.o
 .debug_line    0x000009fa      0x813 ./Source_cm0p/main.o
 .debug_line    0x0000120d      0x7ee ./BlinkyLED04_config/GeneratedSource/cycfg.o
 .debug_line    0x000019fb       0xb1 ./BlinkyLED04_config/GeneratedSource/cycfg_connectivity.o
 .debug_line    0x00001aac      0x7b9 ./BlinkyLED04_config/GeneratedSource/cycfg_pins.o
 .debug_line    0x00002265      0x87e ./BlinkyLED04_config/GeneratedSource/cycfg_platform.o
 .debug_line    0x00002ae3       0xac C:/Users/ntan/git/BlinkyLED04/BlinkyLED04_mainapp_cm0p_psoc6pdl/Debug/libBlinkyLED04_mainapp_cm0p_psoc6pdl.a(cy_syslib_gcc.o)
 .debug_line    0x00002b8f      0x4f2 C:/Users/ntan/git/BlinkyLED04/BlinkyLED04_mainapp_cm0p_psoc6pdl/Debug/libBlinkyLED04_mainapp_cm0p_psoc6pdl.a(cy_device.o)
 .debug_line    0x00003081      0xbf1 C:/Users/ntan/git/BlinkyLED04/BlinkyLED04_mainapp_cm0p_psoc6pdl/Debug/libBlinkyLED04_mainapp_cm0p_psoc6pdl.a(cy_flash.o)
 .debug_line    0x00003c72      0x98e C:/Users/ntan/git/BlinkyLED04/BlinkyLED04_mainapp_cm0p_psoc6pdl/Debug/libBlinkyLED04_mainapp_cm0p_psoc6pdl.a(cy_gpio.o)
 .debug_line    0x00004600      0x821 C:/Users/ntan/git/BlinkyLED04/BlinkyLED04_mainapp_cm0p_psoc6pdl/Debug/libBlinkyLED04_mainapp_cm0p_psoc6pdl.a(cy_ipc_drv.o)
 .debug_line    0x00004e21      0xa0d C:/Users/ntan/git/BlinkyLED04/BlinkyLED04_mainapp_cm0p_psoc6pdl/Debug/libBlinkyLED04_mainapp_cm0p_psoc6pdl.a(cy_ipc_pipe.o)
 .debug_line    0x0000582e      0x99c C:/Users/ntan/git/BlinkyLED04/BlinkyLED04_mainapp_cm0p_psoc6pdl/Debug/libBlinkyLED04_mainapp_cm0p_psoc6pdl.a(cy_ipc_sema.o)
 .debug_line    0x000061ca      0xfb2 C:/Users/ntan/git/BlinkyLED04/BlinkyLED04_mainapp_cm0p_psoc6pdl/Debug/libBlinkyLED04_mainapp_cm0p_psoc6pdl.a(cy_sysclk.o)
 .debug_line    0x0000717c      0x888 C:/Users/ntan/git/BlinkyLED04/BlinkyLED04_mainapp_cm0p_psoc6pdl/Debug/libBlinkyLED04_mainapp_cm0p_psoc6pdl.a(cy_sysint.o)
 .debug_line    0x00007a04      0x99f C:/Users/ntan/git/BlinkyLED04/BlinkyLED04_mainapp_cm0p_psoc6pdl/Debug/libBlinkyLED04_mainapp_cm0p_psoc6pdl.a(cy_syslib.o)
 .debug_line    0x000083a3      0xf54 C:/Users/ntan/git/BlinkyLED04/BlinkyLED04_mainapp_cm0p_psoc6pdl/Debug/libBlinkyLED04_mainapp_cm0p_psoc6pdl.a(cy_syspm.o)
 .debug_line    0x000092f7      0x82d C:/Users/ntan/git/BlinkyLED04/BlinkyLED04_mainapp_cm0p_psoc6pdl/Debug/libBlinkyLED04_mainapp_cm0p_psoc6pdl.a(cy_wdt.o)
 .debug_line    0x00009b24     0x1030 C:/Users/ntan/git/BlinkyLED04/BlinkyLED04_mainapp_cm0p_psoc6pdl/Debug/libBlinkyLED04_mainapp_cm0p_psoc6pdl.a(cy_prot.o)

.debug_info     0x00000000    0x23629
 .debug_info    0x00000000       0x26 ./psoc6sw-1.0/components/psoc6pdl/devices/psoc6/startup/gcc/startup_psoc6_01_cm0plus.o
 .debug_info    0x00000026     0x21fc ./psoc6sw-1.0/components/psoc6pdl/devices/psoc6/startup/system_psoc6_cm0plus.o
 .debug_info    0x00002222     0x29df ./Source_cm0p/main.o
 .debug_info    0x00004c01     0x27bc ./BlinkyLED04_config/GeneratedSource/cycfg.o
 .debug_info    0x000073bd       0x3b ./BlinkyLED04_config/GeneratedSource/cycfg_connectivity.o
 .debug_info    0x000073f8     0x2a01 ./BlinkyLED04_config/GeneratedSource/cycfg_pins.o
 .debug_info    0x00009df9     0x16cc ./BlinkyLED04_config/GeneratedSource/cycfg_platform.o
 .debug_info    0x0000b4c5       0x26 C:/Users/ntan/git/BlinkyLED04/BlinkyLED04_mainapp_cm0p_psoc6pdl/Debug/libBlinkyLED04_mainapp_cm0p_psoc6pdl.a(cy_syslib_gcc.o)
 .debug_info    0x0000b4eb      0x55f C:/Users/ntan/git/BlinkyLED04/BlinkyLED04_mainapp_cm0p_psoc6pdl/Debug/libBlinkyLED04_mainapp_cm0p_psoc6pdl.a(cy_device.o)
 .debug_info    0x0000ba4a     0x249f C:/Users/ntan/git/BlinkyLED04/BlinkyLED04_mainapp_cm0p_psoc6pdl/Debug/libBlinkyLED04_mainapp_cm0p_psoc6pdl.a(cy_flash.o)
 .debug_info    0x0000dee9     0x350c C:/Users/ntan/git/BlinkyLED04/BlinkyLED04_mainapp_cm0p_psoc6pdl/Debug/libBlinkyLED04_mainapp_cm0p_psoc6pdl.a(cy_gpio.o)
 .debug_info    0x000113f5      0x9ff C:/Users/ntan/git/BlinkyLED04/BlinkyLED04_mainapp_cm0p_psoc6pdl/Debug/libBlinkyLED04_mainapp_cm0p_psoc6pdl.a(cy_ipc_drv.o)
 .debug_info    0x00011df4     0x1b3c C:/Users/ntan/git/BlinkyLED04/BlinkyLED04_mainapp_cm0p_psoc6pdl/Debug/libBlinkyLED04_mainapp_cm0p_psoc6pdl.a(cy_ipc_pipe.o)
 .debug_info    0x00013930     0x1540 C:/Users/ntan/git/BlinkyLED04/BlinkyLED04_mainapp_cm0p_psoc6pdl/Debug/libBlinkyLED04_mainapp_cm0p_psoc6pdl.a(cy_ipc_sema.o)
 .debug_info    0x00014e70     0x2b16 C:/Users/ntan/git/BlinkyLED04/BlinkyLED04_mainapp_cm0p_psoc6pdl/Debug/libBlinkyLED04_mainapp_cm0p_psoc6pdl.a(cy_sysclk.o)
 .debug_info    0x00017986     0x1b79 C:/Users/ntan/git/BlinkyLED04/BlinkyLED04_mainapp_cm0p_psoc6pdl/Debug/libBlinkyLED04_mainapp_cm0p_psoc6pdl.a(cy_sysint.o)
 .debug_info    0x000194ff     0x2888 C:/Users/ntan/git/BlinkyLED04/BlinkyLED04_mainapp_cm0p_psoc6pdl/Debug/libBlinkyLED04_mainapp_cm0p_psoc6pdl.a(cy_syslib.o)
 .debug_info    0x0001bd87     0x3ef1 C:/Users/ntan/git/BlinkyLED04/BlinkyLED04_mainapp_cm0p_psoc6pdl/Debug/libBlinkyLED04_mainapp_cm0p_psoc6pdl.a(cy_syspm.o)
 .debug_info    0x0001fc78      0xd7c C:/Users/ntan/git/BlinkyLED04/BlinkyLED04_mainapp_cm0p_psoc6pdl/Debug/libBlinkyLED04_mainapp_cm0p_psoc6pdl.a(cy_wdt.o)
 .debug_info    0x000209f4     0x2c35 C:/Users/ntan/git/BlinkyLED04/BlinkyLED04_mainapp_cm0p_psoc6pdl/Debug/libBlinkyLED04_mainapp_cm0p_psoc6pdl.a(cy_prot.o)

.debug_abbrev   0x00000000     0x2b15
 .debug_abbrev  0x00000000       0x14 ./psoc6sw-1.0/components/psoc6pdl/devices/psoc6/startup/gcc/startup_psoc6_01_cm0plus.o
 .debug_abbrev  0x00000014      0x2a5 ./psoc6sw-1.0/components/psoc6pdl/devices/psoc6/startup/system_psoc6_cm0plus.o
 .debug_abbrev  0x000002b9      0x1d4 ./Source_cm0p/main.o
 .debug_abbrev  0x0000048d      0x120 ./BlinkyLED04_config/GeneratedSource/cycfg.o
 .debug_abbrev  0x000005ad       0x2f ./BlinkyLED04_config/GeneratedSource/cycfg_connectivity.o
 .debug_abbrev  0x000005dc      0x17a ./BlinkyLED04_config/GeneratedSource/cycfg_pins.o
 .debug_abbrev  0x00000756      0x2b5 ./BlinkyLED04_config/GeneratedSource/cycfg_platform.o
 .debug_abbrev  0x00000a0b       0x14 C:/Users/ntan/git/BlinkyLED04/BlinkyLED04_mainapp_cm0p_psoc6pdl/Debug/libBlinkyLED04_mainapp_cm0p_psoc6pdl.a(cy_syslib_gcc.o)
 .debug_abbrev  0x00000a1f       0xab C:/Users/ntan/git/BlinkyLED04/BlinkyLED04_mainapp_cm0p_psoc6pdl/Debug/libBlinkyLED04_mainapp_cm0p_psoc6pdl.a(cy_device.o)
 .debug_abbrev  0x00000aca      0x35a C:/Users/ntan/git/BlinkyLED04/BlinkyLED04_mainapp_cm0p_psoc6pdl/Debug/libBlinkyLED04_mainapp_cm0p_psoc6pdl.a(cy_flash.o)
 .debug_abbrev  0x00000e24      0x282 C:/Users/ntan/git/BlinkyLED04/BlinkyLED04_mainapp_cm0p_psoc6pdl/Debug/libBlinkyLED04_mainapp_cm0p_psoc6pdl.a(cy_gpio.o)
 .debug_abbrev  0x000010a6      0x1a9 C:/Users/ntan/git/BlinkyLED04/BlinkyLED04_mainapp_cm0p_psoc6pdl/Debug/libBlinkyLED04_mainapp_cm0p_psoc6pdl.a(cy_ipc_drv.o)
 .debug_abbrev  0x0000124f      0x368 C:/Users/ntan/git/BlinkyLED04/BlinkyLED04_mainapp_cm0p_psoc6pdl/Debug/libBlinkyLED04_mainapp_cm0p_psoc6pdl.a(cy_ipc_pipe.o)
 .debug_abbrev  0x000015b7      0x331 C:/Users/ntan/git/BlinkyLED04/BlinkyLED04_mainapp_cm0p_psoc6pdl/Debug/libBlinkyLED04_mainapp_cm0p_psoc6pdl.a(cy_ipc_sema.o)
 .debug_abbrev  0x000018e8      0x454 C:/Users/ntan/git/BlinkyLED04/BlinkyLED04_mainapp_cm0p_psoc6pdl/Debug/libBlinkyLED04_mainapp_cm0p_psoc6pdl.a(cy_sysclk.o)
 .debug_abbrev  0x00001d3c      0x29b C:/Users/ntan/git/BlinkyLED04/BlinkyLED04_mainapp_cm0p_psoc6pdl/Debug/libBlinkyLED04_mainapp_cm0p_psoc6pdl.a(cy_sysint.o)
 .debug_abbrev  0x00001fd7      0x3df C:/Users/ntan/git/BlinkyLED04/BlinkyLED04_mainapp_cm0p_psoc6pdl/Debug/libBlinkyLED04_mainapp_cm0p_psoc6pdl.a(cy_syslib.o)
 .debug_abbrev  0x000023b6      0x360 C:/Users/ntan/git/BlinkyLED04/BlinkyLED04_mainapp_cm0p_psoc6pdl/Debug/libBlinkyLED04_mainapp_cm0p_psoc6pdl.a(cy_syspm.o)
 .debug_abbrev  0x00002716      0x1a6 C:/Users/ntan/git/BlinkyLED04/BlinkyLED04_mainapp_cm0p_psoc6pdl/Debug/libBlinkyLED04_mainapp_cm0p_psoc6pdl.a(cy_wdt.o)
 .debug_abbrev  0x000028bc      0x259 C:/Users/ntan/git/BlinkyLED04/BlinkyLED04_mainapp_cm0p_psoc6pdl/Debug/libBlinkyLED04_mainapp_cm0p_psoc6pdl.a(cy_prot.o)

.debug_aranges  0x00000000      0x7c8
 .debug_aranges
                0x00000000       0x20 ./psoc6sw-1.0/components/psoc6pdl/devices/psoc6/startup/gcc/startup_psoc6_01_cm0plus.o
 .debug_aranges
                0x00000020       0x60 ./psoc6sw-1.0/components/psoc6pdl/devices/psoc6/startup/system_psoc6_cm0plus.o
 .debug_aranges
                0x00000080       0x20 ./Source_cm0p/main.o
 .debug_aranges
                0x000000a0       0x20 ./BlinkyLED04_config/GeneratedSource/cycfg.o
 .debug_aranges
                0x000000c0       0x20 ./BlinkyLED04_config/GeneratedSource/cycfg_connectivity.o
 .debug_aranges
                0x000000e0       0x20 ./BlinkyLED04_config/GeneratedSource/cycfg_pins.o
 .debug_aranges
                0x00000100       0x28 ./BlinkyLED04_config/GeneratedSource/cycfg_platform.o
 .debug_aranges
                0x00000128       0x20 C:/Users/ntan/git/BlinkyLED04/BlinkyLED04_mainapp_cm0p_psoc6pdl/Debug/libBlinkyLED04_mainapp_cm0p_psoc6pdl.a(cy_syslib_gcc.o)
 .debug_aranges
                0x00000148       0x20 C:/Users/ntan/git/BlinkyLED04/BlinkyLED04_mainapp_cm0p_psoc6pdl/Debug/libBlinkyLED04_mainapp_cm0p_psoc6pdl.a(cy_device.o)
 .debug_aranges
                0x00000168       0xb0 C:/Users/ntan/git/BlinkyLED04/BlinkyLED04_mainapp_cm0p_psoc6pdl/Debug/libBlinkyLED04_mainapp_cm0p_psoc6pdl.a(cy_flash.o)
 .debug_aranges
                0x00000218       0x48 C:/Users/ntan/git/BlinkyLED04/BlinkyLED04_mainapp_cm0p_psoc6pdl/Debug/libBlinkyLED04_mainapp_cm0p_psoc6pdl.a(cy_gpio.o)
 .debug_aranges
                0x00000260       0x30 C:/Users/ntan/git/BlinkyLED04/BlinkyLED04_mainapp_cm0p_psoc6pdl/Debug/libBlinkyLED04_mainapp_cm0p_psoc6pdl.a(cy_ipc_drv.o)
 .debug_aranges
                0x00000290       0x68 C:/Users/ntan/git/BlinkyLED04/BlinkyLED04_mainapp_cm0p_psoc6pdl/Debug/libBlinkyLED04_mainapp_cm0p_psoc6pdl.a(cy_ipc_pipe.o)
 .debug_aranges
                0x000002f8       0x48 C:/Users/ntan/git/BlinkyLED04/BlinkyLED04_mainapp_cm0p_psoc6pdl/Debug/libBlinkyLED04_mainapp_cm0p_psoc6pdl.a(cy_ipc_sema.o)
 .debug_aranges
                0x00000340       0xa8 C:/Users/ntan/git/BlinkyLED04/BlinkyLED04_mainapp_cm0p_psoc6pdl/Debug/libBlinkyLED04_mainapp_cm0p_psoc6pdl.a(cy_sysclk.o)
 .debug_aranges
                0x000003e8       0x58 C:/Users/ntan/git/BlinkyLED04/BlinkyLED04_mainapp_cm0p_psoc6pdl/Debug/libBlinkyLED04_mainapp_cm0p_psoc6pdl.a(cy_sysint.o)
 .debug_aranges
                0x00000440       0x80 C:/Users/ntan/git/BlinkyLED04/BlinkyLED04_mainapp_cm0p_psoc6pdl/Debug/libBlinkyLED04_mainapp_cm0p_psoc6pdl.a(cy_syslib.o)
 .debug_aranges
                0x000004c0      0x118 C:/Users/ntan/git/BlinkyLED04/BlinkyLED04_mainapp_cm0p_psoc6pdl/Debug/libBlinkyLED04_mainapp_cm0p_psoc6pdl.a(cy_syspm.o)
 .debug_aranges
                0x000005d8       0x58 C:/Users/ntan/git/BlinkyLED04/BlinkyLED04_mainapp_cm0p_psoc6pdl/Debug/libBlinkyLED04_mainapp_cm0p_psoc6pdl.a(cy_wdt.o)
 .debug_aranges
                0x00000630      0x198 C:/Users/ntan/git/BlinkyLED04/BlinkyLED04_mainapp_cm0p_psoc6pdl/Debug/libBlinkyLED04_mainapp_cm0p_psoc6pdl.a(cy_prot.o)

.debug_str      0x00000000    0xc577d
 .debug_str     0x00000000       0xa4 ./psoc6sw-1.0/components/psoc6pdl/devices/psoc6/startup/gcc/startup_psoc6_01_cm0plus.o
 .debug_str     0x000000a4    0xae992 ./psoc6sw-1.0/components/psoc6pdl/devices/psoc6/startup/system_psoc6_cm0plus.o
                              0xaee49 (size before relaxing)
 .debug_str     0x000aea36     0x969b ./Source_cm0p/main.o
                              0xb5c1e (size before relaxing)
 .debug_str     0x000b80d1       0x85 ./BlinkyLED04_config/GeneratedSource/cycfg.o
                              0xb5b31 (size before relaxing)
 .debug_str     0x000b8156       0x56 ./BlinkyLED04_config/GeneratedSource/cycfg_connectivity.o
                               0x2d6c (size before relaxing)
 .debug_str     0x000b81ac       0x5f ./BlinkyLED04_config/GeneratedSource/cycfg_pins.o
                              0xb377a (size before relaxing)
 .debug_str     0x000b820b      0xc57 ./BlinkyLED04_config/GeneratedSource/cycfg_platform.o
                              0xafb50 (size before relaxing)
 .debug_str     0x000b8e62       0xb2 C:/Users/ntan/git/BlinkyLED04/BlinkyLED04_mainapp_cm0p_psoc6pdl/Debug/libBlinkyLED04_mainapp_cm0p_psoc6pdl.a(cy_syslib_gcc.o)
                                 0xc1 (size before relaxing)
 .debug_str     0x000b8f14       0x64 C:/Users/ntan/git/BlinkyLED04/BlinkyLED04_mainapp_cm0p_psoc6pdl/Debug/libBlinkyLED04_mainapp_cm0p_psoc6pdl.a(cy_device.o)
                              0x5f20c (size before relaxing)
 .debug_str     0x000b8f78     0x1b18 C:/Users/ntan/git/BlinkyLED04/BlinkyLED04_mainapp_cm0p_psoc6pdl/Debug/libBlinkyLED04_mainapp_cm0p_psoc6pdl.a(cy_flash.o)
                              0xb17b0 (size before relaxing)
 .debug_str     0x000baa90      0x523 C:/Users/ntan/git/BlinkyLED04/BlinkyLED04_mainapp_cm0p_psoc6pdl/Debug/libBlinkyLED04_mainapp_cm0p_psoc6pdl.a(cy_gpio.o)
                              0xb372a (size before relaxing)
 .debug_str     0x000bafb3      0x123 C:/Users/ntan/git/BlinkyLED04/BlinkyLED04_mainapp_cm0p_psoc6pdl/Debug/libBlinkyLED04_mainapp_cm0p_psoc6pdl.a(cy_ipc_drv.o)
                              0xac8bf (size before relaxing)
 .debug_str     0x000bb0d6     0x128c C:/Users/ntan/git/BlinkyLED04/BlinkyLED04_mainapp_cm0p_psoc6pdl/Debug/libBlinkyLED04_mainapp_cm0p_psoc6pdl.a(cy_ipc_pipe.o)
                              0xae9a3 (size before relaxing)
 .debug_str     0x000bc362     0x2dce C:/Users/ntan/git/BlinkyLED04/BlinkyLED04_mainapp_cm0p_psoc6pdl/Debug/libBlinkyLED04_mainapp_cm0p_psoc6pdl.a(cy_ipc_sema.o)
                              0xaf8e7 (size before relaxing)
 .debug_str     0x000bf130     0x1adb C:/Users/ntan/git/BlinkyLED04/BlinkyLED04_mainapp_cm0p_psoc6pdl/Debug/libBlinkyLED04_mainapp_cm0p_psoc6pdl.a(cy_sysclk.o)
                              0xb4c0a (size before relaxing)
 .debug_str     0x000c0c0b      0x39f C:/Users/ntan/git/BlinkyLED04/BlinkyLED04_mainapp_cm0p_psoc6pdl/Debug/libBlinkyLED04_mainapp_cm0p_psoc6pdl.a(cy_sysint.o)
                              0xae2e5 (size before relaxing)
 .debug_str     0x000c0faa      0x30c C:/Users/ntan/git/BlinkyLED04/BlinkyLED04_mainapp_cm0p_psoc6pdl/Debug/libBlinkyLED04_mainapp_cm0p_psoc6pdl.a(cy_syslib.o)
                              0xb07a8 (size before relaxing)
 .debug_str     0x000c12b6     0x340a C:/Users/ntan/git/BlinkyLED04/BlinkyLED04_mainapp_cm0p_psoc6pdl/Debug/libBlinkyLED04_mainapp_cm0p_psoc6pdl.a(cy_syspm.o)
                              0xb3caa (size before relaxing)
 .debug_str     0x000c46c0       0xe5 C:/Users/ntan/git/BlinkyLED04/BlinkyLED04_mainapp_cm0p_psoc6pdl/Debug/libBlinkyLED04_mainapp_cm0p_psoc6pdl.a(cy_wdt.o)
                              0xacc37 (size before relaxing)
 .debug_str     0x000c47a5      0xfd8 C:/Users/ntan/git/BlinkyLED04/BlinkyLED04_mainapp_cm0p_psoc6pdl/Debug/libBlinkyLED04_mainapp_cm0p_psoc6pdl.a(cy_prot.o)
                              0xaf29a (size before relaxing)

.debug_loc      0x00000000     0x8fb4
 .debug_loc     0x00000000      0x405 ./psoc6sw-1.0/components/psoc6pdl/devices/psoc6/startup/system_psoc6_cm0plus.o
 .debug_loc     0x00000405       0x2c ./Source_cm0p/main.o
 .debug_loc     0x00000431      0x23c ./BlinkyLED04_config/GeneratedSource/cycfg_platform.o
 .debug_loc     0x0000066d     0x101d C:/Users/ntan/git/BlinkyLED04/BlinkyLED04_mainapp_cm0p_psoc6pdl/Debug/libBlinkyLED04_mainapp_cm0p_psoc6pdl.a(cy_flash.o)
 .debug_loc     0x0000168a      0xb57 C:/Users/ntan/git/BlinkyLED04/BlinkyLED04_mainapp_cm0p_psoc6pdl/Debug/libBlinkyLED04_mainapp_cm0p_psoc6pdl.a(cy_gpio.o)
 .debug_loc     0x000021e1      0x3f3 C:/Users/ntan/git/BlinkyLED04/BlinkyLED04_mainapp_cm0p_psoc6pdl/Debug/libBlinkyLED04_mainapp_cm0p_psoc6pdl.a(cy_ipc_drv.o)
 .debug_loc     0x000025d4      0xa41 C:/Users/ntan/git/BlinkyLED04/BlinkyLED04_mainapp_cm0p_psoc6pdl/Debug/libBlinkyLED04_mainapp_cm0p_psoc6pdl.a(cy_ipc_pipe.o)
 .debug_loc     0x00003015      0x8b5 C:/Users/ntan/git/BlinkyLED04/BlinkyLED04_mainapp_cm0p_psoc6pdl/Debug/libBlinkyLED04_mainapp_cm0p_psoc6pdl.a(cy_ipc_sema.o)
 .debug_loc     0x000038ca     0x1b95 C:/Users/ntan/git/BlinkyLED04/BlinkyLED04_mainapp_cm0p_psoc6pdl/Debug/libBlinkyLED04_mainapp_cm0p_psoc6pdl.a(cy_sysclk.o)
 .debug_loc     0x0000545f      0x527 C:/Users/ntan/git/BlinkyLED04/BlinkyLED04_mainapp_cm0p_psoc6pdl/Debug/libBlinkyLED04_mainapp_cm0p_psoc6pdl.a(cy_sysint.o)
 .debug_loc     0x00005986      0x19f C:/Users/ntan/git/BlinkyLED04/BlinkyLED04_mainapp_cm0p_psoc6pdl/Debug/libBlinkyLED04_mainapp_cm0p_psoc6pdl.a(cy_syslib.o)
 .debug_loc     0x00005b25     0x1107 C:/Users/ntan/git/BlinkyLED04/BlinkyLED04_mainapp_cm0p_psoc6pdl/Debug/libBlinkyLED04_mainapp_cm0p_psoc6pdl.a(cy_syspm.o)
 .debug_loc     0x00006c2c       0x84 C:/Users/ntan/git/BlinkyLED04/BlinkyLED04_mainapp_cm0p_psoc6pdl/Debug/libBlinkyLED04_mainapp_cm0p_psoc6pdl.a(cy_wdt.o)
 .debug_loc     0x00006cb0     0x2304 C:/Users/ntan/git/BlinkyLED04/BlinkyLED04_mainapp_cm0p_psoc6pdl/Debug/libBlinkyLED04_mainapp_cm0p_psoc6pdl.a(cy_prot.o)

.debug_ranges   0x00000000      0xd40
 .debug_ranges  0x00000000       0x68 ./psoc6sw-1.0/components/psoc6pdl/devices/psoc6/startup/system_psoc6_cm0plus.o
 .debug_ranges  0x00000068       0x10 ./Source_cm0p/main.o
 .debug_ranges  0x00000078       0x10 ./BlinkyLED04_config/GeneratedSource/cycfg.o
 .debug_ranges  0x00000088       0x10 ./BlinkyLED04_config/GeneratedSource/cycfg_connectivity.o
 .debug_ranges  0x00000098       0x10 ./BlinkyLED04_config/GeneratedSource/cycfg_pins.o
 .debug_ranges  0x000000a8       0x60 ./BlinkyLED04_config/GeneratedSource/cycfg_platform.o
 .debug_ranges  0x00000108       0x10 C:/Users/ntan/git/BlinkyLED04/BlinkyLED04_mainapp_cm0p_psoc6pdl/Debug/libBlinkyLED04_mainapp_cm0p_psoc6pdl.a(cy_device.o)
 .debug_ranges  0x00000118      0x1a8 C:/Users/ntan/git/BlinkyLED04/BlinkyLED04_mainapp_cm0p_psoc6pdl/Debug/libBlinkyLED04_mainapp_cm0p_psoc6pdl.a(cy_flash.o)
 .debug_ranges  0x000002c0      0x110 C:/Users/ntan/git/BlinkyLED04/BlinkyLED04_mainapp_cm0p_psoc6pdl/Debug/libBlinkyLED04_mainapp_cm0p_psoc6pdl.a(cy_gpio.o)
 .debug_ranges  0x000003d0       0x50 C:/Users/ntan/git/BlinkyLED04/BlinkyLED04_mainapp_cm0p_psoc6pdl/Debug/libBlinkyLED04_mainapp_cm0p_psoc6pdl.a(cy_ipc_drv.o)
 .debug_ranges  0x00000420       0xb8 C:/Users/ntan/git/BlinkyLED04/BlinkyLED04_mainapp_cm0p_psoc6pdl/Debug/libBlinkyLED04_mainapp_cm0p_psoc6pdl.a(cy_ipc_pipe.o)
 .debug_ranges  0x000004d8       0x80 C:/Users/ntan/git/BlinkyLED04/BlinkyLED04_mainapp_cm0p_psoc6pdl/Debug/libBlinkyLED04_mainapp_cm0p_psoc6pdl.a(cy_ipc_sema.o)
 .debug_ranges  0x00000558      0x290 C:/Users/ntan/git/BlinkyLED04/BlinkyLED04_mainapp_cm0p_psoc6pdl/Debug/libBlinkyLED04_mainapp_cm0p_psoc6pdl.a(cy_sysclk.o)
 .debug_ranges  0x000007e8       0x60 C:/Users/ntan/git/BlinkyLED04/BlinkyLED04_mainapp_cm0p_psoc6pdl/Debug/libBlinkyLED04_mainapp_cm0p_psoc6pdl.a(cy_sysint.o)
 .debug_ranges  0x00000848       0xa0 C:/Users/ntan/git/BlinkyLED04/BlinkyLED04_mainapp_cm0p_psoc6pdl/Debug/libBlinkyLED04_mainapp_cm0p_psoc6pdl.a(cy_syslib.o)
 .debug_ranges  0x000008e8      0x270 C:/Users/ntan/git/BlinkyLED04/BlinkyLED04_mainapp_cm0p_psoc6pdl/Debug/libBlinkyLED04_mainapp_cm0p_psoc6pdl.a(cy_syspm.o)
 .debug_ranges  0x00000b58       0x48 C:/Users/ntan/git/BlinkyLED04/BlinkyLED04_mainapp_cm0p_psoc6pdl/Debug/libBlinkyLED04_mainapp_cm0p_psoc6pdl.a(cy_wdt.o)
 .debug_ranges  0x00000ba0      0x1a0 C:/Users/ntan/git/BlinkyLED04/BlinkyLED04_mainapp_cm0p_psoc6pdl/Debug/libBlinkyLED04_mainapp_cm0p_psoc6pdl.a(cy_prot.o)

.debug_macro    0x00000000    0x221ba
 .debug_macro   0x00000000      0x42d ./psoc6sw-1.0/components/psoc6pdl/devices/psoc6/startup/system_psoc6_cm0plus.o
 .debug_macro   0x0000042d      0xa48 ./psoc6sw-1.0/components/psoc6pdl/devices/psoc6/startup/system_psoc6_cm0plus.o
 .debug_macro   0x00000e75       0x22 ./psoc6sw-1.0/components/psoc6pdl/devices/psoc6/startup/system_psoc6_cm0plus.o
 .debug_macro   0x00000e97       0x22 ./psoc6sw-1.0/components/psoc6pdl/devices/psoc6/startup/system_psoc6_cm0plus.o
 .debug_macro   0x00000eb9       0x87 ./psoc6sw-1.0/components/psoc6pdl/devices/psoc6/startup/system_psoc6_cm0plus.o
 .debug_macro   0x00000f40       0x51 ./psoc6sw-1.0/components/psoc6pdl/devices/psoc6/startup/system_psoc6_cm0plus.o
 .debug_macro   0x00000f91       0xef ./psoc6sw-1.0/components/psoc6pdl/devices/psoc6/startup/system_psoc6_cm0plus.o
 .debug_macro   0x00001080       0x6a ./psoc6sw-1.0/components/psoc6pdl/devices/psoc6/startup/system_psoc6_cm0plus.o
 .debug_macro   0x000010ea      0x1df ./psoc6sw-1.0/components/psoc6pdl/devices/psoc6/startup/system_psoc6_cm0plus.o
 .debug_macro   0x000012c9       0xb3 ./psoc6sw-1.0/components/psoc6pdl/devices/psoc6/startup/system_psoc6_cm0plus.o
 .debug_macro   0x0000137c      0x174 ./psoc6sw-1.0/components/psoc6pdl/devices/psoc6/startup/system_psoc6_cm0plus.o
 .debug_macro   0x000014f0       0x1c ./psoc6sw-1.0/components/psoc6pdl/devices/psoc6/startup/system_psoc6_cm0plus.o
 .debug_macro   0x0000150c      0x50a ./psoc6sw-1.0/components/psoc6pdl/devices/psoc6/startup/system_psoc6_cm0plus.o
 .debug_macro   0x00001a16      0x6e1 ./psoc6sw-1.0/components/psoc6pdl/devices/psoc6/startup/system_psoc6_cm0plus.o
 .debug_macro   0x000020f7      0xa7a ./psoc6sw-1.0/components/psoc6pdl/devices/psoc6/startup/system_psoc6_cm0plus.o
 .debug_macro   0x00002b71      0xdec ./psoc6sw-1.0/components/psoc6pdl/devices/psoc6/startup/system_psoc6_cm0plus.o
 .debug_macro   0x0000395d      0x9e3 ./psoc6sw-1.0/components/psoc6pdl/devices/psoc6/startup/system_psoc6_cm0plus.o
 .debug_macro   0x00004340      0x9e4 ./psoc6sw-1.0/components/psoc6pdl/devices/psoc6/startup/system_psoc6_cm0plus.o
 .debug_macro   0x00004d24       0xbe ./psoc6sw-1.0/components/psoc6pdl/devices/psoc6/startup/system_psoc6_cm0plus.o
 .debug_macro   0x00004de2       0xfa ./psoc6sw-1.0/components/psoc6pdl/devices/psoc6/startup/system_psoc6_cm0plus.o
 .debug_macro   0x00004edc      0x5f8 ./psoc6sw-1.0/components/psoc6pdl/devices/psoc6/startup/system_psoc6_cm0plus.o
 .debug_macro   0x000054d4      0xb49 ./psoc6sw-1.0/components/psoc6pdl/devices/psoc6/startup/system_psoc6_cm0plus.o
 .debug_macro   0x0000601d      0x3a8 ./psoc6sw-1.0/components/psoc6pdl/devices/psoc6/startup/system_psoc6_cm0plus.o
 .debug_macro   0x000063c5      0x8bb ./psoc6sw-1.0/components/psoc6pdl/devices/psoc6/startup/system_psoc6_cm0plus.o
 .debug_macro   0x00006c80      0x3bd ./psoc6sw-1.0/components/psoc6pdl/devices/psoc6/startup/system_psoc6_cm0plus.o
 .debug_macro   0x0000703d     0x1218 ./psoc6sw-1.0/components/psoc6pdl/devices/psoc6/startup/system_psoc6_cm0plus.o
 .debug_macro   0x00008255       0xca ./psoc6sw-1.0/components/psoc6pdl/devices/psoc6/startup/system_psoc6_cm0plus.o
 .debug_macro   0x0000831f      0x6aa ./psoc6sw-1.0/components/psoc6pdl/devices/psoc6/startup/system_psoc6_cm0plus.o
 .debug_macro   0x000089c9      0x6aa ./psoc6sw-1.0/components/psoc6pdl/devices/psoc6/startup/system_psoc6_cm0plus.o
 .debug_macro   0x00009073      0x118 ./psoc6sw-1.0/components/psoc6pdl/devices/psoc6/startup/system_psoc6_cm0plus.o
 .debug_macro   0x0000918b      0x124 ./psoc6sw-1.0/components/psoc6pdl/devices/psoc6/startup/system_psoc6_cm0plus.o
 .debug_macro   0x000092af     0x2cd8 ./psoc6sw-1.0/components/psoc6pdl/devices/psoc6/startup/system_psoc6_cm0plus.o
 .debug_macro   0x0000bf87      0x1e1 ./psoc6sw-1.0/components/psoc6pdl/devices/psoc6/startup/system_psoc6_cm0plus.o
 .debug_macro   0x0000c168      0x294 ./psoc6sw-1.0/components/psoc6pdl/devices/psoc6/startup/system_psoc6_cm0plus.o
 .debug_macro   0x0000c3fc      0x384 ./psoc6sw-1.0/components/psoc6pdl/devices/psoc6/startup/system_psoc6_cm0plus.o
 .debug_macro   0x0000c780      0x517 ./psoc6sw-1.0/components/psoc6pdl/devices/psoc6/startup/system_psoc6_cm0plus.o
 .debug_macro   0x0000cc97      0x22d ./psoc6sw-1.0/components/psoc6pdl/devices/psoc6/startup/system_psoc6_cm0plus.o
 .debug_macro   0x0000cec4       0xd0 ./psoc6sw-1.0/components/psoc6pdl/devices/psoc6/startup/system_psoc6_cm0plus.o
 .debug_macro   0x0000cf94     0x11aa ./psoc6sw-1.0/components/psoc6pdl/devices/psoc6/startup/system_psoc6_cm0plus.o
 .debug_macro   0x0000e13e      0x106 ./psoc6sw-1.0/components/psoc6pdl/devices/psoc6/startup/system_psoc6_cm0plus.o
 .debug_macro   0x0000e244     0x13c9 ./psoc6sw-1.0/components/psoc6pdl/devices/psoc6/startup/system_psoc6_cm0plus.o
 .debug_macro   0x0000f60d       0x2d ./psoc6sw-1.0/components/psoc6pdl/devices/psoc6/startup/system_psoc6_cm0plus.o
 .debug_macro   0x0000f63a       0x1c ./psoc6sw-1.0/components/psoc6pdl/devices/psoc6/startup/system_psoc6_cm0plus.o
 .debug_macro   0x0000f656       0x22 ./psoc6sw-1.0/components/psoc6pdl/devices/psoc6/startup/system_psoc6_cm0plus.o
 .debug_macro   0x0000f678       0xb5 ./psoc6sw-1.0/components/psoc6pdl/devices/psoc6/startup/system_psoc6_cm0plus.o
 .debug_macro   0x0000f72d      0x4a9 ./psoc6sw-1.0/components/psoc6pdl/devices/psoc6/startup/system_psoc6_cm0plus.o
 .debug_macro   0x0000fbd6       0xe2 ./psoc6sw-1.0/components/psoc6pdl/devices/psoc6/startup/system_psoc6_cm0plus.o
 .debug_macro   0x0000fcb8       0x66 ./psoc6sw-1.0/components/psoc6pdl/devices/psoc6/startup/system_psoc6_cm0plus.o
 .debug_macro   0x0000fd1e      0x1fc ./psoc6sw-1.0/components/psoc6pdl/devices/psoc6/startup/system_psoc6_cm0plus.o
 .debug_macro   0x0000ff1a      0x199 ./psoc6sw-1.0/components/psoc6pdl/devices/psoc6/startup/system_psoc6_cm0plus.o
 .debug_macro   0x000100b3      0x60d ./psoc6sw-1.0/components/psoc6pdl/devices/psoc6/startup/system_psoc6_cm0plus.o
 .debug_macro   0x000106c0       0xd6 ./psoc6sw-1.0/components/psoc6pdl/devices/psoc6/startup/system_psoc6_cm0plus.o
 .debug_macro   0x00010796      0x66c ./psoc6sw-1.0/components/psoc6pdl/devices/psoc6/startup/system_psoc6_cm0plus.o
 .debug_macro   0x00010e02      0x28c ./psoc6sw-1.0/components/psoc6pdl/devices/psoc6/startup/system_psoc6_cm0plus.o
 .debug_macro   0x0001108e      0x930 ./psoc6sw-1.0/components/psoc6pdl/devices/psoc6/startup/system_psoc6_cm0plus.o
 .debug_macro   0x000119be      0x269 ./psoc6sw-1.0/components/psoc6pdl/devices/psoc6/startup/system_psoc6_cm0plus.o
 .debug_macro   0x00011c27     0x29fe ./psoc6sw-1.0/components/psoc6pdl/devices/psoc6/startup/system_psoc6_cm0plus.o
 .debug_macro   0x00014625     0x21b6 ./psoc6sw-1.0/components/psoc6pdl/devices/psoc6/startup/system_psoc6_cm0plus.o
 .debug_macro   0x000167db      0x5a1 ./psoc6sw-1.0/components/psoc6pdl/devices/psoc6/startup/system_psoc6_cm0plus.o
 .debug_macro   0x00016d7c     0x103a ./psoc6sw-1.0/components/psoc6pdl/devices/psoc6/startup/system_psoc6_cm0plus.o
 .debug_macro   0x00017db6      0x526 ./psoc6sw-1.0/components/psoc6pdl/devices/psoc6/startup/system_psoc6_cm0plus.o
 .debug_macro   0x000182dc      0x10c ./psoc6sw-1.0/components/psoc6pdl/devices/psoc6/startup/system_psoc6_cm0plus.o
 .debug_macro   0x000183e8      0xd79 ./psoc6sw-1.0/components/psoc6pdl/devices/psoc6/startup/system_psoc6_cm0plus.o
 .debug_macro   0x00019161      0x166 ./psoc6sw-1.0/components/psoc6pdl/devices/psoc6/startup/system_psoc6_cm0plus.o
 .debug_macro   0x000192c7     0x142b ./psoc6sw-1.0/components/psoc6pdl/devices/psoc6/startup/system_psoc6_cm0plus.o
 .debug_macro   0x0001a6f2      0xa50 ./psoc6sw-1.0/components/psoc6pdl/devices/psoc6/startup/system_psoc6_cm0plus.o
 .debug_macro   0x0001b142      0xef2 ./psoc6sw-1.0/components/psoc6pdl/devices/psoc6/startup/system_psoc6_cm0plus.o
 .debug_macro   0x0001c034      0x322 ./psoc6sw-1.0/components/psoc6pdl/devices/psoc6/startup/system_psoc6_cm0plus.o
 .debug_macro   0x0001c356       0x5f ./psoc6sw-1.0/components/psoc6pdl/devices/psoc6/startup/system_psoc6_cm0plus.o
 .debug_macro   0x0001c3b5       0x43 ./psoc6sw-1.0/components/psoc6pdl/devices/psoc6/startup/system_psoc6_cm0plus.o
 .debug_macro   0x0001c3f8       0x22 ./psoc6sw-1.0/components/psoc6pdl/devices/psoc6/startup/system_psoc6_cm0plus.o
 .debug_macro   0x0001c41a       0xcf ./psoc6sw-1.0/components/psoc6pdl/devices/psoc6/startup/system_psoc6_cm0plus.o
 .debug_macro   0x0001c4e9       0x7b ./psoc6sw-1.0/components/psoc6pdl/devices/psoc6/startup/system_psoc6_cm0plus.o
 .debug_macro   0x0001c564       0x5e ./psoc6sw-1.0/components/psoc6pdl/devices/psoc6/startup/system_psoc6_cm0plus.o
 .debug_macro   0x0001c5c2      0x388 ./Source_cm0p/main.o
 .debug_macro   0x0001c94a       0xb9 ./Source_cm0p/main.o
 .debug_macro   0x0001ca03      0x5f2 ./Source_cm0p/main.o
 .debug_macro   0x0001cff5      0x510 ./Source_cm0p/main.o
 .debug_macro   0x0001d505      0x353 ./Source_cm0p/main.o
 .debug_macro   0x0001d858      0x2e3 ./Source_cm0p/main.o
 .debug_macro   0x0001db3b       0x1c ./Source_cm0p/main.o
 .debug_macro   0x0001db57       0xa0 ./Source_cm0p/main.o
 .debug_macro   0x0001dbf7       0x51 ./Source_cm0p/main.o
 .debug_macro   0x0001dc48      0x384 ./BlinkyLED04_config/GeneratedSource/cycfg.o
 .debug_macro   0x0001dfcc       0x2a ./BlinkyLED04_config/GeneratedSource/cycfg_connectivity.o
 .debug_macro   0x0001dff6       0x16 ./BlinkyLED04_config/GeneratedSource/cycfg_connectivity.o
 .debug_macro   0x0001e00c      0x346 ./BlinkyLED04_config/GeneratedSource/cycfg_pins.o
 .debug_macro   0x0001e352      0x3f4 ./BlinkyLED04_config/GeneratedSource/cycfg_platform.o
 .debug_macro   0x0001e746      0x329 ./BlinkyLED04_config/GeneratedSource/cycfg_platform.o
 .debug_macro   0x0001ea6f      0x186 C:/Users/ntan/git/BlinkyLED04/BlinkyLED04_mainapp_cm0p_psoc6pdl/Debug/libBlinkyLED04_mainapp_cm0p_psoc6pdl.a(cy_device.o)
 .debug_macro   0x0001ebf5      0x4f8 C:/Users/ntan/git/BlinkyLED04/BlinkyLED04_mainapp_cm0p_psoc6pdl/Debug/libBlinkyLED04_mainapp_cm0p_psoc6pdl.a(cy_flash.o)
 .debug_macro   0x0001f0ed       0x58 C:/Users/ntan/git/BlinkyLED04/BlinkyLED04_mainapp_cm0p_psoc6pdl/Debug/libBlinkyLED04_mainapp_cm0p_psoc6pdl.a(cy_flash.o)
 .debug_macro   0x0001f145      0x330 C:/Users/ntan/git/BlinkyLED04/BlinkyLED04_mainapp_cm0p_psoc6pdl/Debug/libBlinkyLED04_mainapp_cm0p_psoc6pdl.a(cy_gpio.o)
 .debug_macro   0x0001f475      0x323 C:/Users/ntan/git/BlinkyLED04/BlinkyLED04_mainapp_cm0p_psoc6pdl/Debug/libBlinkyLED04_mainapp_cm0p_psoc6pdl.a(cy_ipc_drv.o)
 .debug_macro   0x0001f798      0x347 C:/Users/ntan/git/BlinkyLED04/BlinkyLED04_mainapp_cm0p_psoc6pdl/Debug/libBlinkyLED04_mainapp_cm0p_psoc6pdl.a(cy_ipc_pipe.o)
 .debug_macro   0x0001fadf      0x3fc C:/Users/ntan/git/BlinkyLED04/BlinkyLED04_mainapp_cm0p_psoc6pdl/Debug/libBlinkyLED04_mainapp_cm0p_psoc6pdl.a(cy_ipc_sema.o)
 .debug_macro   0x0001fedb       0x58 C:/Users/ntan/git/BlinkyLED04/BlinkyLED04_mainapp_cm0p_psoc6pdl/Debug/libBlinkyLED04_mainapp_cm0p_psoc6pdl.a(cy_ipc_sema.o)
 .debug_macro   0x0001ff33       0x17 C:/Users/ntan/git/BlinkyLED04/BlinkyLED04_mainapp_cm0p_psoc6pdl/Debug/libBlinkyLED04_mainapp_cm0p_psoc6pdl.a(cy_ipc_sema.o)
 .debug_macro   0x0001ff4a       0x35 C:/Users/ntan/git/BlinkyLED04/BlinkyLED04_mainapp_cm0p_psoc6pdl/Debug/libBlinkyLED04_mainapp_cm0p_psoc6pdl.a(cy_ipc_sema.o)
 .debug_macro   0x0001ff7f       0x9c C:/Users/ntan/git/BlinkyLED04/BlinkyLED04_mainapp_cm0p_psoc6pdl/Debug/libBlinkyLED04_mainapp_cm0p_psoc6pdl.a(cy_ipc_sema.o)
 .debug_macro   0x0002001b       0x58 C:/Users/ntan/git/BlinkyLED04/BlinkyLED04_mainapp_cm0p_psoc6pdl/Debug/libBlinkyLED04_mainapp_cm0p_psoc6pdl.a(cy_ipc_sema.o)
 .debug_macro   0x00020073       0x1f C:/Users/ntan/git/BlinkyLED04/BlinkyLED04_mainapp_cm0p_psoc6pdl/Debug/libBlinkyLED04_mainapp_cm0p_psoc6pdl.a(cy_ipc_sema.o)
 .debug_macro   0x00020092       0x43 C:/Users/ntan/git/BlinkyLED04/BlinkyLED04_mainapp_cm0p_psoc6pdl/Debug/libBlinkyLED04_mainapp_cm0p_psoc6pdl.a(cy_ipc_sema.o)
 .debug_macro   0x000200d5       0x20 C:/Users/ntan/git/BlinkyLED04/BlinkyLED04_mainapp_cm0p_psoc6pdl/Debug/libBlinkyLED04_mainapp_cm0p_psoc6pdl.a(cy_ipc_sema.o)
 .debug_macro   0x000200f5      0x18e C:/Users/ntan/git/BlinkyLED04/BlinkyLED04_mainapp_cm0p_psoc6pdl/Debug/libBlinkyLED04_mainapp_cm0p_psoc6pdl.a(cy_ipc_sema.o)
 .debug_macro   0x00020283      0x32a C:/Users/ntan/git/BlinkyLED04/BlinkyLED04_mainapp_cm0p_psoc6pdl/Debug/libBlinkyLED04_mainapp_cm0p_psoc6pdl.a(cy_ipc_sema.o)
 .debug_macro   0x000205ad       0x10 C:/Users/ntan/git/BlinkyLED04/BlinkyLED04_mainapp_cm0p_psoc6pdl/Debug/libBlinkyLED04_mainapp_cm0p_psoc6pdl.a(cy_ipc_sema.o)
 .debug_macro   0x000205bd       0x35 C:/Users/ntan/git/BlinkyLED04/BlinkyLED04_mainapp_cm0p_psoc6pdl/Debug/libBlinkyLED04_mainapp_cm0p_psoc6pdl.a(cy_ipc_sema.o)
 .debug_macro   0x000205f2      0x54f C:/Users/ntan/git/BlinkyLED04/BlinkyLED04_mainapp_cm0p_psoc6pdl/Debug/libBlinkyLED04_mainapp_cm0p_psoc6pdl.a(cy_sysclk.o)
 .debug_macro   0x00020b41      0x1e1 C:/Users/ntan/git/BlinkyLED04/BlinkyLED04_mainapp_cm0p_psoc6pdl/Debug/libBlinkyLED04_mainapp_cm0p_psoc6pdl.a(cy_sysclk.o)
 .debug_macro   0x00020d22       0x16 C:/Users/ntan/git/BlinkyLED04/BlinkyLED04_mainapp_cm0p_psoc6pdl/Debug/libBlinkyLED04_mainapp_cm0p_psoc6pdl.a(cy_sysclk.o)
 .debug_macro   0x00020d38       0x16 C:/Users/ntan/git/BlinkyLED04/BlinkyLED04_mainapp_cm0p_psoc6pdl/Debug/libBlinkyLED04_mainapp_cm0p_psoc6pdl.a(cy_sysclk.o)
 .debug_macro   0x00020d4e       0x29 C:/Users/ntan/git/BlinkyLED04/BlinkyLED04_mainapp_cm0p_psoc6pdl/Debug/libBlinkyLED04_mainapp_cm0p_psoc6pdl.a(cy_sysclk.o)
 .debug_macro   0x00020d77      0x324 C:/Users/ntan/git/BlinkyLED04/BlinkyLED04_mainapp_cm0p_psoc6pdl/Debug/libBlinkyLED04_mainapp_cm0p_psoc6pdl.a(cy_sysint.o)
 .debug_macro   0x0002109b      0x40e C:/Users/ntan/git/BlinkyLED04/BlinkyLED04_mainapp_cm0p_psoc6pdl/Debug/libBlinkyLED04_mainapp_cm0p_psoc6pdl.a(cy_syslib.o)
 .debug_macro   0x000214a9      0x501 C:/Users/ntan/git/BlinkyLED04/BlinkyLED04_mainapp_cm0p_psoc6pdl/Debug/libBlinkyLED04_mainapp_cm0p_psoc6pdl.a(cy_syspm.o)
 .debug_macro   0x000219aa      0x170 C:/Users/ntan/git/BlinkyLED04/BlinkyLED04_mainapp_cm0p_psoc6pdl/Debug/libBlinkyLED04_mainapp_cm0p_psoc6pdl.a(cy_syspm.o)
 .debug_macro   0x00021b1a      0x319 C:/Users/ntan/git/BlinkyLED04/BlinkyLED04_mainapp_cm0p_psoc6pdl/Debug/libBlinkyLED04_mainapp_cm0p_psoc6pdl.a(cy_wdt.o)
 .debug_macro   0x00021e33       0x58 C:/Users/ntan/git/BlinkyLED04/BlinkyLED04_mainapp_cm0p_psoc6pdl/Debug/libBlinkyLED04_mainapp_cm0p_psoc6pdl.a(cy_wdt.o)
 .debug_macro   0x00021e8b      0x32f C:/Users/ntan/git/BlinkyLED04/BlinkyLED04_mainapp_cm0p_psoc6pdl/Debug/libBlinkyLED04_mainapp_cm0p_psoc6pdl.a(cy_prot.o)

.debug_frame    0x00000000     0x1408
 .debug_frame   0x00000000       0xe0 ./psoc6sw-1.0/components/psoc6pdl/devices/psoc6/startup/system_psoc6_cm0plus.o
 .debug_frame   0x000000e0       0x28 ./Source_cm0p/main.o
 .debug_frame   0x00000108       0x28 ./BlinkyLED04_config/GeneratedSource/cycfg.o
 .debug_frame   0x00000130       0x20 ./BlinkyLED04_config/GeneratedSource/cycfg_connectivity.o
 .debug_frame   0x00000150       0x28 ./BlinkyLED04_config/GeneratedSource/cycfg_pins.o
 .debug_frame   0x00000178       0x3c ./BlinkyLED04_config/GeneratedSource/cycfg_platform.o
 .debug_frame   0x000001b4       0x20 C:/Users/ntan/git/BlinkyLED04/BlinkyLED04_mainapp_cm0p_psoc6pdl/Debug/libBlinkyLED04_mainapp_cm0p_psoc6pdl.a(cy_device.o)
 .debug_frame   0x000001d4      0x1dc C:/Users/ntan/git/BlinkyLED04/BlinkyLED04_mainapp_cm0p_psoc6pdl/Debug/libBlinkyLED04_mainapp_cm0p_psoc6pdl.a(cy_flash.o)
 .debug_frame   0x000003b0       0xd0 C:/Users/ntan/git/BlinkyLED04/BlinkyLED04_mainapp_cm0p_psoc6pdl/Debug/libBlinkyLED04_mainapp_cm0p_psoc6pdl.a(cy_gpio.o)
 .debug_frame   0x00000480       0x64 C:/Users/ntan/git/BlinkyLED04/BlinkyLED04_mainapp_cm0p_psoc6pdl/Debug/libBlinkyLED04_mainapp_cm0p_psoc6pdl.a(cy_ipc_drv.o)
 .debug_frame   0x000004e4      0x128 C:/Users/ntan/git/BlinkyLED04/BlinkyLED04_mainapp_cm0p_psoc6pdl/Debug/libBlinkyLED04_mainapp_cm0p_psoc6pdl.a(cy_ipc_pipe.o)
 .debug_frame   0x0000060c       0xa4 C:/Users/ntan/git/BlinkyLED04/BlinkyLED04_mainapp_cm0p_psoc6pdl/Debug/libBlinkyLED04_mainapp_cm0p_psoc6pdl.a(cy_ipc_sema.o)
 .debug_frame   0x000006b0      0x21c C:/Users/ntan/git/BlinkyLED04/BlinkyLED04_mainapp_cm0p_psoc6pdl/Debug/libBlinkyLED04_mainapp_cm0p_psoc6pdl.a(cy_sysclk.o)
 .debug_frame   0x000008cc       0xd4 C:/Users/ntan/git/BlinkyLED04/BlinkyLED04_mainapp_cm0p_psoc6pdl/Debug/libBlinkyLED04_mainapp_cm0p_psoc6pdl.a(cy_sysint.o)
 .debug_frame   0x000009a0      0x120 C:/Users/ntan/git/BlinkyLED04/BlinkyLED04_mainapp_cm0p_psoc6pdl/Debug/libBlinkyLED04_mainapp_cm0p_psoc6pdl.a(cy_syslib.o)
 .debug_frame   0x00000ac0      0x34c C:/Users/ntan/git/BlinkyLED04/BlinkyLED04_mainapp_cm0p_psoc6pdl/Debug/libBlinkyLED04_mainapp_cm0p_psoc6pdl.a(cy_syspm.o)
 .debug_frame   0x00000e0c       0xb0 C:/Users/ntan/git/BlinkyLED04/BlinkyLED04_mainapp_cm0p_psoc6pdl/Debug/libBlinkyLED04_mainapp_cm0p_psoc6pdl.a(cy_wdt.o)
 .debug_frame   0x00000ebc      0x4e0 C:/Users/ntan/git/BlinkyLED04/BlinkyLED04_mainapp_cm0p_psoc6pdl/Debug/libBlinkyLED04_mainapp_cm0p_psoc6pdl.a(cy_prot.o)
 .debug_frame   0x0000139c       0x20 c:/users/ntan/modustoolbox_1.0/tools/gcc-7.2.1-1.0/bin/../lib/gcc/arm-none-eabi/7.2.1/thumb/v6-m\libgcc.a(_udivsi3.o)
 .debug_frame   0x000013bc       0x20 c:/users/ntan/modustoolbox_1.0/tools/gcc-7.2.1-1.0/bin/../lib/gcc/arm-none-eabi/7.2.1/../../../../arm-none-eabi/lib/thumb/v6-m\libg_nano.a(lib_a-memset.o)
 .debug_frame   0x000013dc       0x2c c:/users/ntan/modustoolbox_1.0/tools/gcc-7.2.1-1.0/bin/../lib/gcc/arm-none-eabi/7.2.1/../../../../arm-none-eabi/lib/thumb/v6-m\libg_nano.a(lib_a-strncpy.o)
